ptxas info    : Overriding maximum register limit 256 for 'rms_norm_f32' with  64 of maxrregcount option
ptxas info    : Overriding maximum register limit 256 for 'residual_norm_bf16' with  64 of maxrregcount option
ptxas info    : Overriding maximum register limit 256 for 'residual_add_bf16' with  64 of maxrregcount option
ptxas info    : Overriding maximum register limit 256 for 'probe_shared_load' with  64 of maxrregcount option
ptxas info    : Overriding maximum register limit 256 for 'probe_register_budget' with  64 of maxrregcount option
ptxas info    : Overriding maximum register limit 256 for 'probe_nvfp4_mma' with  64 of maxrregcount option
ptxas info    : Overriding maximum register limit 256 for 'probe_int8_mma' with  64 of maxrregcount option
ptxas info    : Overriding maximum register limit 256 for 'probe_fp16_mma' with  64 of maxrregcount option
ptxas info    : Overriding maximum register limit 256 for 'probe_bf16_mma' with  64 of maxrregcount option
ptxas info    : Overriding maximum register limit 256 for 'nvfp4_quantize_bf16' with  64 of maxrregcount option
ptxas info    : Overriding maximum register limit 256 for 'nvfp4_linear' with  64 of maxrregcount option
ptxas info    : Overriding maximum register limit 256 for 'nvfp4_gemm_packed' with  64 of maxrregcount option
ptxas info    : Overriding maximum register limit 256 for 'mlp_silu_product' with  64 of maxrregcount option
ptxas info    : Overriding maximum register limit 256 for 'gdn_recurrent' with  64 of maxrregcount option
ptxas info    : Overriding maximum register limit 256 for 'gdn_qk_norm' with  64 of maxrregcount option
ptxas info    : Overriding maximum register limit 256 for 'gdn_gates' with  64 of maxrregcount option
ptxas info    : Overriding maximum register limit 256 for 'gdn_gated_rms_norm' with  64 of maxrregcount option
ptxas info    : Overriding maximum register limit 256 for 'fp8_quantize_bf16' with  64 of maxrregcount option
ptxas info    : Overriding maximum register limit 256 for 'fp8_linear' with  64 of maxrregcount option
ptxas info    : Overriding maximum register limit 256 for 'embedding_norm_bf16' with  64 of maxrregcount option
ptxas info    : Overriding maximum register limit 256 for 'causal_conv4_bf16' with  64 of maxrregcount option
ptxas info    : Overriding maximum register limit 256 for 'bf16_linear' with  64 of maxrregcount option
ptxas info    : Overriding maximum register limit 256 for 'attention_qk_prepare' with  64 of maxrregcount option
ptxas info    : 0 bytes gmem
ptxas info    : Compiling entry function 'rms_norm_f32' for 'sm_120a'
ptxas info    : Function properties for rms_norm_f32
    0 bytes stack frame, 0 bytes spill stores, 0 bytes spill loads
ptxas info    : Used 22 registers, used 1 barriers, 1024 bytes smem
ptxas info    : Compile time = 9.002 ms
ptxas info    : Compiling entry function 'residual_norm_bf16' for 'sm_120a'
ptxas info    : Function properties for residual_norm_bf16
    0 bytes stack frame, 0 bytes spill stores, 0 bytes spill loads
ptxas info    : Used 22 registers, used 1 barriers, 1024 bytes smem
ptxas info    : Compile time = 7.915 ms
ptxas info    : Compiling entry function 'residual_add_bf16' for 'sm_120a'
ptxas info    : Function properties for residual_add_bf16
    0 bytes stack frame, 0 bytes spill stores, 0 bytes spill loads
ptxas info    : Used 14 registers, used 0 barriers
ptxas info    : Compile time = 0.823 ms
ptxas info    : Compiling entry function 'probe_shared_load' for 'sm_120a'
ptxas info    : Function properties for probe_shared_load
    0 bytes stack frame, 0 bytes spill stores, 0 bytes spill loads
ptxas info    : Used 14 registers, used 1 barriers, 512 bytes smem
ptxas info    : Compile time = 1.292 ms
ptxas info    : Compiling entry function 'probe_register_budget' for 'sm_120a'
ptxas info    : Function properties for probe_register_budget
    0 bytes stack frame, 0 bytes spill stores, 0 bytes spill loads
ptxas info    : Used 64 registers, used 1 barriers
ptxas info    : Compile time = 0.854 ms
ptxas info    : Compiling entry function 'probe_nvfp4_mma' for 'sm_120a'
ptxas info    : Function properties for probe_nvfp4_mma
    0 bytes stack frame, 0 bytes spill stores, 0 bytes spill loads
ptxas info    : Used 20 registers, used 0 barriers
ptxas info    : Compile time = 0.952 ms
ptxas info    : Compiling entry function 'probe_int8_mma' for 'sm_120a'
ptxas info    : Function properties for probe_int8_mma
    0 bytes stack frame, 0 bytes spill stores, 0 bytes spill loads
ptxas info    : Used 18 registers, used 0 barriers
ptxas info    : Compile time = 0.729 ms
ptxas info    : Compiling entry function 'probe_fp16_mma' for 'sm_120a'
ptxas info    : Function properties for probe_fp16_mma
    0 bytes stack frame, 0 bytes spill stores, 0 bytes spill loads
ptxas info    : Used 18 registers, used 0 barriers
ptxas info    : Compile time = 0.720 ms
ptxas info    : Compiling entry function 'probe_bf16_mma' for 'sm_120a'
ptxas info    : Function properties for probe_bf16_mma
    0 bytes stack frame, 0 bytes spill stores, 0 bytes spill loads
ptxas info    : Used 18 registers, used 0 barriers
ptxas info    : Compile time = 0.722 ms
ptxas info    : Compiling entry function 'nvfp4_quantize_bf16' for 'sm_120a'
ptxas info    : Function properties for nvfp4_quantize_bf16
    0 bytes stack frame, 0 bytes spill stores, 0 bytes spill loads
ptxas info    : Used 21 registers, used 0 barriers
ptxas info    : Compile time = 8.193 ms
ptxas info    : Compiling entry function 'nvfp4_linear' for 'sm_120a'
ptxas info    : Function properties for nvfp4_linear
    0 bytes stack frame, 0 bytes spill stores, 0 bytes spill loads
ptxas info    : Used 48 registers, used 0 barriers
ptxas info    : Compile time = 9.122 ms
ptxas info    : Compiling entry function 'nvfp4_gemm_packed' for 'sm_120a'
ptxas info    : Function properties for nvfp4_gemm_packed
    0 bytes stack frame, 0 bytes spill stores, 0 bytes spill loads
ptxas info    : Used 57 registers, used 0 barriers
ptxas info    : Compile time = 7.140 ms
ptxas info    : Compiling entry function 'mlp_silu_product' for 'sm_120a'
ptxas info    : Function properties for mlp_silu_product
    0 bytes stack frame, 0 bytes spill stores, 0 bytes spill loads
ptxas info    : Used 20 registers, used 0 barriers
ptxas info    : Compile time = 4.583 ms
ptxas info    : Compiling entry function 'gdn_recurrent' for 'sm_120a'
ptxas info    : Function properties for gdn_recurrent
    0 bytes stack frame, 0 bytes spill stores, 0 bytes spill loads
ptxas info    : Used 37 registers, used 0 barriers
ptxas info    : Compile time = 8.748 ms
ptxas info    : Function properties for _RNvNtCsh1ITmHSuwn0_4core9panicking9panic_fmt
    0 bytes stack frame, 0 bytes spill stores, 0 bytes spill loads
ptxas info    : Function properties for _RNvNtNtCsh1ITmHSuwn0_4core9panicking11panic_const23panic_const_div_by_zero
    0 bytes stack frame, 0 bytes spill stores, 0 bytes spill loads
ptxas info    : Compiling entry function 'gdn_qk_norm' for 'sm_120a'
ptxas info    : Function properties for gdn_qk_norm
    0 bytes stack frame, 0 bytes spill stores, 0 bytes spill loads
ptxas info    : Used 23 registers, used 1 barriers, 2048 bytes smem
ptxas info    : Compile time = 9.651 ms
ptxas info    : Function properties for _RNvNtCsh1ITmHSuwn0_4core9panicking9panic_fmt
    0 bytes stack frame, 0 bytes spill stores, 0 bytes spill loads
ptxas info    : Function properties for _RNvNtNtCsh1ITmHSuwn0_4core9panicking11panic_const23panic_const_div_by_zero
    0 bytes stack frame, 0 bytes spill stores, 0 bytes spill loads
ptxas info    : Compiling entry function 'gdn_gates' for 'sm_120a'
ptxas info    : Function properties for gdn_gates
    0 bytes stack frame, 0 bytes spill stores, 0 bytes spill loads
ptxas info    : Used 21 registers, used 0 barriers
ptxas info    : Compile time = 7.920 ms
ptxas info    : Function properties for _RNvNtCsh1ITmHSuwn0_4core9panicking9panic_fmt
    0 bytes stack frame, 0 bytes spill stores, 0 bytes spill loads
ptxas info    : Function properties for _RNvNtNtCsh1ITmHSuwn0_4core9panicking11panic_const23panic_const_rem_by_zero
    0 bytes stack frame, 0 bytes spill stores, 0 bytes spill loads
ptxas info    : Compiling entry function 'gdn_gated_rms_norm' for 'sm_120a'
ptxas info    : Function properties for gdn_gated_rms_norm
    0 bytes stack frame, 0 bytes spill stores, 0 bytes spill loads
ptxas info    : Used 23 registers, used 1 barriers, 1024 bytes smem
ptxas info    : Compile time = 8.102 ms
ptxas info    : Compiling entry function 'fp8_quantize_bf16' for 'sm_120a'
ptxas info    : Function properties for fp8_quantize_bf16
    0 bytes stack frame, 0 bytes spill stores, 0 bytes spill loads
ptxas info    : Used 22 registers, used 1 barriers, 1024 bytes smem
ptxas info    : Compile time = 8.912 ms
ptxas info    : Compiling entry function 'fp8_linear' for 'sm_120a'
ptxas info    : Function properties for fp8_linear
    0 bytes stack frame, 0 bytes spill stores, 0 bytes spill loads
ptxas info    : Used 35 registers, used 0 barriers
ptxas info    : Compile time = 7.275 ms
ptxas info    : Compiling entry function 'embedding_norm_bf16' for 'sm_120a'
ptxas info    : Function properties for embedding_norm_bf16
    0 bytes stack frame, 0 bytes spill stores, 0 bytes spill loads
ptxas info    : Used 22 registers, used 1 barriers, 1024 bytes smem
ptxas info    : Compile time = 7.482 ms
ptxas info    : Compiling entry function 'causal_conv4_bf16' for 'sm_120a'
ptxas info    : Function properties for causal_conv4_bf16
    0 bytes stack frame, 0 bytes spill stores, 0 bytes spill loads
ptxas info    : Used 26 registers, used 0 barriers
ptxas info    : Compile time = 10.008 ms
ptxas info    : Function properties for _RNvNtCsh1ITmHSuwn0_4core9panicking9panic_fmt
    0 bytes stack frame, 0 bytes spill stores, 0 bytes spill loads
ptxas info    : Function properties for _RNvNtNtCsh1ITmHSuwn0_4core9panicking11panic_const23panic_const_div_by_zero
    0 bytes stack frame, 0 bytes spill stores, 0 bytes spill loads
ptxas info    : Compiling entry function 'bf16_linear' for 'sm_120a'
ptxas info    : Function properties for bf16_linear
    0 bytes stack frame, 0 bytes spill stores, 0 bytes spill loads
ptxas info    : Used 34 registers, used 0 barriers
ptxas info    : Compile time = 5.498 ms
ptxas info    : Compiling entry function 'attention_qk_prepare' for 'sm_120a'
ptxas info    : Function properties for attention_qk_prepare
    0 bytes stack frame, 0 bytes spill stores, 0 bytes spill loads
ptxas info    : Used 32 registers, used 1 barriers, 1024 bytes smem
ptxas info    : Compile time = 10.863 ms
ptxas info    : Function properties for _RNvNtCsh1ITmHSuwn0_4core9panicking9panic_fmt
    0 bytes stack frame, 0 bytes spill stores, 0 bytes spill loads
ptxas info    : Function properties for _RNvNtNtCsh1ITmHSuwn0_4core9panicking11panic_const23panic_const_div_by_zero
    0 bytes stack frame, 0 bytes spill stores, 0 bytes spill loads
ptxas info    : Function properties for _RNvNtNtCsh1ITmHSuwn0_4core9panicking11panic_const23panic_const_rem_by_zero
    0 bytes stack frame, 0 bytes spill stores, 0 bytes spill loads
