/home/ndizazzo/dev/mesh/issue1393-q4-snapshot-20260930/crates/mesh-specialize/reference/arithmetic.rs: OK
/home/ndizazzo/dev/mesh/issue1393-q4-snapshot-20260930/crates/mesh-specialize/reference/attention_gate.rs: OK
/home/ndizazzo/dev/mesh/issue1393-q4-snapshot-20260930/crates/mesh-specialize/reference/attention_online.rs: OK
/home/ndizazzo/dev/mesh/issue1393-q4-snapshot-20260930/crates/mesh-specialize/reference/attention_prepare.rs: OK
/home/ndizazzo/dev/mesh/issue1393-q4-snapshot-20260930/crates/mesh-specialize/reference/attention_v2.rs: OK
/home/ndizazzo/dev/mesh/issue1393-q4-snapshot-20260930/crates/mesh-specialize/reference/attention_warp_fp64.rs: OK
/home/ndizazzo/dev/mesh/issue1393-q4-snapshot-20260930/crates/mesh-specialize/reference/bf16_ab_decode_fp32.rs: OK
/home/ndizazzo/dev/mesh/issue1393-q4-snapshot-20260930/crates/mesh-specialize/reference/causal_attention.rs: OK
/home/ndizazzo/dev/mesh/issue1393-q4-snapshot-20260930/crates/mesh-specialize/reference/causal_conv4.rs: OK
/home/ndizazzo/dev/mesh/issue1393-q4-snapshot-20260930/crates/mesh-specialize/reference/decoder_attention.rs: OK
/home/ndizazzo/dev/mesh/issue1393-q4-snapshot-20260930/crates/mesh-specialize/reference/decoder_gdn.rs: OK
/home/ndizazzo/dev/mesh/issue1393-q4-snapshot-20260930/crates/mesh-specialize/reference/decoder_mlp.rs: OK
/home/ndizazzo/dev/mesh/issue1393-q4-snapshot-20260930/crates/mesh-specialize/reference/decoder_ops.rs: OK
/home/ndizazzo/dev/mesh/issue1393-q4-snapshot-20260930/crates/mesh-specialize/reference/embedding_norm.rs: OK
/home/ndizazzo/dev/mesh/issue1393-q4-snapshot-20260930/crates/mesh-specialize/reference/exponential_unrolled.rs: OK
/home/ndizazzo/dev/mesh/issue1393-q4-snapshot-20260930/crates/mesh-specialize/reference/fp8_a16_decode.rs: OK
/home/ndizazzo/dev/mesh/issue1393-q4-snapshot-20260930/crates/mesh-specialize/reference/fp8_a16_head.rs: OK
/home/ndizazzo/dev/mesh/issue1393-q4-snapshot-20260930/crates/mesh-specialize/reference/fp8_embedding_gather.rs: OK
/home/ndizazzo/dev/mesh/issue1393-q4-snapshot-20260930/crates/mesh-specialize/reference/fp8_mlp.rs: OK
/home/ndizazzo/dev/mesh/issue1393-q4-snapshot-20260930/crates/mesh-specialize/reference/fp8_native_prefill.rs: OK
/home/ndizazzo/dev/mesh/issue1393-q4-snapshot-20260930/crates/mesh-specialize/reference/fp8_swiglu_exact.rs: OK
/home/ndizazzo/dev/mesh/issue1393-q4-snapshot-20260930/crates/mesh-specialize/reference/gated_rms_norm.rs: OK
/home/ndizazzo/dev/mesh/issue1393-q4-snapshot-20260930/crates/mesh-specialize/reference/gdn_chunked.rs: OK
/home/ndizazzo/dev/mesh/issue1393-q4-snapshot-20260930/crates/mesh-specialize/reference/gdn_gates_f32_params.rs: OK
/home/ndizazzo/dev/mesh/issue1393-q4-snapshot-20260930/crates/mesh-specialize/reference/gdn_prepare.rs: OK
/home/ndizazzo/dev/mesh/issue1393-q4-snapshot-20260930/crates/mesh-specialize/reference/gdn_recurrent.rs: OK
/home/ndizazzo/dev/mesh/issue1393-q4-snapshot-20260930/crates/mesh-specialize/reference/gdn_replay.rs: OK
/home/ndizazzo/dev/mesh/issue1393-q4-snapshot-20260930/crates/mesh-specialize/reference/graph_position.rs: OK
/home/ndizazzo/dev/mesh/issue1393-q4-snapshot-20260930/crates/mesh-specialize/reference/greedy_bf16.rs: OK
/home/ndizazzo/dev/mesh/issue1393-q4-snapshot-20260930/crates/mesh-specialize/reference/kv_fp8.rs: OK
/home/ndizazzo/dev/mesh/issue1393-q4-snapshot-20260930/crates/mesh-specialize/reference/layer_comparison.rs: OK
/home/ndizazzo/dev/mesh/issue1393-q4-snapshot-20260930/crates/mesh-specialize/reference/mlp_activation.rs: OK
/home/ndizazzo/dev/mesh/issue1393-q4-snapshot-20260930/crates/mesh-specialize/reference/mtp.rs: OK
/home/ndizazzo/dev/mesh/issue1393-q4-snapshot-20260930/crates/mesh-specialize/reference/native_mtp_q4_gemv.rs: OK
/home/ndizazzo/dev/mesh/issue1393-q4-snapshot-20260930/crates/mesh-specialize/reference/native_mtp_q8_gemv.rs: OK
/home/ndizazzo/dev/mesh/issue1393-q4-snapshot-20260930/crates/mesh-specialize/reference/native_mtp_q8_projection.rs: OK
/home/ndizazzo/dev/mesh/issue1393-q4-snapshot-20260930/crates/mesh-specialize/reference/native_mtp_q8_sliced_k_fc.rs: OK
/home/ndizazzo/dev/mesh/issue1393-q4-snapshot-20260930/crates/mesh-specialize/reference/native_mtp_quantized.rs: OK
/home/ndizazzo/dev/mesh/issue1393-q4-snapshot-20260930/crates/mesh-specialize/reference/native_mtp_quantized/error.rs: OK
/home/ndizazzo/dev/mesh/issue1393-q4-snapshot-20260930/crates/mesh-specialize/reference/native_mtp_quantized/head.rs: OK
/home/ndizazzo/dev/mesh/issue1393-q4-snapshot-20260930/crates/mesh-specialize/reference/native_mtp_quantized/row.rs: OK
/home/ndizazzo/dev/mesh/issue1393-q4-snapshot-20260930/crates/mesh-specialize/reference/native_mtp_quantized/row_tests.rs: OK
/home/ndizazzo/dev/mesh/issue1393-q4-snapshot-20260930/crates/mesh-specialize/reference/native_mtp_quantized/view_tests.rs: OK
/home/ndizazzo/dev/mesh/issue1393-q4-snapshot-20260930/crates/mesh-specialize/reference/native_mtp_quantized/views.rs: OK
/home/ndizazzo/dev/mesh/issue1393-q4-snapshot-20260930/crates/mesh-specialize/reference/nvfp4_decode_prmt.rs: OK
/home/ndizazzo/dev/mesh/issue1393-q4-snapshot-20260930/crates/mesh-specialize/reference/nvfp4_linear.rs: OK
/home/ndizazzo/dev/mesh/issue1393-q4-snapshot-20260930/crates/mesh-specialize/reference/nvfp4_prefill_tiled.rs: OK
/home/ndizazzo/dev/mesh/issue1393-q4-snapshot-20260930/crates/mesh-specialize/reference/nvfp4_quantize.rs: OK
/home/ndizazzo/dev/mesh/issue1393-q4-snapshot-20260930/crates/mesh-specialize/reference/projections.rs: OK
/home/ndizazzo/dev/mesh/issue1393-q4-snapshot-20260930/crates/mesh-specialize/reference/qwen_attention_layer.rs: OK
/home/ndizazzo/dev/mesh/issue1393-q4-snapshot-20260930/crates/mesh-specialize/reference/qwen_gdn_layer.rs: OK
/home/ndizazzo/dev/mesh/issue1393-q4-snapshot-20260930/crates/mesh-specialize/reference/resident_entry.rs: OK
/home/ndizazzo/dev/mesh/issue1393-q4-snapshot-20260930/crates/mesh-specialize/reference/residual_add.rs: OK
/home/ndizazzo/dev/mesh/issue1393-q4-snapshot-20260930/crates/mesh-specialize/reference/residual_norm.rs: OK
/home/ndizazzo/dev/mesh/issue1393-q4-snapshot-20260930/crates/mesh-specialize/reference/row_logprob_topk.rs: OK
/home/ndizazzo/dev/mesh/issue1393-q4-snapshot-20260930/crates/mesh-specialize/src/artifact.rs: OK
/home/ndizazzo/dev/mesh/issue1393-q4-snapshot-20260930/crates/mesh-specialize/src/artifact/header.rs: OK
/home/ndizazzo/dev/mesh/issue1393-q4-snapshot-20260930/crates/mesh-specialize/src/artifact/identity.rs: OK
/home/ndizazzo/dev/mesh/issue1393-q4-snapshot-20260930/crates/mesh-specialize/src/artifact/model_source.rs: OK
/home/ndizazzo/dev/mesh/issue1393-q4-snapshot-20260930/crates/mesh-specialize/src/artifact/ninfer.rs: OK
/home/ndizazzo/dev/mesh/issue1393-q4-snapshot-20260930/crates/mesh-specialize/src/artifact/ninfer_schema.rs: OK
/home/ndizazzo/dev/mesh/issue1393-q4-snapshot-20260930/crates/mesh-specialize/src/artifact/ninfer_tests.rs: OK
/home/ndizazzo/dev/mesh/issue1393-q4-snapshot-20260930/crates/mesh-specialize/src/artifact/reader.rs: OK
/home/ndizazzo/dev/mesh/issue1393-q4-snapshot-20260930/crates/mesh-specialize/src/artifact/reader_tests.rs: OK
/home/ndizazzo/dev/mesh/issue1393-q4-snapshot-20260930/crates/mesh-specialize/src/artifact/schema.rs: OK
/home/ndizazzo/dev/mesh/issue1393-q4-snapshot-20260930/crates/mesh-specialize/src/artifact/writer.rs: OK
/home/ndizazzo/dev/mesh/issue1393-q4-snapshot-20260930/crates/mesh-specialize/src/artifact/writer_tests.rs: OK
/home/ndizazzo/dev/mesh/issue1393-q4-snapshot-20260930/crates/mesh-specialize/src/checkpoint.rs: OK
/home/ndizazzo/dev/mesh/issue1393-q4-snapshot-20260930/crates/mesh-specialize/src/checkpoint/qwen3_8_intake.rs: OK
/home/ndizazzo/dev/mesh/issue1393-q4-snapshot-20260930/crates/mesh-specialize/src/checkpoint/qwen3_8_recipe.rs: OK
/home/ndizazzo/dev/mesh/issue1393-q4-snapshot-20260930/crates/mesh-specialize/src/checkpoint/qwen3_8_recipe_tests.rs: OK
/home/ndizazzo/dev/mesh/issue1393-q4-snapshot-20260930/crates/mesh-specialize/src/checkpoint/safetensors.rs: OK
/home/ndizazzo/dev/mesh/issue1393-q4-snapshot-20260930/crates/mesh-specialize/src/checkpoint/safetensors_tests.rs: OK
/home/ndizazzo/dev/mesh/issue1393-q4-snapshot-20260930/crates/mesh-specialize/src/engine.rs: OK
/home/ndizazzo/dev/mesh/issue1393-q4-snapshot-20260930/crates/mesh-specialize/src/engine/layout.rs: OK
/home/ndizazzo/dev/mesh/issue1393-q4-snapshot-20260930/crates/mesh-specialize/src/engine/logit_quality.rs: OK
/home/ndizazzo/dev/mesh/issue1393-q4-snapshot-20260930/crates/mesh-specialize/src/engine/prefill_chunks.rs: OK
/home/ndizazzo/dev/mesh/issue1393-q4-snapshot-20260930/crates/mesh-specialize/src/engine/prefix_cache.rs: OK
/home/ndizazzo/dev/mesh/issue1393-q4-snapshot-20260930/crates/mesh-specialize/src/engine/rope.rs: OK
/home/ndizazzo/dev/mesh/issue1393-q4-snapshot-20260930/crates/mesh-specialize/src/engine/sampling.rs: OK
/home/ndizazzo/dev/mesh/issue1393-q4-snapshot-20260930/crates/mesh-specialize/src/engine/session.rs: OK
/home/ndizazzo/dev/mesh/issue1393-q4-snapshot-20260930/crates/mesh-specialize/src/engine/teacher_scoring.rs: OK
/home/ndizazzo/dev/mesh/issue1393-q4-snapshot-20260930/crates/mesh-specialize/src/engine/workspace.rs: OK
/home/ndizazzo/dev/mesh/issue1393-q4-snapshot-20260930/crates/mesh-specialize/src/kernels.rs: OK
/home/ndizazzo/dev/mesh/issue1393-q4-snapshot-20260930/crates/mesh-specialize/src/kernels/ab_schedule.rs: OK
/home/ndizazzo/dev/mesh/issue1393-q4-snapshot-20260930/crates/mesh-specialize/src/kernels/attention_profile.rs: OK
/home/ndizazzo/dev/mesh/issue1393-q4-snapshot-20260930/crates/mesh-specialize/src/kernels/attention_staged_plan.rs: OK
/home/ndizazzo/dev/mesh/issue1393-q4-snapshot-20260930/crates/mesh-specialize/src/kernels/attention_staged_plan_tests.rs: OK
/home/ndizazzo/dev/mesh/issue1393-q4-snapshot-20260930/crates/mesh-specialize/src/kernels/attention_v2_plan.rs: OK
/home/ndizazzo/dev/mesh/issue1393-q4-snapshot-20260930/crates/mesh-specialize/src/kernels/attention_warp_plan.rs: OK
/home/ndizazzo/dev/mesh/issue1393-q4-snapshot-20260930/crates/mesh-specialize/src/kernels/cuda/._resident_target_batch_entry.rs: OK
/home/ndizazzo/dev/mesh/issue1393-q4-snapshot-20260930/crates/mesh-specialize/src/kernels/cuda/._resident_target_batch_trial.rs: OK
/home/ndizazzo/dev/mesh/issue1393-q4-snapshot-20260930/crates/mesh-specialize/src/kernels/cuda/a16_head_trial.rs: OK
/home/ndizazzo/dev/mesh/issue1393-q4-snapshot-20260930/crates/mesh-specialize/src/kernels/cuda/attention.rs: OK
/home/ndizazzo/dev/mesh/issue1393-q4-snapshot-20260930/crates/mesh-specialize/src/kernels/cuda/attention_audit.rs: OK
/home/ndizazzo/dev/mesh/issue1393-q4-snapshot-20260930/crates/mesh-specialize/src/kernels/cuda/attention_core.rs: OK
/home/ndizazzo/dev/mesh/issue1393-q4-snapshot-20260930/crates/mesh-specialize/src/kernels/cuda/attention_finish.rs: OK
/home/ndizazzo/dev/mesh/issue1393-q4-snapshot-20260930/crates/mesh-specialize/src/kernels/cuda/attention_gate.rs: OK
/home/ndizazzo/dev/mesh/issue1393-q4-snapshot-20260930/crates/mesh-specialize/src/kernels/cuda/attention_prepare.rs: OK
/home/ndizazzo/dev/mesh/issue1393-q4-snapshot-20260930/crates/mesh-specialize/src/kernels/cuda/attention_staged_launch.rs: OK
/home/ndizazzo/dev/mesh/issue1393-q4-snapshot-20260930/crates/mesh-specialize/src/kernels/cuda/attention_staged_trial.rs: OK
/home/ndizazzo/dev/mesh/issue1393-q4-snapshot-20260930/crates/mesh-specialize/src/kernels/cuda/attention_staged_trial_execution.rs: OK
/home/ndizazzo/dev/mesh/issue1393-q4-snapshot-20260930/crates/mesh-specialize/src/kernels/cuda/attention_staged_trial_support.rs: OK
/home/ndizazzo/dev/mesh/issue1393-q4-snapshot-20260930/crates/mesh-specialize/src/kernels/cuda/attention_unrolled_trial.rs: OK
/home/ndizazzo/dev/mesh/issue1393-q4-snapshot-20260930/crates/mesh-specialize/src/kernels/cuda/attention_v2_launch.rs: OK
/home/ndizazzo/dev/mesh/issue1393-q4-snapshot-20260930/crates/mesh-specialize/src/kernels/cuda/attention_v2_trial.rs: OK
/home/ndizazzo/dev/mesh/issue1393-q4-snapshot-20260930/crates/mesh-specialize/src/kernels/cuda/attention_warp_trial.rs: OK
/home/ndizazzo/dev/mesh/issue1393-q4-snapshot-20260930/crates/mesh-specialize/src/kernels/cuda/bf16_ab_decode_trial.rs: OK
/home/ndizazzo/dev/mesh/issue1393-q4-snapshot-20260930/crates/mesh-specialize/src/kernels/cuda/bf16_trial.rs: OK
/home/ndizazzo/dev/mesh/issue1393-q4-snapshot-20260930/crates/mesh-specialize/src/kernels/cuda/causal_conv4.rs: OK
/home/ndizazzo/dev/mesh/issue1393-q4-snapshot-20260930/crates/mesh-specialize/src/kernels/cuda/device_view.rs: OK
/home/ndizazzo/dev/mesh/issue1393-q4-snapshot-20260930/crates/mesh-specialize/src/kernels/cuda/driver.rs: OK
/home/ndizazzo/dev/mesh/issue1393-q4-snapshot-20260930/crates/mesh-specialize/src/kernels/cuda/driver_graph.rs: OK
/home/ndizazzo/dev/mesh/issue1393-q4-snapshot-20260930/crates/mesh-specialize/src/kernels/cuda/embedding_norm.rs: OK
/home/ndizazzo/dev/mesh/issue1393-q4-snapshot-20260930/crates/mesh-specialize/src/kernels/cuda/exponential_trial.rs: OK
/home/ndizazzo/dev/mesh/issue1393-q4-snapshot-20260930/crates/mesh-specialize/src/kernels/cuda/feature_attention_trial.rs: OK
/home/ndizazzo/dev/mesh/issue1393-q4-snapshot-20260930/crates/mesh-specialize/src/kernels/cuda/feature_fusion_trial.rs: OK
/home/ndizazzo/dev/mesh/issue1393-q4-snapshot-20260930/crates/mesh-specialize/src/kernels/cuda/feature_gdn_replay_trial.rs: OK
/home/ndizazzo/dev/mesh/issue1393-q4-snapshot-20260930/crates/mesh-specialize/src/kernels/cuda/feature_graph_trial.rs: OK
/home/ndizazzo/dev/mesh/issue1393-q4-snapshot-20260930/crates/mesh-specialize/src/kernels/cuda/feature_projection_trial.rs: OK
/home/ndizazzo/dev/mesh/issue1393-q4-snapshot-20260930/crates/mesh-specialize/src/kernels/cuda/fp8_decode_trial.rs: OK
/home/ndizazzo/dev/mesh/issue1393-q4-snapshot-20260930/crates/mesh-specialize/src/kernels/cuda/fp8_exact_trial.rs: OK
/home/ndizazzo/dev/mesh/issue1393-q4-snapshot-20260930/crates/mesh-specialize/src/kernels/cuda/fp8_mlp_trial.rs: OK
/home/ndizazzo/dev/mesh/issue1393-q4-snapshot-20260930/crates/mesh-specialize/src/kernels/cuda/fp8_projection_audit.rs: OK
/home/ndizazzo/dev/mesh/issue1393-q4-snapshot-20260930/crates/mesh-specialize/src/kernels/cuda/fp8_quantize_trial.rs: OK
/home/ndizazzo/dev/mesh/issue1393-q4-snapshot-20260930/crates/mesh-specialize/src/kernels/cuda/gdn_output.rs: OK
/home/ndizazzo/dev/mesh/issue1393-q4-snapshot-20260930/crates/mesh-specialize/src/kernels/cuda/gdn_prepare.rs: OK
/home/ndizazzo/dev/mesh/issue1393-q4-snapshot-20260930/crates/mesh-specialize/src/kernels/cuda/gdn_recurrent.rs: OK
/home/ndizazzo/dev/mesh/issue1393-q4-snapshot-20260930/crates/mesh-specialize/src/kernels/cuda/gemm.rs: OK
/home/ndizazzo/dev/mesh/issue1393-q4-snapshot-20260930/crates/mesh-specialize/src/kernels/cuda/greedy_trial.rs: OK
/home/ndizazzo/dev/mesh/issue1393-q4-snapshot-20260930/crates/mesh-specialize/src/kernels/cuda/instructions.rs: OK
/home/ndizazzo/dev/mesh/issue1393-q4-snapshot-20260930/crates/mesh-specialize/src/kernels/cuda/launch_profile.rs: OK
/home/ndizazzo/dev/mesh/issue1393-q4-snapshot-20260930/crates/mesh-specialize/src/kernels/cuda/mlp.rs: OK
/home/ndizazzo/dev/mesh/issue1393-q4-snapshot-20260930/crates/mesh-specialize/src/kernels/cuda/mlp_activation.rs: OK
/home/ndizazzo/dev/mesh/issue1393-q4-snapshot-20260930/crates/mesh-specialize/src/kernels/cuda/mlp_prepared_chain.rs: OK
/home/ndizazzo/dev/mesh/issue1393-q4-snapshot-20260930/crates/mesh-specialize/src/kernels/cuda/mlp_prepared_projection.rs: OK
/home/ndizazzo/dev/mesh/issue1393-q4-snapshot-20260930/crates/mesh-specialize/src/kernels/cuda/mlp_workspace_projection.rs: OK
/home/ndizazzo/dev/mesh/issue1393-q4-snapshot-20260930/crates/mesh-specialize/src/kernels/cuda/mlp_workspace_trial.rs: OK
/home/ndizazzo/dev/mesh/issue1393-q4-snapshot-20260930/crates/mesh-specialize/src/kernels/cuda/mlp_workspace_views.rs: OK
/home/ndizazzo/dev/mesh/issue1393-q4-snapshot-20260930/crates/mesh-specialize/src/kernels/cuda/mod.rs: OK
/home/ndizazzo/dev/mesh/issue1393-q4-snapshot-20260930/crates/mesh-specialize/src/kernels/cuda/model_greedy.rs: OK
/home/ndizazzo/dev/mesh/issue1393-q4-snapshot-20260930/crates/mesh-specialize/src/kernels/cuda/model_workspace.rs: OK
/home/ndizazzo/dev/mesh/issue1393-q4-snapshot-20260930/crates/mesh-specialize/src/kernels/cuda/native_mtp_q4_operator.rs: OK
/home/ndizazzo/dev/mesh/issue1393-q4-snapshot-20260930/crates/mesh-specialize/src/kernels/cuda/native_mtp_q4_operator/compare.rs: OK
/home/ndizazzo/dev/mesh/issue1393-q4-snapshot-20260930/crates/mesh-specialize/src/kernels/cuda/native_mtp_q4_operator/driver_entry.rs: OK
/home/ndizazzo/dev/mesh/issue1393-q4-snapshot-20260930/crates/mesh-specialize/src/kernels/cuda/native_mtp_q4_operator/fixture.rs: OK
/home/ndizazzo/dev/mesh/issue1393-q4-snapshot-20260930/crates/mesh-specialize/src/kernels/cuda/native_mtp_q4_operator/fixture_dense.rs: OK
/home/ndizazzo/dev/mesh/issue1393-q4-snapshot-20260930/crates/mesh-specialize/src/kernels/cuda/native_mtp_q4_operator/launch.rs: OK
/home/ndizazzo/dev/mesh/issue1393-q4-snapshot-20260930/crates/mesh-specialize/src/kernels/cuda/native_mtp_q4_operator/resident.rs: OK
/home/ndizazzo/dev/mesh/issue1393-q4-snapshot-20260930/crates/mesh-specialize/src/kernels/cuda/native_mtp_q4_operator/resident/comparison.rs: OK
/home/ndizazzo/dev/mesh/issue1393-q4-snapshot-20260930/crates/mesh-specialize/src/kernels/cuda/native_mtp_q4_operator/resident/comparison/tests.rs: OK
/home/ndizazzo/dev/mesh/issue1393-q4-snapshot-20260930/crates/mesh-specialize/src/kernels/cuda/native_mtp_q4_operator/resident/input.rs: OK
/home/ndizazzo/dev/mesh/issue1393-q4-snapshot-20260930/crates/mesh-specialize/src/kernels/cuda/native_mtp_q4_operator/resident/launch.rs: OK
/home/ndizazzo/dev/mesh/issue1393-q4-snapshot-20260930/crates/mesh-specialize/src/kernels/cuda/native_mtp_q4_operator/resident/mapping.rs: OK
/home/ndizazzo/dev/mesh/issue1393-q4-snapshot-20260930/crates/mesh-specialize/src/kernels/cuda/native_mtp_q4_operator/resident/parent.rs: OK
/home/ndizazzo/dev/mesh/issue1393-q4-snapshot-20260930/crates/mesh-specialize/src/kernels/cuda/native_mtp_q4_operator/resident/tests.rs: OK
/home/ndizazzo/dev/mesh/issue1393-q4-snapshot-20260930/crates/mesh-specialize/src/kernels/cuda/native_mtp_q4_operator/schedule_reference.rs: OK
/home/ndizazzo/dev/mesh/issue1393-q4-snapshot-20260930/crates/mesh-specialize/src/kernels/cuda/native_mtp_q4_operator/tests.rs: OK
/home/ndizazzo/dev/mesh/issue1393-q4-snapshot-20260930/crates/mesh-specialize/src/kernels/cuda/native_mtp_q4_operator/validate.rs: OK
/home/ndizazzo/dev/mesh/issue1393-q4-snapshot-20260930/crates/mesh-specialize/src/kernels/cuda/native_mtp_q8_fc_operator.rs: OK
/home/ndizazzo/dev/mesh/issue1393-q4-snapshot-20260930/crates/mesh-specialize/src/kernels/cuda/native_mtp_q8_fc_operator/compare.rs: OK
/home/ndizazzo/dev/mesh/issue1393-q4-snapshot-20260930/crates/mesh-specialize/src/kernels/cuda/native_mtp_q8_fc_operator/fixture.rs: OK
/home/ndizazzo/dev/mesh/issue1393-q4-snapshot-20260930/crates/mesh-specialize/src/kernels/cuda/native_mtp_q8_fc_operator/launch.rs: OK
/home/ndizazzo/dev/mesh/issue1393-q4-snapshot-20260930/crates/mesh-specialize/src/kernels/cuda/native_mtp_q8_fc_operator/resident.rs: OK
/home/ndizazzo/dev/mesh/issue1393-q4-snapshot-20260930/crates/mesh-specialize/src/kernels/cuda/native_mtp_q8_fc_operator/resident/dense_fixture.rs: OK
/home/ndizazzo/dev/mesh/issue1393-q4-snapshot-20260930/crates/mesh-specialize/src/kernels/cuda/native_mtp_q8_fc_operator/resident/dense_fixture/tests.rs: OK
/home/ndizazzo/dev/mesh/issue1393-q4-snapshot-20260930/crates/mesh-specialize/src/kernels/cuda/native_mtp_q8_fc_operator/tests.rs: OK
/home/ndizazzo/dev/mesh/issue1393-q4-snapshot-20260930/crates/mesh-specialize/src/kernels/cuda/native_mtp_q8_operator.rs: OK
/home/ndizazzo/dev/mesh/issue1393-q4-snapshot-20260930/crates/mesh-specialize/src/kernels/cuda/native_mtp_q8_operator/compare.rs: OK
/home/ndizazzo/dev/mesh/issue1393-q4-snapshot-20260930/crates/mesh-specialize/src/kernels/cuda/native_mtp_q8_operator/driver_entry.rs: OK
/home/ndizazzo/dev/mesh/issue1393-q4-snapshot-20260930/crates/mesh-specialize/src/kernels/cuda/native_mtp_q8_operator/fixture.rs: OK
/home/ndizazzo/dev/mesh/issue1393-q4-snapshot-20260930/crates/mesh-specialize/src/kernels/cuda/native_mtp_q8_operator/launch.rs: OK
/home/ndizazzo/dev/mesh/issue1393-q4-snapshot-20260930/crates/mesh-specialize/src/kernels/cuda/native_mtp_q8_operator/tests.rs: OK
/home/ndizazzo/dev/mesh/issue1393-q4-snapshot-20260930/crates/mesh-specialize/src/kernels/cuda/native_mtp_q8_operator/validate.rs: OK
/home/ndizazzo/dev/mesh/issue1393-q4-snapshot-20260930/crates/mesh-specialize/src/kernels/cuda/native_mtp_q8_projection.rs: OK
/home/ndizazzo/dev/mesh/issue1393-q4-snapshot-20260930/crates/mesh-specialize/src/kernels/cuda/native_mtp_q8_projection/compare.rs: OK
/home/ndizazzo/dev/mesh/issue1393-q4-snapshot-20260930/crates/mesh-specialize/src/kernels/cuda/native_mtp_q8_projection/fixture.rs: OK
/home/ndizazzo/dev/mesh/issue1393-q4-snapshot-20260930/crates/mesh-specialize/src/kernels/cuda/native_mtp_q8_projection/launch.rs: OK
/home/ndizazzo/dev/mesh/issue1393-q4-snapshot-20260930/crates/mesh-specialize/src/kernels/cuda/native_mtp_q8_projection/qualification.rs: OK
/home/ndizazzo/dev/mesh/issue1393-q4-snapshot-20260930/crates/mesh-specialize/src/kernels/cuda/native_mtp_q8_projection/tests.rs: OK
/home/ndizazzo/dev/mesh/issue1393-q4-snapshot-20260930/crates/mesh-specialize/src/kernels/cuda/native_parameter_trial.rs: OK
/home/ndizazzo/dev/mesh/issue1393-q4-snapshot-20260930/crates/mesh-specialize/src/kernels/cuda/nvfp4_decode_prmt_entry.rs: OK
/home/ndizazzo/dev/mesh/issue1393-q4-snapshot-20260930/crates/mesh-specialize/src/kernels/cuda/nvfp4_decode_prmt_trial.rs: OK
/home/ndizazzo/dev/mesh/issue1393-q4-snapshot-20260930/crates/mesh-specialize/src/kernels/cuda/nvfp4_exact_trial.rs: OK
/home/ndizazzo/dev/mesh/issue1393-q4-snapshot-20260930/crates/mesh-specialize/src/kernels/cuda/nvfp4_linear.rs: OK
/home/ndizazzo/dev/mesh/issue1393-q4-snapshot-20260930/crates/mesh-specialize/src/kernels/cuda/nvfp4_pipeline_trial.rs: OK
/home/ndizazzo/dev/mesh/issue1393-q4-snapshot-20260930/crates/mesh-specialize/src/kernels/cuda/nvfp4_projection_audit.rs: OK
/home/ndizazzo/dev/mesh/issue1393-q4-snapshot-20260930/crates/mesh-specialize/src/kernels/cuda/nvfp4_quantize.rs: OK
/home/ndizazzo/dev/mesh/issue1393-q4-snapshot-20260930/crates/mesh-specialize/src/kernels/cuda/partition_stage_audit.rs: OK
/home/ndizazzo/dev/mesh/issue1393-q4-snapshot-20260930/crates/mesh-specialize/src/kernels/cuda/projections.rs: OK
/home/ndizazzo/dev/mesh/issue1393-q4-snapshot-20260930/crates/mesh-specialize/src/kernels/cuda/residency.rs: OK
/home/ndizazzo/dev/mesh/issue1393-q4-snapshot-20260930/crates/mesh-specialize/src/kernels/cuda/residency_entry.rs: OK
/home/ndizazzo/dev/mesh/issue1393-q4-snapshot-20260930/crates/mesh-specialize/src/kernels/cuda/resident_activation.rs: OK
/home/ndizazzo/dev/mesh/issue1393-q4-snapshot-20260930/crates/mesh-specialize/src/kernels/cuda/resident_attention.rs: OK
/home/ndizazzo/dev/mesh/issue1393-q4-snapshot-20260930/crates/mesh-specialize/src/kernels/cuda/resident_attention_core.rs: OK
/home/ndizazzo/dev/mesh/issue1393-q4-snapshot-20260930/crates/mesh-specialize/src/kernels/cuda/resident_attention_gate.rs: OK
/home/ndizazzo/dev/mesh/issue1393-q4-snapshot-20260930/crates/mesh-specialize/src/kernels/cuda/resident_attention_prepare.rs: OK
/home/ndizazzo/dev/mesh/issue1393-q4-snapshot-20260930/crates/mesh-specialize/src/kernels/cuda/resident_attention_split.rs: OK
/home/ndizazzo/dev/mesh/issue1393-q4-snapshot-20260930/crates/mesh-specialize/src/kernels/cuda/resident_attention_staged.rs: OK
/home/ndizazzo/dev/mesh/issue1393-q4-snapshot-20260930/crates/mesh-specialize/src/kernels/cuda/resident_attention_trial.rs: OK
/home/ndizazzo/dev/mesh/issue1393-q4-snapshot-20260930/crates/mesh-specialize/src/kernels/cuda/resident_bf16.rs: OK
/home/ndizazzo/dev/mesh/issue1393-q4-snapshot-20260930/crates/mesh-specialize/src/kernels/cuda/resident_conv.rs: OK
/home/ndizazzo/dev/mesh/issue1393-q4-snapshot-20260930/crates/mesh-specialize/src/kernels/cuda/resident_embedding.rs: OK
/home/ndizazzo/dev/mesh/issue1393-q4-snapshot-20260930/crates/mesh-specialize/src/kernels/cuda/resident_fp8.rs: OK
/home/ndizazzo/dev/mesh/issue1393-q4-snapshot-20260930/crates/mesh-specialize/src/kernels/cuda/resident_fp8_a16.rs: OK
/home/ndizazzo/dev/mesh/issue1393-q4-snapshot-20260930/crates/mesh-specialize/src/kernels/cuda/resident_fp8_head.rs: OK
/home/ndizazzo/dev/mesh/issue1393-q4-snapshot-20260930/crates/mesh-specialize/src/kernels/cuda/resident_fp8_splitk.rs: OK
/home/ndizazzo/dev/mesh/issue1393-q4-snapshot-20260930/crates/mesh-specialize/src/kernels/cuda/resident_gdn.rs: OK
/home/ndizazzo/dev/mesh/issue1393-q4-snapshot-20260930/crates/mesh-specialize/src/kernels/cuda/resident_gdn_core.rs: OK
/home/ndizazzo/dev/mesh/issue1393-q4-snapshot-20260930/crates/mesh-specialize/src/kernels/cuda/resident_gdn_trial.rs: OK
/home/ndizazzo/dev/mesh/issue1393-q4-snapshot-20260930/crates/mesh-specialize/src/kernels/cuda/resident_greedy.rs: OK
/home/ndizazzo/dev/mesh/issue1393-q4-snapshot-20260930/crates/mesh-specialize/src/kernels/cuda/resident_head.rs: OK
/home/ndizazzo/dev/mesh/issue1393-q4-snapshot-20260930/crates/mesh-specialize/src/kernels/cuda/resident_layer_diagnostic.rs: OK
/home/ndizazzo/dev/mesh/issue1393-q4-snapshot-20260930/crates/mesh-specialize/src/kernels/cuda/resident_logit_dump.rs: OK
/home/ndizazzo/dev/mesh/issue1393-q4-snapshot-20260930/crates/mesh-specialize/src/kernels/cuda/resident_mlp.rs: OK
/home/ndizazzo/dev/mesh/issue1393-q4-snapshot-20260930/crates/mesh-specialize/src/kernels/cuda/resident_mlp_workspace.rs: OK
/home/ndizazzo/dev/mesh/issue1393-q4-snapshot-20260930/crates/mesh-specialize/src/kernels/cuda/resident_model.rs: OK
/home/ndizazzo/dev/mesh/issue1393-q4-snapshot-20260930/crates/mesh-specialize/src/kernels/cuda/resident_model_bench.rs: OK
/home/ndizazzo/dev/mesh/issue1393-q4-snapshot-20260930/crates/mesh-specialize/src/kernels/cuda/resident_model_profile.rs: OK
/home/ndizazzo/dev/mesh/issue1393-q4-snapshot-20260930/crates/mesh-specialize/src/kernels/cuda/resident_model_score.rs: OK
/home/ndizazzo/dev/mesh/issue1393-q4-snapshot-20260930/crates/mesh-specialize/src/kernels/cuda/resident_model_trial.rs: OK
/home/ndizazzo/dev/mesh/issue1393-q4-snapshot-20260930/crates/mesh-specialize/src/kernels/cuda/resident_mtp.rs: OK
/home/ndizazzo/dev/mesh/issue1393-q4-snapshot-20260930/crates/mesh-specialize/src/kernels/cuda/resident_mtp_trial.rs: OK
/home/ndizazzo/dev/mesh/issue1393-q4-snapshot-20260930/crates/mesh-specialize/src/kernels/cuda/resident_native_mtp.rs: OK
/home/ndizazzo/dev/mesh/issue1393-q4-snapshot-20260930/crates/mesh-specialize/src/kernels/cuda/resident_native_mtp/checks.rs: OK
/home/ndizazzo/dev/mesh/issue1393-q4-snapshot-20260930/crates/mesh-specialize/src/kernels/cuda/resident_native_mtp/tests.rs: OK
/home/ndizazzo/dev/mesh/issue1393-q4-snapshot-20260930/crates/mesh-specialize/src/kernels/cuda/resident_native_mtp_trial.rs: OK
/home/ndizazzo/dev/mesh/issue1393-q4-snapshot-20260930/crates/mesh-specialize/src/kernels/cuda/resident_norm.rs: OK
/home/ndizazzo/dev/mesh/issue1393-q4-snapshot-20260930/crates/mesh-specialize/src/kernels/cuda/resident_nvfp4.rs: OK
/home/ndizazzo/dev/mesh/issue1393-q4-snapshot-20260930/crates/mesh-specialize/src/kernels/cuda/resident_projection.rs: OK
/home/ndizazzo/dev/mesh/issue1393-q4-snapshot-20260930/crates/mesh-specialize/src/kernels/cuda/resident_recovery.rs: OK
/home/ndizazzo/dev/mesh/issue1393-q4-snapshot-20260930/crates/mesh-specialize/src/kernels/cuda/resident_score.rs: OK
/home/ndizazzo/dev/mesh/issue1393-q4-snapshot-20260930/crates/mesh-specialize/src/kernels/cuda/resident_speculation.rs: OK
/home/ndizazzo/dev/mesh/issue1393-q4-snapshot-20260930/crates/mesh-specialize/src/kernels/cuda/resident_state.rs: OK
/home/ndizazzo/dev/mesh/issue1393-q4-snapshot-20260930/crates/mesh-specialize/src/kernels/cuda/resident_target_batch_entry.rs: OK
/home/ndizazzo/dev/mesh/issue1393-q4-snapshot-20260930/crates/mesh-specialize/src/kernels/cuda/resident_target_batch_trial.rs: OK
/home/ndizazzo/dev/mesh/issue1393-q4-snapshot-20260930/crates/mesh-specialize/src/kernels/cuda/resident_target_batch_trial/capture.rs: OK
/home/ndizazzo/dev/mesh/issue1393-q4-snapshot-20260930/crates/mesh-specialize/src/kernels/cuda/resident_target_batch_trial/compare.rs: OK
/home/ndizazzo/dev/mesh/issue1393-q4-snapshot-20260930/crates/mesh-specialize/src/kernels/cuda/resident_target_batch_trial/compare_tests.rs: OK
/home/ndizazzo/dev/mesh/issue1393-q4-snapshot-20260930/crates/mesh-specialize/src/kernels/cuda/resident_target_batch_trial/execute.rs: OK
/home/ndizazzo/dev/mesh/issue1393-q4-snapshot-20260930/crates/mesh-specialize/src/kernels/cuda/resident_target_batch_trial/state.rs: OK
/home/ndizazzo/dev/mesh/issue1393-q4-snapshot-20260930/crates/mesh-specialize/src/kernels/cuda/resident_weights.rs: OK
/home/ndizazzo/dev/mesh/issue1393-q4-snapshot-20260930/crates/mesh-specialize/src/kernels/cuda/resident_workspace.rs: OK
/home/ndizazzo/dev/mesh/issue1393-q4-snapshot-20260930/crates/mesh-specialize/src/kernels/cuda/residual_add.rs: OK
/home/ndizazzo/dev/mesh/issue1393-q4-snapshot-20260930/crates/mesh-specialize/src/kernels/cuda/residual_norm.rs: OK
/home/ndizazzo/dev/mesh/issue1393-q4-snapshot-20260930/crates/mesh-specialize/src/kernels/cuda/rms_norm.rs: OK
/home/ndizazzo/dev/mesh/issue1393-q4-snapshot-20260930/crates/mesh-specialize/src/kernels/cuda/silu_trial.rs: OK
/home/ndizazzo/dev/mesh/issue1393-q4-snapshot-20260930/crates/mesh-specialize/src/kernels/cuda/stream_forward.rs: OK
/home/ndizazzo/dev/mesh/issue1393-q4-snapshot-20260930/crates/mesh-specialize/src/kernels/cuda/stream_forward/ab_schedule.rs: OK
/home/ndizazzo/dev/mesh/issue1393-q4-snapshot-20260930/crates/mesh-specialize/src/kernels/cuda/stream_forward/bench.rs: OK
/home/ndizazzo/dev/mesh/issue1393-q4-snapshot-20260930/crates/mesh-specialize/src/kernels/cuda/stream_forward/check.rs: OK
/home/ndizazzo/dev/mesh/issue1393-q4-snapshot-20260930/crates/mesh-specialize/src/kernels/cuda/stream_forward/chunked_bench.rs: OK
/home/ndizazzo/dev/mesh/issue1393-q4-snapshot-20260930/crates/mesh-specialize/src/kernels/cuda/stream_forward/functions.rs: OK
/home/ndizazzo/dev/mesh/issue1393-q4-snapshot-20260930/crates/mesh-specialize/src/kernels/cuda/stream_forward/graph_check.rs: OK
/home/ndizazzo/dev/mesh/issue1393-q4-snapshot-20260930/crates/mesh-specialize/src/kernels/cuda/stream_forward/graph_decode.rs: OK
/home/ndizazzo/dev/mesh/issue1393-q4-snapshot-20260930/crates/mesh-specialize/src/kernels/cuda/stream_forward/graph_drain.rs: OK
/home/ndizazzo/dev/mesh/issue1393-q4-snapshot-20260930/crates/mesh-specialize/src/kernels/cuda/stream_forward/graph_position.rs: OK
/home/ndizazzo/dev/mesh/issue1393-q4-snapshot-20260930/crates/mesh-specialize/src/kernels/cuda/stream_forward/layers.rs: OK
/home/ndizazzo/dev/mesh/issue1393-q4-snapshot-20260930/crates/mesh-specialize/src/kernels/cuda/stream_forward/ops.rs: OK
/home/ndizazzo/dev/mesh/issue1393-q4-snapshot-20260930/crates/mesh-specialize/src/kernels/cuda/stream_forward/plan.rs: OK
/home/ndizazzo/dev/mesh/issue1393-q4-snapshot-20260930/crates/mesh-specialize/src/kernels/cuda/stream_forward/program.rs: OK
/home/ndizazzo/dev/mesh/issue1393-q4-snapshot-20260930/crates/mesh-specialize/src/kernels/cuda/stream_forward/split_attention.rs: OK
/home/ndizazzo/dev/mesh/issue1393-q4-snapshot-20260930/crates/mesh-specialize/src/kernels/cuda/stream_forward/staged_attention.rs: OK
/home/ndizazzo/dev/mesh/issue1393-q4-snapshot-20260930/crates/mesh-specialize/src/kernels/cuda/stream_forward/weights.rs: OK
/home/ndizazzo/dev/mesh/issue1393-q4-snapshot-20260930/crates/mesh-specialize/src/kernels/cuda/workloads.rs: OK
/home/ndizazzo/dev/mesh/issue1393-q4-snapshot-20260930/crates/mesh-specialize/src/kernels/fixtures.rs: OK
/home/ndizazzo/dev/mesh/issue1393-q4-snapshot-20260930/crates/mesh-specialize/src/kernels/fp8_decode_schedule.rs: OK
/home/ndizazzo/dev/mesh/issue1393-q4-snapshot-20260930/crates/mesh-specialize/src/kernels/fp8_profile.rs: OK
/home/ndizazzo/dev/mesh/issue1393-q4-snapshot-20260930/crates/mesh-specialize/src/kernels/fp8_quantize_schedule.rs: OK
/home/ndizazzo/dev/mesh/issue1393-q4-snapshot-20260930/crates/mesh-specialize/src/kernels/gemm_fixtures.rs: OK
/home/ndizazzo/dev/mesh/issue1393-q4-snapshot-20260930/crates/mesh-specialize/src/kernels/memory_fixtures.rs: OK
/home/ndizazzo/dev/mesh/issue1393-q4-snapshot-20260930/crates/mesh-specialize/src/kernels/native_mtp_q8_projection_cases.rs: OK
/home/ndizazzo/dev/mesh/issue1393-q4-snapshot-20260930/crates/mesh-specialize/src/kernels/nvfp4_decode_schedule.rs: OK
/home/ndizazzo/dev/mesh/issue1393-q4-snapshot-20260930/crates/mesh-specialize/src/kernels/nvfp4_layout.rs: OK
/home/ndizazzo/dev/mesh/issue1393-q4-snapshot-20260930/crates/mesh-specialize/src/kernels/nvfp4_profile.rs: OK
/home/ndizazzo/dev/mesh/issue1393-q4-snapshot-20260930/crates/mesh-specialize/src/kernels/ordinary_fixtures.rs: OK
/home/ndizazzo/dev/mesh/issue1393-q4-snapshot-20260930/crates/mesh-specialize/src/kernels/partition_audit.rs: OK
/home/ndizazzo/dev/mesh/issue1393-q4-snapshot-20260930/crates/mesh-specialize/src/kernels/rms_norm_fixtures.rs: OK
/home/ndizazzo/dev/mesh/issue1393-q4-snapshot-20260930/crates/mesh-specialize/src/lib.rs: OK
/home/ndizazzo/dev/mesh/issue1393-q4-snapshot-20260930/crates/mesh-specialize/src/packages.rs: OK
/home/ndizazzo/dev/mesh/issue1393-q4-snapshot-20260930/crates/mesh-specialize/src/packages/qwen3_8_27b.rs: OK
/home/ndizazzo/dev/mesh/issue1393-q4-snapshot-20260930/crates/mesh-specialize/src/packages/qwen3_8_27b/._target_batch_trial.rs: OK
/home/ndizazzo/dev/mesh/issue1393-q4-snapshot-20260930/crates/mesh-specialize/src/packages/qwen3_8_27b/attention.rs: OK
/home/ndizazzo/dev/mesh/issue1393-q4-snapshot-20260930/crates/mesh-specialize/src/packages/qwen3_8_27b/decoder.rs: OK
/home/ndizazzo/dev/mesh/issue1393-q4-snapshot-20260930/crates/mesh-specialize/src/packages/qwen3_8_27b/entry.rs: OK
/home/ndizazzo/dev/mesh/issue1393-q4-snapshot-20260930/crates/mesh-specialize/src/packages/qwen3_8_27b/fp8_mlp.rs: OK
/home/ndizazzo/dev/mesh/issue1393-q4-snapshot-20260930/crates/mesh-specialize/src/packages/qwen3_8_27b/inventory.rs: OK
/home/ndizazzo/dev/mesh/issue1393-q4-snapshot-20260930/crates/mesh-specialize/src/packages/qwen3_8_27b/inventory_tests.rs: OK
/home/ndizazzo/dev/mesh/issue1393-q4-snapshot-20260930/crates/mesh-specialize/src/packages/qwen3_8_27b/model_benchmark.rs: OK
/home/ndizazzo/dev/mesh/issue1393-q4-snapshot-20260930/crates/mesh-specialize/src/packages/qwen3_8_27b/model_profile.rs: OK
/home/ndizazzo/dev/mesh/issue1393-q4-snapshot-20260930/crates/mesh-specialize/src/packages/qwen3_8_27b/model_reference.rs: OK
/home/ndizazzo/dev/mesh/issue1393-q4-snapshot-20260930/crates/mesh-specialize/src/packages/qwen3_8_27b/model_score.rs: OK
/home/ndizazzo/dev/mesh/issue1393-q4-snapshot-20260930/crates/mesh-specialize/src/packages/qwen3_8_27b/model_weights.rs: OK
/home/ndizazzo/dev/mesh/issue1393-q4-snapshot-20260930/crates/mesh-specialize/src/packages/qwen3_8_27b/mtp.rs: OK
/home/ndizazzo/dev/mesh/issue1393-q4-snapshot-20260930/crates/mesh-specialize/src/packages/qwen3_8_27b/native_mtp_views.rs: OK
/home/ndizazzo/dev/mesh/issue1393-q4-snapshot-20260930/crates/mesh-specialize/src/packages/qwen3_8_27b/native_mtp_views/head_tests.rs: OK
/home/ndizazzo/dev/mesh/issue1393-q4-snapshot-20260930/crates/mesh-specialize/src/packages/qwen3_8_27b/native_mtp_views/selection/binding.rs: OK
/home/ndizazzo/dev/mesh/issue1393-q4-snapshot-20260930/crates/mesh-specialize/src/packages/qwen3_8_27b/native_mtp_views/selection/inventory.rs: OK
/home/ndizazzo/dev/mesh/issue1393-q4-snapshot-20260930/crates/mesh-specialize/src/packages/qwen3_8_27b/native_mtp_views/selection/mod.rs: OK
/home/ndizazzo/dev/mesh/issue1393-q4-snapshot-20260930/crates/mesh-specialize/src/packages/qwen3_8_27b/native_mtp_views/selection/plane_layout.rs: OK
/home/ndizazzo/dev/mesh/issue1393-q4-snapshot-20260930/crates/mesh-specialize/src/packages/qwen3_8_27b/native_mtp_views/selection/planes.rs: OK
/home/ndizazzo/dev/mesh/issue1393-q4-snapshot-20260930/crates/mesh-specialize/src/packages/qwen3_8_27b/native_mtp_views/selection/proposal.rs: OK
/home/ndizazzo/dev/mesh/issue1393-q4-snapshot-20260930/crates/mesh-specialize/src/packages/qwen3_8_27b/native_mtp_views/test_fixtures.rs: OK
/home/ndizazzo/dev/mesh/issue1393-q4-snapshot-20260930/crates/mesh-specialize/src/packages/qwen3_8_27b/native_mtp_views/tests.rs: OK
/home/ndizazzo/dev/mesh/issue1393-q4-snapshot-20260930/crates/mesh-specialize/src/packages/qwen3_8_27b/native_source.rs: OK
/home/ndizazzo/dev/mesh/issue1393-q4-snapshot-20260930/crates/mesh-specialize/src/packages/qwen3_8_27b/native_source/mtp.rs: OK
/home/ndizazzo/dev/mesh/issue1393-q4-snapshot-20260930/crates/mesh-specialize/src/packages/qwen3_8_27b/native_source/mtp_qualification.rs: OK
/home/ndizazzo/dev/mesh/issue1393-q4-snapshot-20260930/crates/mesh-specialize/src/packages/qwen3_8_27b/native_views.rs: OK
/home/ndizazzo/dev/mesh/issue1393-q4-snapshot-20260930/crates/mesh-specialize/src/packages/qwen3_8_27b/native_views/mapping.rs: OK
/home/ndizazzo/dev/mesh/issue1393-q4-snapshot-20260930/crates/mesh-specialize/src/packages/qwen3_8_27b/native_views/tests.rs: OK
/home/ndizazzo/dev/mesh/issue1393-q4-snapshot-20260930/crates/mesh-specialize/src/packages/qwen3_8_27b/native_views/transforms.rs: OK
/home/ndizazzo/dev/mesh/issue1393-q4-snapshot-20260930/crates/mesh-specialize/src/packages/qwen3_8_27b/projections.rs: OK
/home/ndizazzo/dev/mesh/issue1393-q4-snapshot-20260930/crates/mesh-specialize/src/packages/qwen3_8_27b/residency.rs: OK
/home/ndizazzo/dev/mesh/issue1393-q4-snapshot-20260930/crates/mesh-specialize/src/packages/qwen3_8_27b/resident_attention.rs: OK
/home/ndizazzo/dev/mesh/issue1393-q4-snapshot-20260930/crates/mesh-specialize/src/packages/qwen3_8_27b/resident_gdn.rs: OK
/home/ndizazzo/dev/mesh/issue1393-q4-snapshot-20260930/crates/mesh-specialize/src/packages/qwen3_8_27b/schedule.rs: OK
/home/ndizazzo/dev/mesh/issue1393-q4-snapshot-20260930/crates/mesh-specialize/src/packages/qwen3_8_27b/target_batch_trial.rs: OK
/home/ndizazzo/dev/mesh/issue1393-q4-snapshot-20260930/tools/xtask/src/specialize/._target_batch_decode.rs: OK
/home/ndizazzo/dev/mesh/issue1393-q4-snapshot-20260930/tools/xtask/src/specialize/admission.rs: OK
/home/ndizazzo/dev/mesh/issue1393-q4-snapshot-20260930/tools/xtask/src/specialize/baseline.rs: OK
/home/ndizazzo/dev/mesh/issue1393-q4-snapshot-20260930/tools/xtask/src/specialize/checkpoint.rs: OK
/home/ndizazzo/dev/mesh/issue1393-q4-snapshot-20260930/tools/xtask/src/specialize/chunked_bench.rs: OK
/home/ndizazzo/dev/mesh/issue1393-q4-snapshot-20260930/tools/xtask/src/specialize/entry.rs: OK
/home/ndizazzo/dev/mesh/issue1393-q4-snapshot-20260930/tools/xtask/src/specialize/fixtures.rs: OK
/home/ndizazzo/dev/mesh/issue1393-q4-snapshot-20260930/tools/xtask/src/specialize/mlp_workspace.rs: OK
/home/ndizazzo/dev/mesh/issue1393-q4-snapshot-20260930/tools/xtask/src/specialize/model.rs: OK
/home/ndizazzo/dev/mesh/issue1393-q4-snapshot-20260930/tools/xtask/src/specialize/model_bench.rs: OK
/home/ndizazzo/dev/mesh/issue1393-q4-snapshot-20260930/tools/xtask/src/specialize/model_profile.rs: OK
/home/ndizazzo/dev/mesh/issue1393-q4-snapshot-20260930/tools/xtask/src/specialize/model_score.rs: OK
/home/ndizazzo/dev/mesh/issue1393-q4-snapshot-20260930/tools/xtask/src/specialize/mtp.rs: OK
/home/ndizazzo/dev/mesh/issue1393-q4-snapshot-20260930/tools/xtask/src/specialize/native_mtp_fc_resident.rs: OK
/home/ndizazzo/dev/mesh/issue1393-q4-snapshot-20260930/tools/xtask/src/specialize/native_mtp_q4_resident.rs: OK
/home/ndizazzo/dev/mesh/issue1393-q4-snapshot-20260930/tools/xtask/src/specialize/native_mtp_q8_projection_resident.rs: OK
/home/ndizazzo/dev/mesh/issue1393-q4-snapshot-20260930/tools/xtask/src/specialize/native_mtp_qualify.rs: OK
/home/ndizazzo/dev/mesh/issue1393-q4-snapshot-20260930/tools/xtask/src/specialize/native_mtp_residency.rs: OK
/home/ndizazzo/dev/mesh/issue1393-q4-snapshot-20260930/tools/xtask/src/specialize/ninfer_inspect.rs: OK
/home/ndizazzo/dev/mesh/issue1393-q4-snapshot-20260930/tools/xtask/src/specialize/nvfp4_prmt.rs: OK
/home/ndizazzo/dev/mesh/issue1393-q4-snapshot-20260930/tools/xtask/src/specialize/observations.rs: OK
/home/ndizazzo/dev/mesh/issue1393-q4-snapshot-20260930/tools/xtask/src/specialize/probe.rs: OK
/home/ndizazzo/dev/mesh/issue1393-q4-snapshot-20260930/tools/xtask/src/specialize/stream_check.rs: OK
/home/ndizazzo/dev/mesh/issue1393-q4-snapshot-20260930/tools/xtask/src/specialize/target_batch_decode.rs: OK
