2026-09-30T22:55:27-04:00 start rows-1-normal
2026-09-30T22:56:24-04:00 end rows-1-normal exit=0
2026-09-30T22:56:34-04:00 start rows-1-memcheck
2026-09-30T23:01:26-04:00 end rows-1-memcheck exit=0
2026-09-30T23:01:37-04:00 start rows-1-racecheck
2026-09-30T23:20:44-04:00 end rows-1-racecheck exit=0
2026-09-30T23:20:54-04:00 start rows-1-synccheck
2026-09-30T23:21:54-04:00 end rows-1-synccheck exit=0
2026-09-30T23:22:04-04:00 start rows-2-normal
2026-09-30T23:23:01-04:00 end rows-2-normal exit=0
2026-09-30T23:23:11-04:00 start rows-2-memcheck
2026-09-30T23:28:13-04:00 end rows-2-memcheck exit=0
2026-09-30T23:28:24-04:00 start rows-2-racecheck
2026-09-30T23:48:24-04:00 end rows-2-racecheck exit=124
2026-09-30T23:48:34-04:00 start rows-2-synccheck
2026-09-30T23:49:34-04:00 end rows-2-synccheck exit=0
2026-09-30T23:49:44-04:00 start rows-3-normal
2026-09-30T23:50:41-04:00 end rows-3-normal exit=0
2026-09-30T23:50:51-04:00 start rows-3-memcheck
2026-09-30T23:56:03-04:00 end rows-3-memcheck exit=0
2026-09-30T23:56:14-04:00 start rows-3-racecheck
2026-10-01T00:16:14-04:00 end rows-3-racecheck exit=124
2026-10-01T00:16:25-04:00 start rows-3-synccheck
2026-10-01T00:17:26-04:00 end rows-3-synccheck exit=0
2026-10-01T00:17:36-04:00 start rows-4-normal
2026-10-01T00:18:34-04:00 end rows-4-normal exit=0
2026-10-01T00:18:45-04:00 start rows-4-memcheck
2026-10-01T00:23:59-04:00 end rows-4-memcheck exit=0
2026-10-01T00:24:09-04:00 start rows-4-racecheck
2026-10-01T00:44:09-04:00 end rows-4-racecheck exit=124
2026-10-01T00:44:21-04:00 start rows-4-synccheck
2026-10-01T00:45:21-04:00 end rows-4-synccheck exit=0
2026-10-01T00:45:32-04:00 start rows-5-normal
2026-10-01T00:46:28-04:00 end rows-5-normal exit=0
2026-10-01T00:46:39-04:00 start rows-5-memcheck
2026-10-01T00:52:05-04:00 end rows-5-memcheck exit=0
2026-10-01T00:52:15-04:00 start rows-5-racecheck
2026-10-01T01:12:15-04:00 end rows-5-racecheck exit=124
2026-10-01T01:12:25-04:00 start rows-5-synccheck
2026-10-01T01:13:26-04:00 end rows-5-synccheck exit=0
