2026-09-29T22:09:10-04:00
1 %, 429 MiB, 1125 MHz, 13801 MHz, 21.13 W, 29
0 %, 17 MiB, 210 MHz, 405 MHz, 21.74 W, 26
 22:09:10 up 6 days,  6:00,  5 users,  load average: 0.14, 0.55, 0.75
2026-09-29T22:09:12-04:00
0 %, 429 MiB, 652 MHz, 7001 MHz, 40.00 W, 29
0 %, 17 MiB, 210 MHz, 405 MHz, 21.18 W, 26
 22:09:12 up 6 days,  6:00,  5 users,  load average: 0.14, 0.55, 0.75
2026-09-29T22:09:14-04:00
0 %, 429 MiB, 270 MHz, 7001 MHz, 24.15 W, 29
0 %, 17 MiB, 210 MHz, 405 MHz, 21.30 W, 26
 22:09:14 up 6 days,  6:00,  5 users,  load average: 0.14, 0.55, 0.75
2026-09-29T22:09:16-04:00
0 %, 429 MiB, 232 MHz, 810 MHz, 7.68 W, 29
0 %, 17 MiB, 210 MHz, 405 MHz, 27.54 W, 26
 22:09:16 up 6 days,  6:00,  5 users,  load average: 0.21, 0.56, 0.75
2026-09-29T22:09:18-04:00
0 %, 429 MiB, 247 MHz, 405 MHz, 6.96 W, 29
0 %, 17 MiB, 210 MHz, 405 MHz, 20.97 W, 26
 22:09:18 up 6 days,  6:00,  5 users,  load average: 0.21, 0.56, 0.75
2026-09-29T22:09:20-04:00
0 %, 429 MiB, 247 MHz, 405 MHz, 6.93 W, 29
0 %, 17 MiB, 210 MHz, 405 MHz, 21.12 W, 26
 22:09:20 up 6 days,  6:00,  5 users,  load average: 0.27, 0.56, 0.75
2026-09-29T22:09:22-04:00
0 %, 429 MiB, 247 MHz, 405 MHz, 6.65 W, 29
0 %, 17 MiB, 210 MHz, 405 MHz, 27.25 W, 26
 22:09:22 up 6 days,  6:00,  5 users,  load average: 0.27, 0.56, 0.75
2026-09-29T22:09:24-04:00
0 %, 429 MiB, 247 MHz, 405 MHz, 6.59 W, 29
0 %, 17 MiB, 210 MHz, 405 MHz, 21.23 W, 26
 22:09:24 up 6 days,  6:00,  5 users,  load average: 0.27, 0.56, 0.75
2026-09-29T22:09:26-04:00
0 %, 429 MiB, 247 MHz, 405 MHz, 6.75 W, 29
0 %, 17 MiB, 210 MHz, 405 MHz, 21.03 W, 26
 22:09:26 up 6 days,  6:00,  5 users,  load average: 0.33, 0.57, 0.76
2026-09-29T22:09:28-04:00
0 %, 429 MiB, 262 MHz, 405 MHz, 6.76 W, 29
0 %, 17 MiB, 210 MHz, 405 MHz, 21.03 W, 26
 22:09:29 up 6 days,  6:00,  5 users,  load average: 0.33, 0.57, 0.76
2026-09-29T22:09:31-04:00
0 %, 429 MiB, 232 MHz, 405 MHz, 5.14 W, 29
0 %, 17 MiB, 210 MHz, 405 MHz, 27.52 W, 26
 22:09:31 up 6 days,  6:00,  5 users,  load average: 0.39, 0.58, 0.76
2026-09-29T22:09:33-04:00
0 %, 429 MiB, 232 MHz, 405 MHz, 5.66 W, 29
0 %, 17 MiB, 210 MHz, 405 MHz, 21.10 W, 26
 22:09:33 up 6 days,  6:00,  5 users,  load average: 0.39, 0.58, 0.76
2026-09-29T22:09:35-04:00
0 %, 429 MiB, 232 MHz, 405 MHz, 5.09 W, 29
0 %, 17 MiB, 210 MHz, 405 MHz, 21.27 W, 26
 22:09:35 up 6 days,  6:00,  5 users,  load average: 0.44, 0.59, 0.76
2026-09-29T22:09:37-04:00
0 %, 429 MiB, 232 MHz, 405 MHz, 5.39 W, 29
0 %, 17 MiB, 210 MHz, 405 MHz, 27.70 W, 26
 22:09:37 up 6 days,  6:00,  5 users,  load average: 0.44, 0.59, 0.76
2026-09-29T22:09:39-04:00
0 %, 429 MiB, 232 MHz, 405 MHz, 5.21 W, 29
0 %, 17 MiB, 210 MHz, 405 MHz, 21.60 W, 26
 22:09:39 up 6 days,  6:00,  5 users,  load average: 0.44, 0.59, 0.76
2026-09-29T22:09:41-04:00
0 %, 429 MiB, 232 MHz, 405 MHz, 4.67 W, 29
0 %, 17 MiB, 210 MHz, 405 MHz, 21.22 W, 26
 22:09:41 up 6 days,  6:00,  5 users,  load average: 0.48, 0.59, 0.76
2026-09-29T22:09:43-04:00
0 %, 429 MiB, 232 MHz, 405 MHz, 4.93 W, 29
0 %, 17 MiB, 210 MHz, 405 MHz, 21.60 W, 26
 22:09:43 up 6 days,  6:00,  5 users,  load average: 0.48, 0.59, 0.76
2026-09-29T22:09:45-04:00
8 %, 20369 MiB, 2925 MHz, 13801 MHz, 33.68 W, 30
0 %, 20 MiB, 210 MHz, 405 MHz, 23.78 W, 26
1212063, /home/ndizazzo/dev/mesh/issue1393-q4-snapshot-20260930/target/release/xtask, 19932 MiB
 22:09:45 up 6 days,  6:00,  5 users,  load average: 0.52, 0.60, 0.76
2026-09-29T22:09:47-04:00
5 %, 20369 MiB, 2857 MHz, 13801 MHz, 69.80 W, 30
0 %, 20 MiB, 210 MHz, 405 MHz, 22.20 W, 26
1212063, /home/ndizazzo/dev/mesh/issue1393-q4-snapshot-20260930/target/release/xtask, 19932 MiB
 22:09:47 up 6 days,  6:00,  5 users,  load average: 0.52, 0.60, 0.76
2026-09-29T22:09:49-04:00
5 %, 20369 MiB, 2850 MHz, 13801 MHz, 69.28 W, 30
0 %, 20 MiB, 210 MHz, 405 MHz, 21.03 W, 26
1212063, /home/ndizazzo/dev/mesh/issue1393-q4-snapshot-20260930/target/release/xtask, 19932 MiB
 22:09:49 up 6 days,  6:00,  5 users,  load average: 0.52, 0.60, 0.76
2026-09-29T22:09:51-04:00
5 %, 20369 MiB, 2782 MHz, 13801 MHz, 67.92 W, 30
0 %, 20 MiB, 210 MHz, 405 MHz, 26.47 W, 26
1212063, /home/ndizazzo/dev/mesh/issue1393-q4-snapshot-20260930/target/release/xtask, 19932 MiB
 22:09:51 up 6 days,  6:00,  5 users,  load average: 0.56, 0.61, 0.76
2026-09-29T22:09:53-04:00
6 %, 20369 MiB, 2827 MHz, 13801 MHz, 69.95 W, 30
0 %, 20 MiB, 210 MHz, 405 MHz, 21.16 W, 26
1212063, /home/ndizazzo/dev/mesh/issue1393-q4-snapshot-20260930/target/release/xtask, 19932 MiB
 22:09:53 up 6 days,  6:00,  5 users,  load average: 0.56, 0.61, 0.76
2026-09-29T22:09:55-04:00
8 %, 20369 MiB, 2857 MHz, 13801 MHz, 74.40 W, 30
0 %, 20 MiB, 210 MHz, 405 MHz, 20.98 W, 26
1212063, /home/ndizazzo/dev/mesh/issue1393-q4-snapshot-20260930/target/release/xtask, 19932 MiB
 22:09:55 up 6 days,  6:00,  5 users,  load average: 0.60, 0.61, 0.76
2026-09-29T22:09:57-04:00
72 %, 20527 MiB, 2842 MHz, 13801 MHz, 268.73 W, 37
0 %, 20 MiB, 210 MHz, 405 MHz, 23.50 W, 26
1212063, /home/ndizazzo/dev/mesh/issue1393-q4-snapshot-20260930/target/release/xtask, 20090 MiB
 22:09:57 up 6 days,  6:01,  5 users,  load average: 0.60, 0.61, 0.76
2026-09-29T22:09:59-04:00
73 %, 20527 MiB, 2850 MHz, 13801 MHz, 307.05 W, 37
0 %, 20 MiB, 210 MHz, 405 MHz, 25.01 W, 26
1212063, /home/ndizazzo/dev/mesh/issue1393-q4-snapshot-20260930/target/release/xtask, 20090 MiB
 22:10:00 up 6 days,  6:01,  5 users,  load average: 0.60, 0.61, 0.76
2026-09-29T22:10:02-04:00
74 %, 20527 MiB, 2850 MHz, 13801 MHz, 297.79 W, 37
0 %, 20 MiB, 210 MHz, 405 MHz, 23.96 W, 26
1212063, /home/ndizazzo/dev/mesh/issue1393-q4-snapshot-20260930/target/release/xtask, 20090 MiB
 22:10:02 up 6 days,  6:01,  5 users,  load average: 0.63, 0.62, 0.77
2026-09-29T22:10:04-04:00
74 %, 20527 MiB, 2842 MHz, 13801 MHz, 321.23 W, 37
0 %, 20 MiB, 210 MHz, 405 MHz, 23.84 W, 26
1212063, /home/ndizazzo/dev/mesh/issue1393-q4-snapshot-20260930/target/release/xtask, 20090 MiB
 22:10:04 up 6 days,  6:01,  5 users,  load average: 0.63, 0.62, 0.77
2026-09-29T22:10:06-04:00
74 %, 20527 MiB, 2850 MHz, 13801 MHz, 308.62 W, 37
0 %, 20 MiB, 210 MHz, 405 MHz, 28.98 W, 26
1212063, /home/ndizazzo/dev/mesh/issue1393-q4-snapshot-20260930/target/release/xtask, 20090 MiB
 22:10:06 up 6 days,  6:01,  5 users,  load average: 0.66, 0.63, 0.77
2026-09-29T22:10:08-04:00
75 %, 20527 MiB, 2850 MHz, 13801 MHz, 298.26 W, 37
0 %, 20 MiB, 210 MHz, 405 MHz, 24.14 W, 26
1212063, /home/ndizazzo/dev/mesh/issue1393-q4-snapshot-20260930/target/release/xtask, 20090 MiB
 22:10:08 up 6 days,  6:01,  5 users,  load average: 0.66, 0.63, 0.77
2026-09-29T22:10:10-04:00
74 %, 20527 MiB, 2850 MHz, 13801 MHz, 316.42 W, 38
0 %, 20 MiB, 210 MHz, 405 MHz, 23.84 W, 26
1212063, /home/ndizazzo/dev/mesh/issue1393-q4-snapshot-20260930/target/release/xtask, 20090 MiB
 22:10:10 up 6 days,  6:01,  5 users,  load average: 0.77, 0.65, 0.77
2026-09-29T22:10:12-04:00
75 %, 20527 MiB, 2850 MHz, 13801 MHz, 302.53 W, 37
0 %, 20 MiB, 210 MHz, 405 MHz, 25.65 W, 27
1212063, /home/ndizazzo/dev/mesh/issue1393-q4-snapshot-20260930/target/release/xtask, 20090 MiB
 22:10:12 up 6 days,  6:01,  5 users,  load average: 0.77, 0.65, 0.77
2026-09-29T22:10:14-04:00
73 %, 20527 MiB, 2842 MHz, 13801 MHz, 320.53 W, 38
0 %, 20 MiB, 210 MHz, 405 MHz, 24.50 W, 26
1212063, /home/ndizazzo/dev/mesh/issue1393-q4-snapshot-20260930/target/release/xtask, 20090 MiB
 22:10:14 up 6 days,  6:01,  5 users,  load average: 0.77, 0.65, 0.77
2026-09-29T22:10:16-04:00
74 %, 20527 MiB, 2850 MHz, 13801 MHz, 309.52 W, 37
0 %, 20 MiB, 210 MHz, 405 MHz, 23.92 W, 26
1212063, /home/ndizazzo/dev/mesh/issue1393-q4-snapshot-20260930/target/release/xtask, 20090 MiB
 22:10:16 up 6 days,  6:01,  5 users,  load average: 0.79, 0.66, 0.78
2026-09-29T22:10:18-04:00
75 %, 20527 MiB, 2850 MHz, 13801 MHz, 299.77 W, 37
0 %, 20 MiB, 210 MHz, 405 MHz, 24.20 W, 26
1212063, /home/ndizazzo/dev/mesh/issue1393-q4-snapshot-20260930/target/release/xtask, 20090 MiB
 22:10:18 up 6 days,  6:01,  5 users,  load average: 0.79, 0.66, 0.78
2026-09-29T22:10:20-04:00
73 %, 20527 MiB, 2850 MHz, 13801 MHz, 315.37 W, 38
0 %, 20 MiB, 210 MHz, 405 MHz, 29.16 W, 27
1212063, /home/ndizazzo/dev/mesh/issue1393-q4-snapshot-20260930/target/release/xtask, 20090 MiB
 22:10:20 up 6 days,  6:01,  5 users,  load average: 0.80, 0.66, 0.78
2026-09-29T22:10:22-04:00
74 %, 20527 MiB, 2850 MHz, 13801 MHz, 305.36 W, 37
0 %, 20 MiB, 210 MHz, 405 MHz, 24.10 W, 26
1212063, /home/ndizazzo/dev/mesh/issue1393-q4-snapshot-20260930/target/release/xtask, 20090 MiB
 22:10:22 up 6 days,  6:01,  5 users,  load average: 0.80, 0.66, 0.78
2026-09-29T22:10:24-04:00
73 %, 20527 MiB, 2857 MHz, 13801 MHz, 303.38 W, 38
0 %, 20 MiB, 210 MHz, 405 MHz, 24.19 W, 26
1212063, /home/ndizazzo/dev/mesh/issue1393-q4-snapshot-20260930/target/release/xtask, 20090 MiB
 22:10:24 up 6 days,  6:01,  5 users,  load average: 0.80, 0.66, 0.78
2026-09-29T22:10:26-04:00
75 %, 20527 MiB, 2850 MHz, 13801 MHz, 317.88 W, 38
0 %, 20 MiB, 210 MHz, 405 MHz, 26.12 W, 27
1212063, /home/ndizazzo/dev/mesh/issue1393-q4-snapshot-20260930/target/release/xtask, 20090 MiB
 22:10:26 up 6 days,  6:01,  5 users,  load average: 0.82, 0.67, 0.78
2026-09-29T22:10:28-04:00
75 %, 20527 MiB, 2850 MHz, 13801 MHz, 301.07 W, 38
0 %, 20 MiB, 210 MHz, 405 MHz, 25.01 W, 26
1212063, /home/ndizazzo/dev/mesh/issue1393-q4-snapshot-20260930/target/release/xtask, 20090 MiB
 22:10:28 up 6 days,  6:01,  5 users,  load average: 0.82, 0.67, 0.78
2026-09-29T22:10:30-04:00
74 %, 20527 MiB, 2850 MHz, 13801 MHz, 322.52 W, 38
0 %, 20 MiB, 210 MHz, 405 MHz, 24.13 W, 26
1212063, /home/ndizazzo/dev/mesh/issue1393-q4-snapshot-20260930/target/release/xtask, 20090 MiB
 22:10:30 up 6 days,  6:01,  5 users,  load average: 0.91, 0.69, 0.79
2026-09-29T22:10:32-04:00
74 %, 20527 MiB, 2850 MHz, 13801 MHz, 309.13 W, 37
0 %, 20 MiB, 210 MHz, 405 MHz, 24.19 W, 26
1212063, /home/ndizazzo/dev/mesh/issue1393-q4-snapshot-20260930/target/release/xtask, 20090 MiB
 22:10:32 up 6 days,  6:01,  5 users,  load average: 0.91, 0.69, 0.79
2026-09-29T22:10:34-04:00
75 %, 20527 MiB, 2850 MHz, 13801 MHz, 298.22 W, 37
0 %, 20 MiB, 210 MHz, 405 MHz, 29.16 W, 27
1212063, /home/ndizazzo/dev/mesh/issue1393-q4-snapshot-20260930/target/release/xtask, 20090 MiB
 22:10:35 up 6 days,  6:01,  5 users,  load average: 0.91, 0.69, 0.79
2026-09-29T22:10:37-04:00
73 %, 20527 MiB, 2850 MHz, 13801 MHz, 316.10 W, 38
0 %, 20 MiB, 210 MHz, 405 MHz, 24.10 W, 26
1212063, /home/ndizazzo/dev/mesh/issue1393-q4-snapshot-20260930/target/release/xtask, 20090 MiB
 22:10:37 up 6 days,  6:01,  5 users,  load average: 0.92, 0.70, 0.79
2026-09-29T22:10:39-04:00
74 %, 20527 MiB, 2850 MHz, 13801 MHz, 305.03 W, 37
0 %, 20 MiB, 210 MHz, 405 MHz, 24.12 W, 26
1212063, /home/ndizazzo/dev/mesh/issue1393-q4-snapshot-20260930/target/release/xtask, 20090 MiB
 22:10:39 up 6 days,  6:01,  5 users,  load average: 0.92, 0.70, 0.79
2026-09-29T22:10:41-04:00
69 %, 20527 MiB, 2842 MHz, 13801 MHz, 307.06 W, 38
0 %, 20 MiB, 210 MHz, 405 MHz, 26.46 W, 26
1212063, /home/ndizazzo/dev/mesh/issue1393-q4-snapshot-20260930/target/release/xtask, 20090 MiB
 22:10:41 up 6 days,  6:01,  5 users,  load average: 0.93, 0.70, 0.79
2026-09-29T22:10:43-04:00
73 %, 20527 MiB, 2850 MHz, 13801 MHz, 310.45 W, 37
0 %, 20 MiB, 210 MHz, 405 MHz, 24.75 W, 27
1212063, /home/ndizazzo/dev/mesh/issue1393-q4-snapshot-20260930/target/release/xtask, 20090 MiB
 22:10:43 up 6 days,  6:01,  5 users,  load average: 0.93, 0.70, 0.79
2026-09-29T22:10:45-04:00
74 %, 20527 MiB, 2850 MHz, 13801 MHz, 300.50 W, 37
0 %, 20 MiB, 210 MHz, 405 MHz, 24.15 W, 26
1212063, /home/ndizazzo/dev/mesh/issue1393-q4-snapshot-20260930/target/release/xtask, 20090 MiB
 22:10:45 up 6 days,  6:01,  5 users,  load average: 0.93, 0.71, 0.79
2026-09-29T22:10:47-04:00
74 %, 20527 MiB, 2850 MHz, 13801 MHz, 321.19 W, 38
0 %, 20 MiB, 210 MHz, 405 MHz, 24.09 W, 26
1212063, /home/ndizazzo/dev/mesh/issue1393-q4-snapshot-20260930/target/release/xtask, 20090 MiB
 22:10:47 up 6 days,  6:01,  5 users,  load average: 0.93, 0.71, 0.79
2026-09-29T22:10:49-04:00
75 %, 20527 MiB, 2850 MHz, 13801 MHz, 306.43 W, 37
0 %, 20 MiB, 210 MHz, 405 MHz, 29.56 W, 27
1212063, /home/ndizazzo/dev/mesh/issue1393-q4-snapshot-20260930/target/release/xtask, 20092 MiB
 22:10:49 up 6 days,  6:01,  5 users,  load average: 0.93, 0.71, 0.79
2026-09-29T22:10:51-04:00
73 %, 20527 MiB, 2857 MHz, 13801 MHz, 302.80 W, 38
0 %, 20 MiB, 210 MHz, 405 MHz, 24.49 W, 26
1212063, /home/ndizazzo/dev/mesh/issue1393-q4-snapshot-20260930/target/release/xtask, 20090 MiB
 22:10:51 up 6 days,  6:01,  5 users,  load average: 0.94, 0.71, 0.79
2026-09-29T22:10:53-04:00
74 %, 20527 MiB, 2850 MHz, 13801 MHz, 318.09 W, 38
0 %, 20 MiB, 210 MHz, 405 MHz, 24.09 W, 26
1212063, /home/ndizazzo/dev/mesh/issue1393-q4-snapshot-20260930/target/release/xtask, 20090 MiB
 22:10:53 up 6 days,  6:01,  5 users,  load average: 0.94, 0.71, 0.79
2026-09-29T22:10:55-04:00
75 %, 20527 MiB, 2850 MHz, 13801 MHz, 304.11 W, 37
0 %, 20 MiB, 210 MHz, 405 MHz, 25.60 W, 27
1212063, /home/ndizazzo/dev/mesh/issue1393-q4-snapshot-20260930/target/release/xtask, 20090 MiB
 22:10:55 up 6 days,  6:01,  5 users,  load average: 0.94, 0.72, 0.79
2026-09-29T22:10:57-04:00
72 %, 20529 MiB, 2850 MHz, 13801 MHz, 316.05 W, 38
0 %, 20 MiB, 210 MHz, 405 MHz, 24.97 W, 27
1212063, /home/ndizazzo/dev/mesh/issue1393-q4-snapshot-20260930/target/release/xtask, 20090 MiB
 22:10:57 up 6 days,  6:02,  5 users,  load average: 0.94, 0.72, 0.79
2026-09-29T22:10:59-04:00
74 %, 20527 MiB, 2850 MHz, 13801 MHz, 311.41 W, 38
0 %, 20 MiB, 210 MHz, 405 MHz, 24.08 W, 26
1212063, /home/ndizazzo/dev/mesh/issue1393-q4-snapshot-20260930/target/release/xtask, 20090 MiB
 22:10:59 up 6 days,  6:02,  5 users,  load average: 0.94, 0.72, 0.79
2026-09-29T22:11:01-04:00
75 %, 20527 MiB, 2850 MHz, 13801 MHz, 301.46 W, 38
0 %, 20 MiB, 210 MHz, 405 MHz, 24.21 W, 27
1212063, /home/ndizazzo/dev/mesh/issue1393-q4-snapshot-20260930/target/release/xtask, 20090 MiB
 22:11:01 up 6 days,  6:02,  5 users,  load average: 0.95, 0.72, 0.79
2026-09-29T22:11:03-04:00
72 %, 20527 MiB, 2850 MHz, 13801 MHz, 317.20 W, 38
0 %, 20 MiB, 210 MHz, 405 MHz, 29.08 W, 27
1212063, /home/ndizazzo/dev/mesh/issue1393-q4-snapshot-20260930/target/release/xtask, 20090 MiB
 22:11:03 up 6 days,  6:02,  5 users,  load average: 0.95, 0.72, 0.79
2026-09-29T22:11:05-04:00
74 %, 20527 MiB, 2850 MHz, 13801 MHz, 304.10 W, 38
0 %, 20 MiB, 210 MHz, 405 MHz, 24.08 W, 27
1212063, /home/ndizazzo/dev/mesh/issue1393-q4-snapshot-20260930/target/release/xtask, 20090 MiB
 22:11:05 up 6 days,  6:02,  5 users,  load average: 0.95, 0.73, 0.80
2026-09-29T22:11:07-04:00
73 %, 20527 MiB, 2842 MHz, 13801 MHz, 311.52 W, 38
0 %, 20 MiB, 210 MHz, 405 MHz, 24.19 W, 27
1212063, /home/ndizazzo/dev/mesh/issue1393-q4-snapshot-20260930/target/release/xtask, 20090 MiB
 22:11:07 up 6 days,  6:02,  5 users,  load average: 0.95, 0.73, 0.80
2026-09-29T22:11:09-04:00
75 %, 20527 MiB, 2850 MHz, 13801 MHz, 316.58 W, 38
0 %, 20 MiB, 210 MHz, 405 MHz, 26.02 W, 27
1212063, /home/ndizazzo/dev/mesh/issue1393-q4-snapshot-20260930/target/release/xtask, 20090 MiB
 22:11:09 up 6 days,  6:02,  5 users,  load average: 0.95, 0.73, 0.80
2026-09-29T22:11:11-04:00
75 %, 20527 MiB, 2850 MHz, 13801 MHz, 301.84 W, 38
0 %, 20 MiB, 210 MHz, 405 MHz, 25.16 W, 27
1212063, /home/ndizazzo/dev/mesh/issue1393-q4-snapshot-20260930/target/release/xtask, 20090 MiB
 22:11:12 up 6 days,  6:02,  5 users,  load average: 0.96, 0.73, 0.80
2026-09-29T22:11:14-04:00
74 %, 20527 MiB, 2850 MHz, 13801 MHz, 324.30 W, 39
0 %, 20 MiB, 210 MHz, 405 MHz, 24.16 W, 27
1212063, /home/ndizazzo/dev/mesh/issue1393-q4-snapshot-20260930/target/release/xtask, 20092 MiB
 22:11:14 up 6 days,  6:02,  5 users,  load average: 0.96, 0.73, 0.80
2026-09-29T22:11:16-04:00
74 %, 20527 MiB, 2850 MHz, 13801 MHz, 312.23 W, 38
0 %, 20 MiB, 210 MHz, 405 MHz, 24.13 W, 27
1212063, /home/ndizazzo/dev/mesh/issue1393-q4-snapshot-20260930/target/release/xtask, 20090 MiB
 22:11:16 up 6 days,  6:02,  5 users,  load average: 0.96, 0.74, 0.80
2026-09-29T22:11:18-04:00
75 %, 20527 MiB, 2850 MHz, 13801 MHz, 300.46 W, 38
0 %, 20 MiB, 210 MHz, 405 MHz, 29.08 W, 28
1212063, /home/ndizazzo/dev/mesh/issue1393-q4-snapshot-20260930/target/release/xtask, 20090 MiB
 22:11:18 up 6 days,  6:02,  5 users,  load average: 0.96, 0.74, 0.80
2026-09-29T22:11:20-04:00
73 %, 20527 MiB, 2850 MHz, 13801 MHz, 318.05 W, 39
0 %, 20 MiB, 210 MHz, 405 MHz, 24.19 W, 27
1212063, /home/ndizazzo/dev/mesh/issue1393-q4-snapshot-20260930/target/release/xtask, 20090 MiB
 22:11:20 up 6 days,  6:02,  5 users,  load average: 0.96, 0.74, 0.80
2026-09-29T22:11:22-04:00
75 %, 20527 MiB, 2850 MHz, 13801 MHz, 304.92 W, 38
0 %, 20 MiB, 210 MHz, 405 MHz, 24.08 W, 27
1212063, /home/ndizazzo/dev/mesh/issue1393-q4-snapshot-20260930/target/release/xtask, 20090 MiB
 22:11:22 up 6 days,  6:02,  5 users,  load average: 0.96, 0.74, 0.80
2026-09-29T22:11:24-04:00
0 %, 431 MiB, 2925 MHz, 14001 MHz, 121.31 W, 32
0 %, 20 MiB, 210 MHz, 405 MHz, 25.92 W, 28
 22:11:24 up 6 days,  6:02,  5 users,  load average: 0.96, 0.74, 0.80
2026-09-29T22:11:26-04:00
0 %, 431 MiB, 442 MHz, 7001 MHz, 25.61 W, 31
0 %, 20 MiB, 210 MHz, 405 MHz, 22.01 W, 28
 22:11:26 up 6 days,  6:02,  5 users,  load average: 0.97, 0.75, 0.80
2026-09-29T22:11:28-04:00
0 %, 431 MiB, 202 MHz, 7001 MHz, 24.74 W, 30
0 %, 20 MiB, 210 MHz, 405 MHz, 21.26 W, 27
 22:11:28 up 6 days,  6:02,  5 users,  load average: 0.97, 0.75, 0.80
2026-09-29T22:11:30-04:00
0 %, 431 MiB, 217 MHz, 810 MHz, 22.08 W, 30
0 %, 20 MiB, 210 MHz, 405 MHz, 21.32 W, 27
 22:11:30 up 6 days,  6:02,  5 users,  load average: 0.97, 0.75, 0.80
2026-09-29T22:11:32-04:00
0 %, 431 MiB, 247 MHz, 405 MHz, 8.21 W, 30
0 %, 20 MiB, 210 MHz, 405 MHz, 28.25 W, 28
 22:11:32 up 6 days,  6:02,  5 users,  load average: 0.97, 0.75, 0.80
2026-09-29T22:11:34-04:00
0 %, 429 MiB, 247 MHz, 405 MHz, 8.36 W, 30
0 %, 17 MiB, 210 MHz, 405 MHz, 22.76 W, 28
 22:11:34 up 6 days,  6:02,  5 users,  load average: 0.97, 0.75, 0.80
2026-09-29T22:11:36-04:00
0 %, 429 MiB, 247 MHz, 405 MHz, 7.23 W, 30
0 %, 17 MiB, 210 MHz, 405 MHz, 22.05 W, 28
 22:11:36 up 6 days,  6:02,  5 users,  load average: 0.97, 0.75, 0.80
2026-09-29T22:11:38-04:00
0 %, 429 MiB, 247 MHz, 405 MHz, 7.17 W, 30
0 %, 17 MiB, 210 MHz, 405 MHz, 25.66 W, 28
 22:11:38 up 6 days,  6:02,  5 users,  load average: 0.97, 0.75, 0.80
2026-09-29T22:11:40-04:00
0 %, 429 MiB, 247 MHz, 405 MHz, 7.03 W, 30
0 %, 17 MiB, 210 MHz, 405 MHz, 22.29 W, 28
 22:11:40 up 6 days,  6:02,  5 users,  load average: 0.97, 0.76, 0.81
2026-09-29T22:11:42-04:00
0 %, 429 MiB, 247 MHz, 405 MHz, 6.86 W, 30
0 %, 17 MiB, 210 MHz, 405 MHz, 20.97 W, 28
 22:11:43 up 6 days,  6:02,  5 users,  load average: 0.97, 0.76, 0.81
2026-09-29T22:11:45-04:00
0 %, 429 MiB, 247 MHz, 405 MHz, 6.69 W, 30
0 %, 17 MiB, 210 MHz, 405 MHz, 21.15 W, 28
 22:11:45 up 6 days,  6:02,  5 users,  load average: 0.97, 0.76, 0.81
2026-09-29T22:11:47-04:00
0 %, 429 MiB, 247 MHz, 405 MHz, 6.84 W, 30
0 %, 17 MiB, 210 MHz, 405 MHz, 22.14 W, 28
 22:11:47 up 6 days,  6:02,  5 users,  load average: 0.98, 0.76, 0.81
2026-09-29T22:11:49-04:00
0 %, 429 MiB, 247 MHz, 405 MHz, 6.99 W, 30
0 %, 17 MiB, 210 MHz, 405 MHz, 21.08 W, 28
 22:11:49 up 6 days,  6:02,  5 users,  load average: 0.98, 0.76, 0.81
2026-09-29T22:11:51-04:00
0 %, 429 MiB, 247 MHz, 405 MHz, 6.91 W, 30
0 %, 17 MiB, 210 MHz, 405 MHz, 21.12 W, 28
 22:11:51 up 6 days,  6:02,  5 users,  load average: 0.98, 0.77, 0.81
2026-09-29T22:11:53-04:00
0 %, 429 MiB, 247 MHz, 405 MHz, 7.05 W, 30
0 %, 17 MiB, 210 MHz, 405 MHz, 27.47 W, 28
 22:11:53 up 6 days,  6:02,  5 users,  load average: 0.98, 0.77, 0.81
2026-09-29T22:11:55-04:00
0 %, 429 MiB, 247 MHz, 405 MHz, 7.29 W, 30
0 %, 17 MiB, 210 MHz, 405 MHz, 21.04 W, 28
 22:11:55 up 6 days,  6:02,  5 users,  load average: 0.98, 0.77, 0.81
2026-09-29T22:11:57-04:00
0 %, 429 MiB, 247 MHz, 405 MHz, 7.46 W, 30
0 %, 17 MiB, 210 MHz, 405 MHz, 20.97 W, 28
 22:11:57 up 6 days,  6:03,  5 users,  load average: 0.98, 0.77, 0.81
2026-09-29T22:11:59-04:00
0 %, 429 MiB, 262 MHz, 405 MHz, 8.54 W, 30
0 %, 17 MiB, 210 MHz, 405 MHz, 20.95 W, 28
 22:11:59 up 6 days,  6:03,  5 users,  load average: 0.98, 0.77, 0.81
2026-09-29T22:12:01-04:00
0 %, 429 MiB, 247 MHz, 405 MHz, 7.16 W, 30
0 %, 17 MiB, 210 MHz, 405 MHz, 22.10 W, 28
 22:12:01 up 6 days,  6:03,  5 users,  load average: 0.98, 0.77, 0.81
2026-09-29T22:12:03-04:00
0 %, 429 MiB, 247 MHz, 405 MHz, 7.04 W, 30
0 %, 17 MiB, 210 MHz, 405 MHz, 20.86 W, 28
 22:12:03 up 6 days,  6:03,  5 users,  load average: 0.98, 0.77, 0.81
2026-09-29T22:12:05-04:00
0 %, 429 MiB, 247 MHz, 405 MHz, 7.14 W, 31
0 %, 17 MiB, 210 MHz, 405 MHz, 20.90 W, 28
 22:12:05 up 6 days,  6:03,  5 users,  load average: 0.98, 0.78, 0.81
2026-09-29T22:12:07-04:00
8 %, 20369 MiB, 2925 MHz, 13801 MHz, 66.54 W, 32
0 %, 20 MiB, 210 MHz, 405 MHz, 28.80 W, 28
1212892, /home/ndizazzo/dev/mesh/issue1393-q4-snapshot-20260930/target/release/xtask, 19932 MiB
 22:12:07 up 6 days,  6:03,  5 users,  load average: 0.98, 0.78, 0.81
2026-09-29T22:12:09-04:00
6 %, 20369 MiB, 2820 MHz, 13801 MHz, 70.95 W, 32
0 %, 20 MiB, 210 MHz, 405 MHz, 21.90 W, 28
1212892, /home/ndizazzo/dev/mesh/issue1393-q4-snapshot-20260930/target/release/xtask, 19932 MiB
 22:12:09 up 6 days,  6:03,  5 users,  load average: 0.98, 0.78, 0.81
2026-09-29T22:12:11-04:00
5 %, 20369 MiB, 2782 MHz, 13801 MHz, 70.61 W, 32
0 %, 20 MiB, 210 MHz, 405 MHz, 20.96 W, 28
1212892, /home/ndizazzo/dev/mesh/issue1393-q4-snapshot-20260930/target/release/xtask, 19932 MiB
 22:12:11 up 6 days,  6:03,  5 users,  load average: 0.99, 0.78, 0.81
2026-09-29T22:12:13-04:00
5 %, 20369 MiB, 2820 MHz, 13801 MHz, 70.96 W, 32
0 %, 20 MiB, 210 MHz, 405 MHz, 21.11 W, 28
1212892, /home/ndizazzo/dev/mesh/issue1393-q4-snapshot-20260930/target/release/xtask, 19932 MiB
 22:12:14 up 6 days,  6:03,  5 users,  load average: 0.99, 0.78, 0.81
2026-09-29T22:12:16-04:00
6 %, 20369 MiB, 2842 MHz, 13801 MHz, 71.72 W, 32
0 %, 20 MiB, 210 MHz, 405 MHz, 21.72 W, 28
1212892, /home/ndizazzo/dev/mesh/issue1393-q4-snapshot-20260930/target/release/xtask, 19932 MiB
 22:12:16 up 6 days,  6:03,  5 users,  load average: 0.99, 0.79, 0.82
2026-09-29T22:12:18-04:00
8 %, 20369 MiB, 2842 MHz, 13801 MHz, 78.08 W, 32
0 %, 20 MiB, 210 MHz, 405 MHz, 20.84 W, 28
1212892, /home/ndizazzo/dev/mesh/issue1393-q4-snapshot-20260930/target/release/xtask, 19932 MiB
 22:12:18 up 6 days,  6:03,  5 users,  load average: 0.99, 0.79, 0.82
2026-09-29T22:12:20-04:00
72 %, 20527 MiB, 2842 MHz, 13801 MHz, 290.83 W, 39
0 %, 20 MiB, 210 MHz, 405 MHz, 21.80 W, 28
1212892, /home/ndizazzo/dev/mesh/issue1393-q4-snapshot-20260930/target/release/xtask, 20090 MiB
 22:12:20 up 6 days,  6:03,  5 users,  load average: 0.99, 0.79, 0.82
2026-09-29T22:12:22-04:00
71 %, 20527 MiB, 2842 MHz, 13801 MHz, 320.33 W, 39
0 %, 20 MiB, 210 MHz, 405 MHz, 28.97 W, 28
1212892, /home/ndizazzo/dev/mesh/issue1393-q4-snapshot-20260930/target/release/xtask, 20090 MiB
 22:12:22 up 6 days,  6:03,  5 users,  load average: 0.99, 0.79, 0.82
2026-09-29T22:12:24-04:00
53 %, 20527 MiB, 2865 MHz, 13801 MHz, 318.45 W, 39
0 %, 20 MiB, 210 MHz, 405 MHz, 23.94 W, 28
1212892, /home/ndizazzo/dev/mesh/issue1393-q4-snapshot-20260930/target/release/xtask, 20090 MiB
 22:12:24 up 6 days,  6:03,  5 users,  load average: 0.99, 0.79, 0.82
2026-09-29T22:12:26-04:00
73 %, 20527 MiB, 2850 MHz, 13801 MHz, 326.72 W, 40
0 %, 20 MiB, 210 MHz, 405 MHz, 23.55 W, 28
1212892, /home/ndizazzo/dev/mesh/issue1393-q4-snapshot-20260930/target/release/xtask, 20090 MiB
 22:12:26 up 6 days,  6:03,  5 users,  load average: 0.99, 0.79, 0.82
2026-09-29T22:12:28-04:00
72 %, 20527 MiB, 2842 MHz, 13801 MHz, 324.05 W, 39
0 %, 20 MiB, 210 MHz, 405 MHz, 24.43 W, 28
1212892, /home/ndizazzo/dev/mesh/issue1393-q4-snapshot-20260930/target/release/xtask, 20090 MiB
 22:12:28 up 6 days,  6:03,  5 users,  load average: 0.99, 0.79, 0.82
2026-09-29T22:12:30-04:00
73 %, 20527 MiB, 2850 MHz, 13801 MHz, 327.42 W, 39
0 %, 20 MiB, 210 MHz, 405 MHz, 24.38 W, 28
1212892, /home/ndizazzo/dev/mesh/issue1393-q4-snapshot-20260930/target/release/xtask, 20090 MiB
 22:12:30 up 6 days,  6:03,  5 users,  load average: 0.99, 0.80, 0.82
2026-09-29T22:12:32-04:00
72 %, 20529 MiB, 2850 MHz, 13801 MHz, 326.04 W, 39
0 %, 20 MiB, 210 MHz, 405 MHz, 23.72 W, 28
1212892, /home/ndizazzo/dev/mesh/issue1393-q4-snapshot-20260930/target/release/xtask, 20090 MiB
 22:12:32 up 6 days,  6:03,  5 users,  load average: 0.99, 0.80, 0.82
2026-09-29T22:12:34-04:00
72 %, 20527 MiB, 2850 MHz, 13801 MHz, 322.63 W, 39
0 %, 20 MiB, 210 MHz, 405 MHz, 23.70 W, 28
1212892, /home/ndizazzo/dev/mesh/issue1393-q4-snapshot-20260930/target/release/xtask, 20090 MiB
 22:12:34 up 6 days,  6:03,  5 users,  load average: 0.99, 0.80, 0.82
2026-09-29T22:12:36-04:00
72 %, 20527 MiB, 2850 MHz, 13801 MHz, 324.27 W, 39
0 %, 20 MiB, 210 MHz, 405 MHz, 28.87 W, 28
1212892, /home/ndizazzo/dev/mesh/issue1393-q4-snapshot-20260930/target/release/xtask, 20090 MiB
 22:12:36 up 6 days,  6:03,  5 users,  load average: 0.99, 0.80, 0.82
2026-09-29T22:12:38-04:00
72 %, 20527 MiB, 2842 MHz, 13801 MHz, 323.90 W, 39
0 %, 20 MiB, 210 MHz, 405 MHz, 23.78 W, 28
1212892, /home/ndizazzo/dev/mesh/issue1393-q4-snapshot-20260930/target/release/xtask, 20090 MiB
 22:12:38 up 6 days,  6:03,  5 users,  load average: 0.99, 0.80, 0.82
2026-09-29T22:12:40-04:00
72 %, 20527 MiB, 2842 MHz, 13801 MHz, 321.63 W, 39
0 %, 20 MiB, 210 MHz, 405 MHz, 23.61 W, 28
1212892, /home/ndizazzo/dev/mesh/issue1393-q4-snapshot-20260930/target/release/xtask, 20090 MiB
 22:12:40 up 6 days,  6:03,  5 users,  load average: 0.99, 0.80, 0.82
2026-09-29T22:12:42-04:00
71 %, 20527 MiB, 2850 MHz, 13801 MHz, 321.25 W, 39
0 %, 20 MiB, 210 MHz, 405 MHz, 24.94 W, 28
1212892, /home/ndizazzo/dev/mesh/issue1393-q4-snapshot-20260930/target/release/xtask, 20090 MiB
 22:12:42 up 6 days,  6:03,  5 users,  load average: 0.99, 0.80, 0.82
2026-09-29T22:12:44-04:00
73 %, 20527 MiB, 2850 MHz, 13801 MHz, 323.44 W, 39
0 %, 20 MiB, 210 MHz, 405 MHz, 24.02 W, 28
1212892, /home/ndizazzo/dev/mesh/issue1393-q4-snapshot-20260930/target/release/xtask, 20090 MiB
 22:12:44 up 6 days,  6:03,  5 users,  load average: 0.99, 0.80, 0.82
2026-09-29T22:12:46-04:00
73 %, 20527 MiB, 2850 MHz, 13801 MHz, 326.90 W, 39
0 %, 20 MiB, 210 MHz, 405 MHz, 23.52 W, 28
1212892, /home/ndizazzo/dev/mesh/issue1393-q4-snapshot-20260930/target/release/xtask, 20090 MiB
 22:12:46 up 6 days,  6:03,  5 users,  load average: 0.99, 0.81, 0.82
2026-09-29T22:12:48-04:00
72 %, 20527 MiB, 2842 MHz, 13801 MHz, 323.90 W, 39
0 %, 20 MiB, 210 MHz, 405 MHz, 23.80 W, 28
1212892, /home/ndizazzo/dev/mesh/issue1393-q4-snapshot-20260930/target/release/xtask, 20090 MiB
 22:12:49 up 6 days,  6:03,  5 users,  load average: 0.99, 0.81, 0.82
2026-09-29T22:12:51-04:00
73 %, 20527 MiB, 2850 MHz, 13801 MHz, 328.25 W, 39
0 %, 20 MiB, 210 MHz, 405 MHz, 29.17 W, 28
1212892, /home/ndizazzo/dev/mesh/issue1393-q4-snapshot-20260930/target/release/xtask, 20090 MiB
 22:12:51 up 6 days,  6:03,  5 users,  load average: 0.99, 0.81, 0.82
2026-09-29T22:12:53-04:00
72 %, 20527 MiB, 2850 MHz, 13801 MHz, 325.55 W, 39
0 %, 20 MiB, 210 MHz, 405 MHz, 24.09 W, 28
1212892, /home/ndizazzo/dev/mesh/issue1393-q4-snapshot-20260930/target/release/xtask, 20090 MiB
 22:12:53 up 6 days,  6:03,  5 users,  load average: 0.99, 0.81, 0.82
2026-09-29T22:12:55-04:00
72 %, 20527 MiB, 2850 MHz, 13801 MHz, 322.17 W, 39
0 %, 20 MiB, 210 MHz, 405 MHz, 23.78 W, 28
1212892, /home/ndizazzo/dev/mesh/issue1393-q4-snapshot-20260930/target/release/xtask, 20090 MiB
 22:12:55 up 6 days,  6:03,  5 users,  load average: 0.99, 0.81, 0.82
2026-09-29T22:12:57-04:00
72 %, 20527 MiB, 2850 MHz, 13801 MHz, 324.26 W, 39
0 %, 20 MiB, 210 MHz, 405 MHz, 25.65 W, 28
1212892, /home/ndizazzo/dev/mesh/issue1393-q4-snapshot-20260930/target/release/xtask, 20090 MiB
 22:12:57 up 6 days,  6:04,  5 users,  load average: 1.00, 0.81, 0.83
2026-09-29T22:12:59-04:00
72 %, 20527 MiB, 2850 MHz, 13801 MHz, 323.59 W, 39
0 %, 20 MiB, 210 MHz, 405 MHz, 24.37 W, 28
1212892, /home/ndizazzo/dev/mesh/issue1393-q4-snapshot-20260930/target/release/xtask, 20090 MiB
 22:12:59 up 6 days,  6:04,  5 users,  load average: 1.00, 0.81, 0.83
2026-09-29T22:13:01-04:00
71 %, 20527 MiB, 2842 MHz, 13801 MHz, 322.95 W, 39
0 %, 20 MiB, 210 MHz, 405 MHz, 23.66 W, 27
1212892, /home/ndizazzo/dev/mesh/issue1393-q4-snapshot-20260930/target/release/xtask, 20090 MiB
 22:13:01 up 6 days,  6:04,  5 users,  load average: 1.00, 0.82, 0.83
2026-09-29T22:13:03-04:00
72 %, 20527 MiB, 2850 MHz, 13801 MHz, 322.36 W, 39
0 %, 20 MiB, 210 MHz, 405 MHz, 23.84 W, 27
1212892, /home/ndizazzo/dev/mesh/issue1393-q4-snapshot-20260930/target/release/xtask, 20090 MiB
 22:13:03 up 6 days,  6:04,  5 users,  load average: 1.00, 0.82, 0.83
2026-09-29T22:13:05-04:00
73 %, 20527 MiB, 2842 MHz, 13801 MHz, 324.67 W, 39
0 %, 20 MiB, 210 MHz, 405 MHz, 29.05 W, 28
1212892, /home/ndizazzo/dev/mesh/issue1393-q4-snapshot-20260930/target/release/xtask, 20090 MiB
 22:13:05 up 6 days,  6:04,  5 users,  load average: 1.00, 0.82, 0.83
2026-09-29T22:13:07-04:00
73 %, 20527 MiB, 2850 MHz, 13801 MHz, 327.35 W, 39
0 %, 20 MiB, 210 MHz, 405 MHz, 23.71 W, 27
1212892, /home/ndizazzo/dev/mesh/issue1393-q4-snapshot-20260930/target/release/xtask, 20090 MiB
 22:13:07 up 6 days,  6:04,  5 users,  load average: 1.00, 0.82, 0.83
2026-09-29T22:13:09-04:00
72 %, 20527 MiB, 2850 MHz, 13801 MHz, 323.47 W, 39
0 %, 20 MiB, 210 MHz, 405 MHz, 23.94 W, 27
1212892, /home/ndizazzo/dev/mesh/issue1393-q4-snapshot-20260930/target/release/xtask, 20090 MiB
 22:13:09 up 6 days,  6:04,  5 users,  load average: 1.00, 0.82, 0.83
2026-09-29T22:13:11-04:00
73 %, 20527 MiB, 2850 MHz, 13801 MHz, 327.39 W, 39
0 %, 20 MiB, 210 MHz, 405 MHz, 24.88 W, 28
1212892, /home/ndizazzo/dev/mesh/issue1393-q4-snapshot-20260930/target/release/xtask, 20090 MiB
 22:13:11 up 6 days,  6:04,  5 users,  load average: 1.00, 0.83, 0.83
2026-09-29T22:13:13-04:00
72 %, 20527 MiB, 2850 MHz, 13801 MHz, 324.59 W, 39
0 %, 20 MiB, 210 MHz, 405 MHz, 24.95 W, 28
1212892, /home/ndizazzo/dev/mesh/issue1393-q4-snapshot-20260930/target/release/xtask, 20090 MiB
 22:13:13 up 6 days,  6:04,  5 users,  load average: 1.00, 0.83, 0.83
2026-09-29T22:13:15-04:00
72 %, 20527 MiB, 2850 MHz, 13801 MHz, 323.09 W, 39
0 %, 20 MiB, 210 MHz, 405 MHz, 23.81 W, 28
1212892, /home/ndizazzo/dev/mesh/issue1393-q4-snapshot-20260930/target/release/xtask, 20090 MiB
 22:13:15 up 6 days,  6:04,  5 users,  load average: 1.00, 0.83, 0.83
2026-09-29T22:13:17-04:00
72 %, 20527 MiB, 2850 MHz, 13801 MHz, 323.97 W, 39
0 %, 20 MiB, 210 MHz, 405 MHz, 23.87 W, 28
1212892, /home/ndizazzo/dev/mesh/issue1393-q4-snapshot-20260930/target/release/xtask, 20090 MiB
 22:13:17 up 6 days,  6:04,  5 users,  load average: 1.00, 0.83, 0.83
2026-09-29T22:13:19-04:00
72 %, 20527 MiB, 2850 MHz, 13801 MHz, 323.52 W, 39
0 %, 20 MiB, 210 MHz, 405 MHz, 28.97 W, 28
1212892, /home/ndizazzo/dev/mesh/issue1393-q4-snapshot-20260930/target/release/xtask, 20090 MiB
 22:13:19 up 6 days,  6:04,  5 users,  load average: 1.00, 0.83, 0.83
2026-09-29T22:13:21-04:00
71 %, 20527 MiB, 2850 MHz, 13801 MHz, 322.61 W, 40
0 %, 20 MiB, 210 MHz, 405 MHz, 24.04 W, 28
1212892, /home/ndizazzo/dev/mesh/issue1393-q4-snapshot-20260930/target/release/xtask, 20090 MiB
 22:13:21 up 6 days,  6:04,  5 users,  load average: 1.00, 0.83, 0.83
2026-09-29T22:13:23-04:00
71 %, 20527 MiB, 2850 MHz, 13801 MHz, 321.82 W, 39
0 %, 20 MiB, 210 MHz, 405 MHz, 23.75 W, 28
1212892, /home/ndizazzo/dev/mesh/issue1393-q4-snapshot-20260930/target/release/xtask, 20090 MiB
 22:13:24 up 6 days,  6:04,  5 users,  load average: 1.00, 0.83, 0.83
2026-09-29T22:13:26-04:00
73 %, 20529 MiB, 2842 MHz, 13801 MHz, 326.05 W, 40
0 %, 20 MiB, 210 MHz, 405 MHz, 25.36 W, 28
1212892, /home/ndizazzo/dev/mesh/issue1393-q4-snapshot-20260930/target/release/xtask, 20090 MiB
 22:13:26 up 6 days,  6:04,  5 users,  load average: 1.00, 0.83, 0.83
2026-09-29T22:13:28-04:00
72 %, 20527 MiB, 2842 MHz, 13801 MHz, 326.67 W, 40
0 %, 20 MiB, 210 MHz, 405 MHz, 24.44 W, 28
1212892, /home/ndizazzo/dev/mesh/issue1393-q4-snapshot-20260930/target/release/xtask, 20092 MiB
 22:13:28 up 6 days,  6:04,  5 users,  load average: 1.00, 0.83, 0.83
2026-09-29T22:13:30-04:00
72 %, 20527 MiB, 2850 MHz, 13801 MHz, 324.34 W, 40
0 %, 20 MiB, 210 MHz, 405 MHz, 23.70 W, 28
1212892, /home/ndizazzo/dev/mesh/issue1393-q4-snapshot-20260930/target/release/xtask, 20090 MiB
 22:13:30 up 6 days,  6:04,  5 users,  load average: 1.00, 0.83, 0.83
2026-09-29T22:13:32-04:00
73 %, 20527 MiB, 2842 MHz, 13801 MHz, 328.80 W, 40
0 %, 20 MiB, 210 MHz, 405 MHz, 23.64 W, 28
1212892, /home/ndizazzo/dev/mesh/issue1393-q4-snapshot-20260930/target/release/xtask, 20090 MiB
 22:13:32 up 6 days,  6:04,  5 users,  load average: 1.00, 0.84, 0.83
2026-09-29T22:13:34-04:00
73 %, 20527 MiB, 2842 MHz, 13801 MHz, 324.73 W, 40
0 %, 20 MiB, 210 MHz, 405 MHz, 29.10 W, 28
1212892, /home/ndizazzo/dev/mesh/issue1393-q4-snapshot-20260930/target/release/xtask, 20090 MiB
 22:13:34 up 6 days,  6:04,  5 users,  load average: 1.00, 0.84, 0.83
2026-09-29T22:13:36-04:00
72 %, 20527 MiB, 2850 MHz, 13801 MHz, 325.61 W, 40
0 %, 20 MiB, 210 MHz, 405 MHz, 24.05 W, 28
1212892, /home/ndizazzo/dev/mesh/issue1393-q4-snapshot-20260930/target/release/xtask, 20090 MiB
 22:13:36 up 6 days,  6:04,  5 users,  load average: 1.00, 0.84, 0.83
2026-09-29T22:13:38-04:00
73 %, 20527 MiB, 2850 MHz, 13801 MHz, 325.21 W, 40
0 %, 20 MiB, 210 MHz, 405 MHz, 23.78 W, 28
1212892, /home/ndizazzo/dev/mesh/issue1393-q4-snapshot-20260930/target/release/xtask, 20090 MiB
 22:13:38 up 6 days,  6:04,  5 users,  load average: 1.00, 0.84, 0.83
2026-09-29T22:13:40-04:00
72 %, 431 MiB, 2850 MHz, 13801 MHz, 324.70 W, 40
0 %, 20 MiB, 210 MHz, 405 MHz, 25.68 W, 29
 22:13:40 up 6 days,  6:04,  5 users,  load average: 1.00, 0.84, 0.83
2026-09-29T22:13:42-04:00
0 %, 431 MiB, 2752 MHz, 7001 MHz, 61.91 W, 32
0 %, 20 MiB, 210 MHz, 405 MHz, 28.74 W, 29
 22:13:42 up 6 days,  6:04,  5 users,  load average: 1.00, 0.84, 0.83
2026-09-29T22:13:44-04:00
0 %, 431 MiB, 330 MHz, 7001 MHz, 25.21 W, 32
0 %, 20 MiB, 210 MHz, 405 MHz, 21.16 W, 28
 22:13:44 up 6 days,  6:04,  5 users,  load average: 1.00, 0.84, 0.83
2026-09-29T22:13:46-04:00
0 %, 431 MiB, 202 MHz, 7001 MHz, 24.89 W, 31
0 %, 20 MiB, 210 MHz, 405 MHz, 20.93 W, 28
 22:13:46 up 6 days,  6:04,  5 users,  load average: 1.00, 0.85, 0.83
2026-09-29T22:13:48-04:00
0 %, 431 MiB, 232 MHz, 810 MHz, 9.82 W, 31
0 %, 20 MiB, 210 MHz, 405 MHz, 26.34 W, 29
 22:13:48 up 6 days,  6:04,  5 users,  load average: 1.00, 0.85, 0.83
2026-09-29T22:13:50-04:00
0 %, 431 MiB, 247 MHz, 405 MHz, 7.21 W, 31
0 %, 20 MiB, 210 MHz, 405 MHz, 21.02 W, 28
 22:13:50 up 6 days,  6:04,  5 users,  load average: 1.00, 0.85, 0.84
2026-09-29T22:13:52-04:00
0 %, 429 MiB, 247 MHz, 405 MHz, 6.62 W, 31
0 %, 17 MiB, 210 MHz, 405 MHz, 28.76 W, 29
 22:13:52 up 6 days,  6:04,  5 users,  load average: 1.00, 0.85, 0.84
2026-09-29T22:13:54-04:00
0 %, 429 MiB, 247 MHz, 405 MHz, 8.15 W, 31
0 %, 17 MiB, 210 MHz, 405 MHz, 24.46 W, 29
 22:13:54 up 6 days,  6:04,  5 users,  load average: 1.00, 0.85, 0.84
2026-09-29T22:13:56-04:00
0 %, 429 MiB, 247 MHz, 405 MHz, 7.39 W, 31
0 %, 17 MiB, 210 MHz, 405 MHz, 21.70 W, 29
 22:13:56 up 6 days,  6:04,  5 users,  load average: 1.00, 0.85, 0.84
2026-09-29T22:13:58-04:00
0 %, 429 MiB, 247 MHz, 405 MHz, 7.13 W, 31
0 %, 17 MiB, 210 MHz, 405 MHz, 20.91 W, 28
 22:13:59 up 6 days,  6:05,  5 users,  load average: 1.00, 0.85, 0.84
2026-09-29T22:14:01-04:00
0 %, 429 MiB, 247 MHz, 405 MHz, 7.12 W, 31
0 %, 17 MiB, 210 MHz, 405 MHz, 21.05 W, 28
 22:14:01 up 6 days,  6:05,  5 users,  load average: 1.00, 0.85, 0.84
2026-09-29T22:14:03-04:00
0 %, 429 MiB, 247 MHz, 405 MHz, 7.35 W, 31
0 %, 17 MiB, 210 MHz, 405 MHz, 22.17 W, 29
 22:14:03 up 6 days,  6:05,  5 users,  load average: 1.00, 0.85, 0.84
2026-09-29T22:14:05-04:00
0 %, 429 MiB, 247 MHz, 405 MHz, 7.54 W, 31
0 %, 17 MiB, 210 MHz, 405 MHz, 20.99 W, 29
 22:14:05 up 6 days,  6:05,  5 users,  load average: 1.00, 0.86, 0.84
2026-09-29T22:14:07-04:00
0 %, 429 MiB, 247 MHz, 405 MHz, 7.33 W, 31
0 %, 17 MiB, 210 MHz, 405 MHz, 20.99 W, 29
 22:14:07 up 6 days,  6:05,  5 users,  load average: 1.00, 0.86, 0.84
2026-09-29T22:14:09-04:00
0 %, 429 MiB, 247 MHz, 405 MHz, 7.44 W, 31
0 %, 17 MiB, 210 MHz, 405 MHz, 27.06 W, 29
 22:14:09 up 6 days,  6:05,  5 users,  load average: 1.00, 0.86, 0.84
2026-09-29T22:14:11-04:00
0 %, 429 MiB, 247 MHz, 405 MHz, 7.53 W, 31
0 %, 17 MiB, 210 MHz, 405 MHz, 21.97 W, 29
 22:14:11 up 6 days,  6:05,  5 users,  load average: 1.00, 0.86, 0.84
2026-09-29T22:14:13-04:00
0 %, 429 MiB, 247 MHz, 405 MHz, 7.33 W, 31
0 %, 17 MiB, 210 MHz, 405 MHz, 20.96 W, 29
 22:14:13 up 6 days,  6:05,  5 users,  load average: 1.00, 0.86, 0.84
2026-09-29T22:14:15-04:00
0 %, 429 MiB, 247 MHz, 405 MHz, 7.03 W, 31
0 %, 17 MiB, 210 MHz, 405 MHz, 20.96 W, 29
 22:14:15 up 6 days,  6:05,  5 users,  load average: 1.00, 0.86, 0.84
2026-09-29T22:14:17-04:00
0 %, 429 MiB, 247 MHz, 405 MHz, 7.03 W, 31
0 %, 17 MiB, 210 MHz, 405 MHz, 21.70 W, 29
 22:14:17 up 6 days,  6:05,  5 users,  load average: 1.00, 0.86, 0.84
2026-09-29T22:14:19-04:00
0 %, 429 MiB, 247 MHz, 405 MHz, 6.98 W, 31
0 %, 17 MiB, 210 MHz, 405 MHz, 20.84 W, 29
 22:14:19 up 6 days,  6:05,  5 users,  load average: 1.00, 0.86, 0.84
2026-09-29T22:14:21-04:00
0 %, 429 MiB, 247 MHz, 405 MHz, 7.00 W, 31
0 %, 17 MiB, 210 MHz, 405 MHz, 20.95 W, 29
 22:14:21 up 6 days,  6:05,  5 users,  load average: 1.00, 0.86, 0.84
2026-09-29T22:14:23-04:00
1 %, 20369 MiB, 255 MHz, 13801 MHz, 11.38 W, 32
0 %, 20 MiB, 210 MHz, 405 MHz, 27.52 W, 29
1213575, /home/ndizazzo/dev/mesh/issue1393-q4-snapshot-20260930/target/release/xtask, 19932 MiB
 22:14:23 up 6 days,  6:05,  5 users,  load average: 1.00, 0.86, 0.84
2026-09-29T22:14:25-04:00
7 %, 20369 MiB, 2760 MHz, 13801 MHz, 75.28 W, 33
0 %, 20 MiB, 210 MHz, 405 MHz, 28.68 W, 29
1213575, /home/ndizazzo/dev/mesh/issue1393-q4-snapshot-20260930/target/release/xtask, 19932 MiB
 22:14:25 up 6 days,  6:05,  5 users,  load average: 1.00, 0.87, 0.84
2026-09-29T22:14:27-04:00
5 %, 20369 MiB, 2827 MHz, 13801 MHz, 72.39 W, 33
0 %, 20 MiB, 210 MHz, 405 MHz, 21.19 W, 29
1213575, /home/ndizazzo/dev/mesh/issue1393-q4-snapshot-20260930/target/release/xtask, 19932 MiB
 22:14:28 up 6 days,  6:05,  5 users,  load average: 1.00, 0.87, 0.84
2026-09-29T22:14:30-04:00
6 %, 20369 MiB, 2850 MHz, 13801 MHz, 71.58 W, 33
0 %, 20 MiB, 210 MHz, 405 MHz, 20.89 W, 29
1213575, /home/ndizazzo/dev/mesh/issue1393-q4-snapshot-20260930/target/release/xtask, 19932 MiB
 22:14:30 up 6 days,  6:05,  5 users,  load average: 1.00, 0.87, 0.84
2026-09-29T22:14:32-04:00
5 %, 20369 MiB, 2857 MHz, 13801 MHz, 72.45 W, 33
0 %, 20 MiB, 210 MHz, 405 MHz, 24.53 W, 29
1213575, /home/ndizazzo/dev/mesh/issue1393-q4-snapshot-20260930/target/release/xtask, 19932 MiB
 22:14:32 up 6 days,  6:05,  5 users,  load average: 1.00, 0.87, 0.84
2026-09-29T22:14:34-04:00
8 %, 20369 MiB, 2820 MHz, 13801 MHz, 72.76 W, 33
0 %, 20 MiB, 210 MHz, 405 MHz, 20.85 W, 29
1213575, /home/ndizazzo/dev/mesh/issue1393-q4-snapshot-20260930/target/release/xtask, 19932 MiB
 22:14:34 up 6 days,  6:05,  5 users,  load average: 1.00, 0.87, 0.84
2026-09-29T22:14:36-04:00
33 %, 20527 MiB, 2827 MHz, 13801 MHz, 81.74 W, 37
0 %, 20 MiB, 210 MHz, 405 MHz, 20.76 W, 29
1213575, /home/ndizazzo/dev/mesh/issue1393-q4-snapshot-20260930/target/release/xtask, 20090 MiB
 22:14:36 up 6 days,  6:05,  5 users,  load average: 1.00, 0.87, 0.84
2026-09-29T22:14:38-04:00
71 %, 20527 MiB, 2850 MHz, 13801 MHz, 322.76 W, 40
0 %, 20 MiB, 210 MHz, 405 MHz, 28.68 W, 29
1213575, /home/ndizazzo/dev/mesh/issue1393-q4-snapshot-20260930/target/release/xtask, 20090 MiB
 22:14:38 up 6 days,  6:05,  5 users,  load average: 1.00, 0.87, 0.84
2026-09-29T22:14:40-04:00
72 %, 20527 MiB, 2842 MHz, 13801 MHz, 322.41 W, 40
0 %, 20 MiB, 210 MHz, 405 MHz, 23.66 W, 29
1213575, /home/ndizazzo/dev/mesh/issue1393-q4-snapshot-20260930/target/release/xtask, 20090 MiB
 22:14:40 up 6 days,  6:05,  5 users,  load average: 1.00, 0.87, 0.85
2026-09-29T22:14:42-04:00
73 %, 20527 MiB, 2842 MHz, 13801 MHz, 329.19 W, 40
0 %, 20 MiB, 210 MHz, 405 MHz, 23.36 W, 29
1213575, /home/ndizazzo/dev/mesh/issue1393-q4-snapshot-20260930/target/release/xtask, 20090 MiB
 22:14:42 up 6 days,  6:05,  5 users,  load average: 1.00, 0.87, 0.85
2026-09-29T22:14:44-04:00
72 %, 20527 MiB, 2842 MHz, 13801 MHz, 325.46 W, 40
0 %, 20 MiB, 210 MHz, 405 MHz, 23.78 W, 29
1213575, /home/ndizazzo/dev/mesh/issue1393-q4-snapshot-20260930/target/release/xtask, 20090 MiB
 22:14:44 up 6 days,  6:05,  5 users,  load average: 1.00, 0.87, 0.85
2026-09-29T22:14:46-04:00
73 %, 20527 MiB, 2850 MHz, 13801 MHz, 324.27 W, 40
0 %, 20 MiB, 210 MHz, 405 MHz, 24.93 W, 29
1213575, /home/ndizazzo/dev/mesh/issue1393-q4-snapshot-20260930/target/release/xtask, 20090 MiB
 22:14:46 up 6 days,  6:05,  5 users,  load average: 1.00, 0.88, 0.85
2026-09-29T22:14:48-04:00
73 %, 20527 MiB, 2842 MHz, 13801 MHz, 328.67 W, 40
0 %, 20 MiB, 210 MHz, 405 MHz, 23.67 W, 29
1213575, /home/ndizazzo/dev/mesh/issue1393-q4-snapshot-20260930/target/release/xtask, 20090 MiB
 22:14:48 up 6 days,  6:05,  5 users,  load average: 1.00, 0.88, 0.85
2026-09-29T22:14:50-04:00
72 %, 20527 MiB, 2850 MHz, 13801 MHz, 324.97 W, 40
0 %, 20 MiB, 210 MHz, 405 MHz, 23.71 W, 28
1213575, /home/ndizazzo/dev/mesh/issue1393-q4-snapshot-20260930/target/release/xtask, 20090 MiB
 22:14:50 up 6 days,  6:05,  5 users,  load average: 1.00, 0.88, 0.85
2026-09-29T22:14:52-04:00
72 %, 20527 MiB, 2842 MHz, 13801 MHz, 326.72 W, 40
0 %, 20 MiB, 210 MHz, 405 MHz, 28.64 W, 29
1213575, /home/ndizazzo/dev/mesh/issue1393-q4-snapshot-20260930/target/release/xtask, 20090 MiB
 22:14:52 up 6 days,  6:05,  5 users,  load average: 1.00, 0.88, 0.85
2026-09-29T22:14:54-04:00
72 %, 20527 MiB, 2850 MHz, 13801 MHz, 324.95 W, 41
0 %, 20 MiB, 210 MHz, 405 MHz, 23.86 W, 28
1213575, /home/ndizazzo/dev/mesh/issue1393-q4-snapshot-20260930/target/release/xtask, 20090 MiB
 22:14:54 up 6 days,  6:05,  5 users,  load average: 1.00, 0.88, 0.85
2026-09-29T22:14:56-04:00
71 %, 20527 MiB, 2842 MHz, 13801 MHz, 322.77 W, 40
0 %, 20 MiB, 210 MHz, 405 MHz, 23.67 W, 28
1213575, /home/ndizazzo/dev/mesh/issue1393-q4-snapshot-20260930/target/release/xtask, 20090 MiB
 22:14:56 up 6 days,  6:05,  5 users,  load average: 1.00, 0.88, 0.85
2026-09-29T22:14:58-04:00
72 %, 20527 MiB, 2842 MHz, 13801 MHz, 322.60 W, 40
0 %, 20 MiB, 210 MHz, 405 MHz, 24.50 W, 28
1213575, /home/ndizazzo/dev/mesh/issue1393-q4-snapshot-20260930/target/release/xtask, 20090 MiB
 22:14:58 up 6 days,  6:06,  5 users,  load average: 1.00, 0.88, 0.85
2026-09-29T22:15:00-04:00
72 %, 20527 MiB, 2842 MHz, 13801 MHz, 322.96 W, 40
0 %, 20 MiB, 210 MHz, 405 MHz, 24.41 W, 29
1213575, /home/ndizazzo/dev/mesh/issue1393-q4-snapshot-20260930/target/release/xtask, 20090 MiB
 22:15:00 up 6 days,  6:06,  5 users,  load average: 1.08, 0.90, 0.85
2026-09-29T22:15:02-04:00
73 %, 20527 MiB, 2842 MHz, 13801 MHz, 329.39 W, 40
0 %, 20 MiB, 210 MHz, 405 MHz, 23.56 W, 28
1213575, /home/ndizazzo/dev/mesh/issue1393-q4-snapshot-20260930/target/release/xtask, 20090 MiB
 22:15:03 up 6 days,  6:06,  5 users,  load average: 1.08, 0.90, 0.85
2026-09-29T22:15:05-04:00
72 %, 20527 MiB, 2850 MHz, 13801 MHz, 325.58 W, 40
0 %, 20 MiB, 210 MHz, 405 MHz, 23.76 W, 28
1213575, /home/ndizazzo/dev/mesh/issue1393-q4-snapshot-20260930/target/release/xtask, 20090 MiB
 22:15:05 up 6 days,  6:06,  5 users,  load average: 1.08, 0.90, 0.85
2026-09-29T22:15:07-04:00
73 %, 20527 MiB, 2842 MHz, 13801 MHz, 326.13 W, 40
0 %, 20 MiB, 210 MHz, 405 MHz, 29.12 W, 28
1213575, /home/ndizazzo/dev/mesh/issue1393-q4-snapshot-20260930/target/release/xtask, 20090 MiB
 22:15:07 up 6 days,  6:06,  5 users,  load average: 1.07, 0.90, 0.86
2026-09-29T22:15:09-04:00
73 %, 20527 MiB, 2850 MHz, 13801 MHz, 328.71 W, 40
0 %, 20 MiB, 210 MHz, 405 MHz, 23.75 W, 28
1213575, /home/ndizazzo/dev/mesh/issue1393-q4-snapshot-20260930/target/release/xtask, 20090 MiB
 22:15:09 up 6 days,  6:06,  5 users,  load average: 1.07, 0.90, 0.86
2026-09-29T22:15:11-04:00
72 %, 20527 MiB, 2850 MHz, 13801 MHz, 325.09 W, 40
0 %, 20 MiB, 210 MHz, 405 MHz, 23.79 W, 28
1213575, /home/ndizazzo/dev/mesh/issue1393-q4-snapshot-20260930/target/release/xtask, 20090 MiB
 22:15:11 up 6 days,  6:06,  5 users,  load average: 1.07, 0.90, 0.86
2026-09-29T22:15:13-04:00
72 %, 20527 MiB, 2850 MHz, 13801 MHz, 326.68 W, 40
0 %, 20 MiB, 210 MHz, 405 MHz, 25.23 W, 28
1213575, /home/ndizazzo/dev/mesh/issue1393-q4-snapshot-20260930/target/release/xtask, 20090 MiB
 22:15:13 up 6 days,  6:06,  5 users,  load average: 1.07, 0.90, 0.86
2026-09-29T22:15:15-04:00
72 %, 20527 MiB, 2842 MHz, 13801 MHz, 325.71 W, 40
0 %, 20 MiB, 210 MHz, 405 MHz, 24.82 W, 29
1213575, /home/ndizazzo/dev/mesh/issue1393-q4-snapshot-20260930/target/release/xtask, 20090 MiB
 22:15:15 up 6 days,  6:06,  5 users,  load average: 1.06, 0.91, 0.86
2026-09-29T22:15:17-04:00
71 %, 20527 MiB, 2842 MHz, 13801 MHz, 322.55 W, 40
0 %, 20 MiB, 210 MHz, 405 MHz, 23.73 W, 28
1213575, /home/ndizazzo/dev/mesh/issue1393-q4-snapshot-20260930/target/release/xtask, 20090 MiB
 22:15:17 up 6 days,  6:06,  5 users,  load average: 1.06, 0.91, 0.86
2026-09-29T22:15:19-04:00
72 %, 20527 MiB, 2842 MHz, 13801 MHz, 322.75 W, 40
0 %, 20 MiB, 210 MHz, 405 MHz, 23.75 W, 28
1213575, /home/ndizazzo/dev/mesh/issue1393-q4-snapshot-20260930/target/release/xtask, 20090 MiB
 22:15:19 up 6 days,  6:06,  5 users,  load average: 1.06, 0.91, 0.86
2026-09-29T22:15:21-04:00
72 %, 20527 MiB, 2842 MHz, 13801 MHz, 322.39 W, 40
0 %, 20 MiB, 210 MHz, 405 MHz, 28.90 W, 29
1213575, /home/ndizazzo/dev/mesh/issue1393-q4-snapshot-20260930/target/release/xtask, 20090 MiB
 22:15:21 up 6 days,  6:06,  5 users,  load average: 1.06, 0.91, 0.86
2026-09-29T22:15:23-04:00
73 %, 20527 MiB, 2850 MHz, 13801 MHz, 329.32 W, 40
0 %, 20 MiB, 210 MHz, 405 MHz, 23.77 W, 28
1213575, /home/ndizazzo/dev/mesh/issue1393-q4-snapshot-20260930/target/release/xtask, 20090 MiB
 22:15:23 up 6 days,  6:06,  5 users,  load average: 1.06, 0.91, 0.86
2026-09-29T22:15:25-04:00
72 %, 20527 MiB, 2842 MHz, 13801 MHz, 324.70 W, 40
0 %, 20 MiB, 210 MHz, 405 MHz, 23.67 W, 28
1213575, /home/ndizazzo/dev/mesh/issue1393-q4-snapshot-20260930/target/release/xtask, 20090 MiB
 22:15:25 up 6 days,  6:06,  5 users,  load average: 1.05, 0.91, 0.86
2026-09-29T22:15:27-04:00
73 %, 20527 MiB, 2850 MHz, 13801 MHz, 326.02 W, 40
0 %, 20 MiB, 210 MHz, 405 MHz, 25.38 W, 29
1213575, /home/ndizazzo/dev/mesh/issue1393-q4-snapshot-20260930/target/release/xtask, 20090 MiB
 22:15:27 up 6 days,  6:06,  5 users,  load average: 1.05, 0.91, 0.86
2026-09-29T22:15:29-04:00
72 %, 20527 MiB, 2850 MHz, 13801 MHz, 328.32 W, 40
0 %, 20 MiB, 210 MHz, 405 MHz, 24.33 W, 28
1213575, /home/ndizazzo/dev/mesh/issue1393-q4-snapshot-20260930/target/release/xtask, 20090 MiB
 22:15:29 up 6 days,  6:06,  5 users,  load average: 1.05, 0.91, 0.86
2026-09-29T22:15:31-04:00
72 %, 20527 MiB, 2850 MHz, 13801 MHz, 324.82 W, 40
0 %, 20 MiB, 210 MHz, 405 MHz, 23.61 W, 28
1213575, /home/ndizazzo/dev/mesh/issue1393-q4-snapshot-20260930/target/release/xtask, 20090 MiB
 22:15:31 up 6 days,  6:06,  5 users,  load average: 1.05, 0.91, 0.86
2026-09-29T22:15:33-04:00
73 %, 20527 MiB, 2842 MHz, 13801 MHz, 326.59 W, 40
0 %, 20 MiB, 210 MHz, 405 MHz, 23.64 W, 28
1213575, /home/ndizazzo/dev/mesh/issue1393-q4-snapshot-20260930/target/release/xtask, 20090 MiB
 22:15:33 up 6 days,  6:06,  5 users,  load average: 1.05, 0.91, 0.86
2026-09-29T22:15:35-04:00
72 %, 20527 MiB, 2850 MHz, 13801 MHz, 325.76 W, 40
0 %, 20 MiB, 210 MHz, 405 MHz, 28.86 W, 29
1213575, /home/ndizazzo/dev/mesh/issue1393-q4-snapshot-20260930/target/release/xtask, 20090 MiB
 22:15:35 up 6 days,  6:06,  5 users,  load average: 1.04, 0.91, 0.86
2026-09-29T22:15:37-04:00
71 %, 20529 MiB, 2850 MHz, 13801 MHz, 322.68 W, 40
0 %, 20 MiB, 210 MHz, 405 MHz, 23.92 W, 28
1213575, /home/ndizazzo/dev/mesh/issue1393-q4-snapshot-20260930/target/release/xtask, 20090 MiB
 22:15:38 up 6 days,  6:06,  5 users,  load average: 1.04, 0.91, 0.86
2026-09-29T22:15:40-04:00
72 %, 20527 MiB, 2850 MHz, 13801 MHz, 323.51 W, 40
0 %, 20 MiB, 210 MHz, 405 MHz, 23.52 W, 28
1213575, /home/ndizazzo/dev/mesh/issue1393-q4-snapshot-20260930/target/release/xtask, 20090 MiB
 22:15:40 up 6 days,  6:06,  5 users,  load average: 1.04, 0.91, 0.86
2026-09-29T22:15:42-04:00
72 %, 20527 MiB, 2842 MHz, 13801 MHz, 322.85 W, 40
0 %, 20 MiB, 210 MHz, 405 MHz, 24.33 W, 29
1213575, /home/ndizazzo/dev/mesh/issue1393-q4-snapshot-20260930/target/release/xtask, 20090 MiB
 22:15:42 up 6 days,  6:06,  5 users,  load average: 1.04, 0.91, 0.86
2026-09-29T22:15:44-04:00
73 %, 20527 MiB, 2850 MHz, 13801 MHz, 330.20 W, 41
0 %, 20 MiB, 210 MHz, 405 MHz, 24.44 W, 29
1213575, /home/ndizazzo/dev/mesh/issue1393-q4-snapshot-20260930/target/release/xtask, 20090 MiB
 22:15:44 up 6 days,  6:06,  5 users,  load average: 1.04, 0.91, 0.86
2026-09-29T22:15:46-04:00
72 %, 20527 MiB, 2842 MHz, 13801 MHz, 325.74 W, 40
0 %, 20 MiB, 210 MHz, 405 MHz, 23.57 W, 29
1213575, /home/ndizazzo/dev/mesh/issue1393-q4-snapshot-20260930/target/release/xtask, 20090 MiB
 22:15:46 up 6 days,  6:06,  5 users,  load average: 1.04, 0.92, 0.86
2026-09-29T22:15:48-04:00
73 %, 20527 MiB, 2850 MHz, 13801 MHz, 328.25 W, 41
0 %, 20 MiB, 210 MHz, 405 MHz, 23.61 W, 29
1213575, /home/ndizazzo/dev/mesh/issue1393-q4-snapshot-20260930/target/release/xtask, 20090 MiB
 22:15:48 up 6 days,  6:06,  5 users,  load average: 1.04, 0.92, 0.86
2026-09-29T22:15:50-04:00
72 %, 20527 MiB, 2850 MHz, 13801 MHz, 327.16 W, 40
0 %, 20 MiB, 210 MHz, 405 MHz, 29.13 W, 29
1213575, /home/ndizazzo/dev/mesh/issue1393-q4-snapshot-20260930/target/release/xtask, 20090 MiB
 22:15:50 up 6 days,  6:06,  5 users,  load average: 1.03, 0.92, 0.86
2026-09-29T22:15:52-04:00
72 %, 20527 MiB, 2850 MHz, 13801 MHz, 324.37 W, 41
0 %, 20 MiB, 210 MHz, 405 MHz, 23.88 W, 29
1213575, /home/ndizazzo/dev/mesh/issue1393-q4-snapshot-20260930/target/release/xtask, 20090 MiB
 22:15:52 up 6 days,  6:06,  5 users,  load average: 1.03, 0.92, 0.86
2026-09-29T22:15:54-04:00
73 %, 20527 MiB, 2842 MHz, 13801 MHz, 326.64 W, 41
0 %, 20 MiB, 210 MHz, 405 MHz, 23.79 W, 29
1213575, /home/ndizazzo/dev/mesh/issue1393-q4-snapshot-20260930/target/release/xtask, 20090 MiB
 22:15:54 up 6 days,  6:06,  5 users,  load average: 1.03, 0.92, 0.86
2026-09-29T22:15:56-04:00
72 %, 20527 MiB, 2850 MHz, 13801 MHz, 325.99 W, 40
0 %, 20 MiB, 210 MHz, 405 MHz, 25.00 W, 29
1213575, /home/ndizazzo/dev/mesh/issue1393-q4-snapshot-20260930/target/release/xtask, 20090 MiB
 22:15:56 up 6 days,  6:06,  5 users,  load average: 1.03, 0.92, 0.87
2026-09-29T22:15:58-04:00
0 %, 431 MiB, 2925 MHz, 14001 MHz, 67.87 W, 34
0 %, 20 MiB, 210 MHz, 405 MHz, 27.10 W, 29
 22:15:58 up 6 days,  6:07,  5 users,  load average: 1.03, 0.92, 0.87
2026-09-29T22:16:00-04:00
0 %, 431 MiB, 457 MHz, 7001 MHz, 25.49 W, 32
0 %, 20 MiB, 210 MHz, 405 MHz, 21.45 W, 29
 22:16:00 up 6 days,  6:07,  5 users,  load average: 1.03, 0.92, 0.87
2026-09-29T22:16:02-04:00
0 %, 431 MiB, 202 MHz, 7001 MHz, 25.04 W, 32
0 %, 20 MiB, 210 MHz, 405 MHz, 21.07 W, 29
 22:16:02 up 6 days,  6:07,  5 users,  load average: 1.03, 0.92, 0.87
2026-09-29T22:16:04-04:00
0 %, 431 MiB, 232 MHz, 810 MHz, 16.26 W, 32
0 %, 20 MiB, 210 MHz, 405 MHz, 24.91 W, 29
 22:16:04 up 6 days,  6:07,  5 users,  load average: 1.03, 0.92, 0.87
2026-09-29T22:16:06-04:00
0 %, 431 MiB, 247 MHz, 405 MHz, 9.20 W, 32
0 %, 20 MiB, 210 MHz, 405 MHz, 21.24 W, 29
 22:16:06 up 6 days,  6:07,  5 users,  load average: 1.02, 0.92, 0.87
