2026-09-30T14:31:35-04:00
100 %, 429 MiB, 1035 MHz, 13801 MHz, 13.98 W, 30
0 %, 17 MiB, 210 MHz, 405 MHz, 21.01 W, 27
 14:31:35 up 6 days, 22:22,  6 users,  load average: 0.41, 0.29, 0.18
2026-09-30T14:31:37-04:00
0 %, 429 MiB, 1162 MHz, 7001 MHz, 45.28 W, 30
0 %, 17 MiB, 210 MHz, 405 MHz, 22.02 W, 27
 14:31:37 up 6 days, 22:22,  6 users,  load average: 0.46, 0.30, 0.19
2026-09-30T14:31:39-04:00
0 %, 429 MiB, 195 MHz, 405 MHz, 11.62 W, 29
0 %, 17 MiB, 210 MHz, 405 MHz, 21.79 W, 27
 14:31:39 up 6 days, 22:22,  6 users,  load average: 0.46, 0.30, 0.19
2026-09-30T14:31:41-04:00
0 %, 429 MiB, 195 MHz, 405 MHz, 6.06 W, 29
0 %, 17 MiB, 210 MHz, 405 MHz, 21.01 W, 27
 14:31:41 up 6 days, 22:22,  6 users,  load average: 0.46, 0.30, 0.19
2026-09-30T14:31:43-04:00
0 %, 429 MiB, 195 MHz, 405 MHz, 5.76 W, 29
0 %, 17 MiB, 210 MHz, 405 MHz, 21.08 W, 27
 14:31:43 up 6 days, 22:22,  6 users,  load average: 0.58, 0.33, 0.20
2026-09-30T14:31:45-04:00
0 %, 429 MiB, 195 MHz, 405 MHz, 6.19 W, 29
0 %, 17 MiB, 210 MHz, 405 MHz, 27.55 W, 27
 14:31:45 up 6 days, 22:22,  6 users,  load average: 0.58, 0.33, 0.20
2026-09-30T14:31:47-04:00
0 %, 429 MiB, 195 MHz, 405 MHz, 5.71 W, 29
0 %, 17 MiB, 210 MHz, 405 MHz, 21.45 W, 27
 14:31:47 up 6 days, 22:22,  6 users,  load average: 0.61, 0.34, 0.20
2026-09-30T14:31:49-04:00
0 %, 429 MiB, 195 MHz, 405 MHz, 5.58 W, 29
0 %, 17 MiB, 210 MHz, 405 MHz, 21.02 W, 27
 14:31:50 up 6 days, 22:22,  6 users,  load average: 0.61, 0.34, 0.20
2026-09-30T14:31:52-04:00
0 %, 429 MiB, 195 MHz, 405 MHz, 5.68 W, 29
0 %, 17 MiB, 210 MHz, 405 MHz, 22.75 W, 27
 14:31:52 up 6 days, 22:22,  6 users,  load average: 0.65, 0.35, 0.21
2026-09-30T14:31:54-04:00
0 %, 429 MiB, 195 MHz, 405 MHz, 5.70 W, 29
0 %, 17 MiB, 210 MHz, 405 MHz, 21.31 W, 27
 14:31:54 up 6 days, 22:22,  6 users,  load average: 0.65, 0.35, 0.21
2026-09-30T14:31:56-04:00
0 %, 429 MiB, 195 MHz, 405 MHz, 6.06 W, 29
0 %, 17 MiB, 210 MHz, 405 MHz, 21.01 W, 27
 14:31:56 up 6 days, 22:22,  6 users,  load average: 0.65, 0.35, 0.21
2026-09-30T14:31:58-04:00
0 %, 429 MiB, 195 MHz, 405 MHz, 6.12 W, 29
0 %, 17 MiB, 210 MHz, 405 MHz, 21.00 W, 27
 14:31:58 up 6 days, 22:23,  6 users,  load average: 0.67, 0.36, 0.21
2026-09-30T14:32:00-04:00
0 %, 429 MiB, 195 MHz, 405 MHz, 5.55 W, 29
0 %, 17 MiB, 210 MHz, 405 MHz, 27.40 W, 27
 14:32:00 up 6 days, 22:23,  6 users,  load average: 0.67, 0.36, 0.21
2026-09-30T14:32:02-04:00
0 %, 429 MiB, 195 MHz, 405 MHz, 5.84 W, 29
0 %, 17 MiB, 210 MHz, 405 MHz, 21.17 W, 27
 14:32:02 up 6 days, 22:23,  6 users,  load average: 0.70, 0.37, 0.22
2026-09-30T14:32:04-04:00
0 %, 429 MiB, 195 MHz, 405 MHz, 5.57 W, 29
0 %, 17 MiB, 210 MHz, 405 MHz, 21.05 W, 27
 14:32:04 up 6 days, 22:23,  6 users,  load average: 0.70, 0.37, 0.22
2026-09-30T14:32:06-04:00
0 %, 429 MiB, 195 MHz, 405 MHz, 5.47 W, 29
0 %, 17 MiB, 210 MHz, 405 MHz, 27.61 W, 27
 14:32:06 up 6 days, 22:23,  6 users,  load average: 0.70, 0.37, 0.22
2026-09-30T14:32:08-04:00
0 %, 429 MiB, 195 MHz, 405 MHz, 5.76 W, 29
0 %, 17 MiB, 210 MHz, 405 MHz, 20.97 W, 27
 14:32:08 up 6 days, 22:23,  6 users,  load average: 0.72, 0.38, 0.22
2026-09-30T14:32:10-04:00
0 %, 429 MiB, 195 MHz, 405 MHz, 5.69 W, 29
0 %, 17 MiB, 210 MHz, 405 MHz, 20.99 W, 27
 14:32:10 up 6 days, 22:23,  6 users,  load average: 0.72, 0.38, 0.22
2026-09-30T14:32:12-04:00
0 %, 429 MiB, 195 MHz, 405 MHz, 5.43 W, 29
0 %, 17 MiB, 210 MHz, 405 MHz, 21.04 W, 27
 14:32:12 up 6 days, 22:23,  6 users,  load average: 0.75, 0.39, 0.22
2026-09-30T14:32:14-04:00
0 %, 429 MiB, 195 MHz, 405 MHz, 5.51 W, 29
0 %, 17 MiB, 210 MHz, 405 MHz, 22.24 W, 27
 14:32:14 up 6 days, 22:23,  6 users,  load average: 0.75, 0.39, 0.22
2026-09-30T14:32:16-04:00
0 %, 429 MiB, 195 MHz, 405 MHz, 5.82 W, 29
0 %, 17 MiB, 210 MHz, 405 MHz, 20.92 W, 27
 14:32:17 up 6 days, 22:23,  6 users,  load average: 0.77, 0.41, 0.23
2026-09-30T14:32:19-04:00
0 %, 429 MiB, 195 MHz, 405 MHz, 5.84 W, 29
0 %, 17 MiB, 210 MHz, 405 MHz, 21.10 W, 27
 14:32:19 up 6 days, 22:23,  6 users,  load average: 0.77, 0.41, 0.23
2026-09-30T14:32:21-04:00
0 %, 429 MiB, 195 MHz, 405 MHz, 5.30 W, 29
0 %, 17 MiB, 210 MHz, 405 MHz, 27.33 W, 27
 14:32:21 up 6 days, 22:23,  6 users,  load average: 0.77, 0.41, 0.23
2026-09-30T14:32:23-04:00
0 %, 429 MiB, 195 MHz, 405 MHz, 6.02 W, 29
0 %, 17 MiB, 210 MHz, 405 MHz, 21.18 W, 27
 14:32:23 up 6 days, 22:23,  6 users,  load average: 0.79, 0.42, 0.23
2026-09-30T14:32:25-04:00
0 %, 429 MiB, 195 MHz, 405 MHz, 5.82 W, 29
0 %, 17 MiB, 210 MHz, 405 MHz, 20.98 W, 27
 14:32:25 up 6 days, 22:23,  6 users,  load average: 0.79, 0.42, 0.23
2026-09-30T14:32:27-04:00
0 %, 429 MiB, 217 MHz, 405 MHz, 5.52 W, 29
0 %, 17 MiB, 210 MHz, 405 MHz, 21.59 W, 27
 14:32:27 up 6 days, 22:23,  6 users,  load average: 0.80, 0.43, 0.24
2026-09-30T14:32:29-04:00
0 %, 935 MiB, 195 MHz, 405 MHz, 6.05 W, 29
0 %, 20 MiB, 210 MHz, 405 MHz, 21.78 W, 27
1527285, /home/ndizazzo/dev/mesh/issue1393-q4-snapshot-20260930/target/release/xtask, 498 MiB
 14:32:29 up 6 days, 22:23,  6 users,  load average: 0.80, 0.43, 0.24
2026-09-30T14:32:31-04:00
0 %, 851 MiB, 2542 MHz, 13801 MHz, 63.20 W, 30
0 %, 20 MiB, 210 MHz, 405 MHz, 27.03 W, 27
 14:32:31 up 6 days, 22:23,  6 users,  load average: 0.80, 0.43, 0.24
2026-09-30T14:32:33-04:00
0 %, 431 MiB, 622 MHz, 810 MHz, 39.65 W, 30
0 %, 20 MiB, 210 MHz, 405 MHz, 27.25 W, 27
 14:32:33 up 6 days, 22:23,  6 users,  load average: 0.90, 0.45, 0.25
2026-09-30T14:32:35-04:00
0 %, 431 MiB, 217 MHz, 405 MHz, 6.49 W, 29
0 %, 20 MiB, 210 MHz, 405 MHz, 25.48 W, 27
 14:32:35 up 6 days, 22:23,  6 users,  load average: 0.90, 0.45, 0.25
2026-09-30T14:32:37-04:00
0 %, 431 MiB, 195 MHz, 405 MHz, 6.03 W, 29
0 %, 20 MiB, 210 MHz, 405 MHz, 21.36 W, 27
 14:32:37 up 6 days, 22:23,  6 users,  load average: 0.91, 0.46, 0.25
2026-09-30T14:32:39-04:00
0 %, 431 MiB, 195 MHz, 405 MHz, 6.43 W, 29
0 %, 20 MiB, 210 MHz, 405 MHz, 20.99 W, 27
 14:32:39 up 6 days, 22:23,  6 users,  load average: 0.91, 0.46, 0.25
2026-09-30T14:32:41-04:00
0 %, 431 MiB, 210 MHz, 405 MHz, 6.61 W, 29
0 %, 20 MiB, 210 MHz, 405 MHz, 22.34 W, 27
 14:32:41 up 6 days, 22:23,  6 users,  load average: 0.91, 0.46, 0.25
2026-09-30T14:32:43-04:00
0 %, 431 MiB, 195 MHz, 405 MHz, 5.83 W, 29
0 %, 20 MiB, 210 MHz, 405 MHz, 22.05 W, 27
 14:32:43 up 6 days, 22:23,  6 users,  load average: 0.92, 0.47, 0.26
2026-09-30T14:32:45-04:00
0 %, 431 MiB, 195 MHz, 405 MHz, 6.08 W, 29
0 %, 20 MiB, 210 MHz, 405 MHz, 20.99 W, 27
 14:32:46 up 6 days, 22:23,  6 users,  load average: 0.92, 0.47, 0.26
2026-09-30T14:32:48-04:00
0 %, 431 MiB, 195 MHz, 405 MHz, 6.07 W, 29
0 %, 20 MiB, 210 MHz, 405 MHz, 21.12 W, 27
 14:32:48 up 6 days, 22:23,  6 users,  load average: 0.92, 0.48, 0.26
2026-09-30T14:32:50-04:00
0 %, 431 MiB, 195 MHz, 405 MHz, 5.97 W, 29
0 %, 20 MiB, 210 MHz, 405 MHz, 27.46 W, 27
 14:32:50 up 6 days, 22:23,  6 users,  load average: 0.92, 0.48, 0.26
2026-09-30T14:32:52-04:00
0 %, 431 MiB, 195 MHz, 405 MHz, 6.24 W, 29
0 %, 20 MiB, 210 MHz, 405 MHz, 21.08 W, 27
 14:32:52 up 6 days, 22:23,  6 users,  load average: 0.93, 0.49, 0.27
2026-09-30T14:32:54-04:00
0 %, 431 MiB, 195 MHz, 405 MHz, 6.19 W, 29
0 %, 20 MiB, 210 MHz, 405 MHz, 21.04 W, 27
 14:32:54 up 6 days, 22:23,  6 users,  load average: 0.93, 0.49, 0.27
2026-09-30T14:32:56-04:00
0 %, 431 MiB, 195 MHz, 405 MHz, 5.75 W, 29
0 %, 20 MiB, 210 MHz, 405 MHz, 23.02 W, 27
 14:32:56 up 6 days, 22:23,  6 users,  load average: 0.93, 0.49, 0.27
2026-09-30T14:32:58-04:00
0 %, 431 MiB, 195 MHz, 405 MHz, 5.98 W, 29
0 %, 20 MiB, 210 MHz, 405 MHz, 22.34 W, 27
 14:32:58 up 6 days, 22:24,  6 users,  load average: 0.93, 0.50, 0.27
2026-09-30T14:33:00-04:00
0 %, 431 MiB, 195 MHz, 405 MHz, 6.16 W, 29
0 %, 20 MiB, 210 MHz, 405 MHz, 21.06 W, 27
 14:33:00 up 6 days, 22:24,  6 users,  load average: 0.93, 0.50, 0.27
2026-09-30T14:33:02-04:00
0 %, 431 MiB, 195 MHz, 405 MHz, 5.75 W, 29
0 %, 20 MiB, 210 MHz, 405 MHz, 21.11 W, 27
 14:33:02 up 6 days, 22:24,  6 users,  load average: 0.94, 0.51, 0.27
2026-09-30T14:33:04-04:00
0 %, 431 MiB, 195 MHz, 405 MHz, 5.90 W, 29
0 %, 20 MiB, 210 MHz, 405 MHz, 27.31 W, 27
 14:33:04 up 6 days, 22:24,  6 users,  load average: 0.94, 0.51, 0.27
2026-09-30T14:33:06-04:00
0 %, 431 MiB, 195 MHz, 405 MHz, 5.80 W, 29
0 %, 20 MiB, 210 MHz, 405 MHz, 21.38 W, 27
 14:33:06 up 6 days, 22:24,  6 users,  load average: 0.94, 0.51, 0.27
2026-09-30T14:33:08-04:00
0 %, 431 MiB, 195 MHz, 405 MHz, 5.67 W, 29
0 %, 20 MiB, 210 MHz, 405 MHz, 21.08 W, 27
 14:33:08 up 6 days, 22:24,  6 users,  load average: 0.95, 0.51, 0.28
2026-09-30T14:33:10-04:00
0 %, 431 MiB, 195 MHz, 405 MHz, 6.11 W, 29
0 %, 20 MiB, 210 MHz, 405 MHz, 23.60 W, 27
 14:33:10 up 6 days, 22:24,  6 users,  load average: 0.95, 0.51, 0.28
2026-09-30T14:33:12-04:00
0 %, 431 MiB, 195 MHz, 405 MHz, 6.02 W, 29
0 %, 20 MiB, 210 MHz, 405 MHz, 22.14 W, 27
 14:33:12 up 6 days, 22:24,  6 users,  load average: 0.95, 0.52, 0.28
2026-09-30T14:33:14-04:00
0 %, 431 MiB, 195 MHz, 405 MHz, 5.52 W, 29
0 %, 20 MiB, 210 MHz, 405 MHz, 21.18 W, 27
 14:33:15 up 6 days, 22:24,  6 users,  load average: 0.95, 0.52, 0.28
2026-09-30T14:33:17-04:00
0 %, 431 MiB, 195 MHz, 405 MHz, 5.70 W, 29
0 %, 20 MiB, 210 MHz, 405 MHz, 21.18 W, 27
 14:33:17 up 6 days, 22:24,  6 users,  load average: 0.95, 0.53, 0.29
2026-09-30T14:33:19-04:00
0 %, 431 MiB, 195 MHz, 405 MHz, 5.59 W, 29
0 %, 20 MiB, 210 MHz, 405 MHz, 27.66 W, 27
 14:33:19 up 6 days, 22:24,  6 users,  load average: 0.95, 0.53, 0.29
2026-09-30T14:33:21-04:00
0 %, 431 MiB, 195 MHz, 405 MHz, 5.72 W, 29
0 %, 20 MiB, 210 MHz, 405 MHz, 21.23 W, 27
 14:33:21 up 6 days, 22:24,  6 users,  load average: 0.95, 0.53, 0.29
2026-09-30T14:33:23-04:00
0 %, 431 MiB, 195 MHz, 405 MHz, 6.23 W, 29
0 %, 20 MiB, 210 MHz, 405 MHz, 21.09 W, 27
 14:33:23 up 6 days, 22:24,  6 users,  load average: 0.96, 0.54, 0.29
2026-09-30T14:33:25-04:00
0 %, 1709 MiB, 990 MHz, 13801 MHz, 12.54 W, 30
0 %, 20 MiB, 210 MHz, 405 MHz, 24.07 W, 27
1527285, /home/ndizazzo/dev/mesh/issue1393-q4-snapshot-20260930/target/release/xtask, 1272 MiB
 14:33:25 up 6 days, 22:24,  6 users,  load average: 0.96, 0.54, 0.29
2026-09-30T14:33:27-04:00
0 %, 431 MiB, 2542 MHz, 14001 MHz, 51.25 W, 30
0 %, 20 MiB, 210 MHz, 405 MHz, 28.77 W, 27
 14:33:27 up 6 days, 22:24,  6 users,  load average: 0.96, 0.55, 0.29
2026-09-30T14:33:29-04:00
0 %, 431 MiB, 217 MHz, 405 MHz, 6.72 W, 29
0 %, 20 MiB, 210 MHz, 405 MHz, 21.17 W, 27
 14:33:29 up 6 days, 22:24,  6 users,  load average: 0.96, 0.55, 0.29
2026-09-30T14:33:31-04:00
0 %, 431 MiB, 195 MHz, 405 MHz, 6.24 W, 29
0 %, 20 MiB, 210 MHz, 405 MHz, 20.94 W, 27
 14:33:31 up 6 days, 22:24,  6 users,  load average: 0.96, 0.55, 0.29
2026-09-30T14:33:33-04:00
0 %, 431 MiB, 195 MHz, 405 MHz, 5.85 W, 29
0 %, 20 MiB, 210 MHz, 405 MHz, 25.10 W, 27
 14:33:33 up 6 days, 22:24,  6 users,  load average: 0.96, 0.55, 0.30
2026-09-30T14:33:35-04:00
0 %, 431 MiB, 195 MHz, 405 MHz, 5.92 W, 29
0 %, 20 MiB, 210 MHz, 405 MHz, 21.00 W, 27
 14:33:35 up 6 days, 22:24,  6 users,  load average: 0.96, 0.55, 0.30
2026-09-30T14:33:37-04:00
0 %, 431 MiB, 195 MHz, 405 MHz, 6.11 W, 29
0 %, 20 MiB, 210 MHz, 405 MHz, 21.07 W, 27
 14:33:37 up 6 days, 22:24,  6 users,  load average: 0.97, 0.56, 0.30
2026-09-30T14:33:39-04:00
0 %, 431 MiB, 195 MHz, 405 MHz, 6.23 W, 29
0 %, 20 MiB, 210 MHz, 405 MHz, 27.38 W, 27
 14:33:39 up 6 days, 22:24,  6 users,  load average: 0.97, 0.56, 0.30
2026-09-30T14:33:41-04:00
0 %, 431 MiB, 195 MHz, 405 MHz, 6.04 W, 29
0 %, 20 MiB, 210 MHz, 405 MHz, 21.83 W, 27
 14:33:41 up 6 days, 22:24,  6 users,  load average: 0.97, 0.56, 0.30
2026-09-30T14:33:43-04:00
0 %, 431 MiB, 195 MHz, 405 MHz, 6.33 W, 29
0 %, 20 MiB, 210 MHz, 405 MHz, 21.01 W, 27
 14:33:43 up 6 days, 22:24,  6 users,  load average: 0.97, 0.57, 0.31
2026-09-30T14:33:45-04:00
0 %, 431 MiB, 210 MHz, 405 MHz, 6.51 W, 29
0 %, 20 MiB, 210 MHz, 405 MHz, 21.04 W, 27
 14:33:46 up 6 days, 22:24,  6 users,  load average: 0.97, 0.57, 0.31
2026-09-30T14:33:48-04:00
0 %, 431 MiB, 195 MHz, 405 MHz, 6.10 W, 29
0 %, 20 MiB, 210 MHz, 405 MHz, 27.61 W, 27
 14:33:48 up 6 days, 22:24,  6 users,  load average: 0.97, 0.58, 0.31
2026-09-30T14:33:50-04:00
0 %, 431 MiB, 195 MHz, 405 MHz, 6.35 W, 29
0 %, 20 MiB, 210 MHz, 405 MHz, 20.97 W, 27
 14:33:50 up 6 days, 22:24,  6 users,  load average: 0.97, 0.58, 0.31
2026-09-30T14:33:52-04:00
0 %, 431 MiB, 195 MHz, 405 MHz, 6.13 W, 29
0 %, 20 MiB, 210 MHz, 405 MHz, 21.11 W, 27
 14:33:52 up 6 days, 22:24,  6 users,  load average: 0.98, 0.58, 0.31
2026-09-30T14:33:54-04:00
0 %, 431 MiB, 195 MHz, 405 MHz, 6.09 W, 29
0 %, 20 MiB, 210 MHz, 405 MHz, 27.28 W, 27
 14:33:54 up 6 days, 22:24,  6 users,  load average: 0.98, 0.58, 0.31
2026-09-30T14:33:56-04:00
0 %, 431 MiB, 195 MHz, 405 MHz, 6.19 W, 29
0 %, 20 MiB, 210 MHz, 405 MHz, 21.23 W, 27
 14:33:56 up 6 days, 22:24,  6 users,  load average: 0.98, 0.58, 0.31
2026-09-30T14:33:58-04:00
0 %, 431 MiB, 195 MHz, 405 MHz, 6.16 W, 29
0 %, 20 MiB, 210 MHz, 405 MHz, 20.91 W, 27
 14:33:58 up 6 days, 22:25,  6 users,  load average: 0.98, 0.59, 0.32
2026-09-30T14:34:00-04:00
0 %, 431 MiB, 195 MHz, 405 MHz, 6.16 W, 30
0 %, 20 MiB, 210 MHz, 405 MHz, 20.98 W, 27
 14:34:00 up 6 days, 22:25,  6 users,  load average: 0.98, 0.59, 0.32
2026-09-30T14:34:02-04:00
0 %, 431 MiB, 187 MHz, 405 MHz, 6.48 W, 29
0 %, 20 MiB, 210 MHz, 405 MHz, 27.39 W, 27
 14:34:02 up 6 days, 22:25,  6 users,  load average: 0.98, 0.60, 0.32
2026-09-30T14:34:04-04:00
0 %, 431 MiB, 195 MHz, 405 MHz, 6.63 W, 29
0 %, 20 MiB, 210 MHz, 405 MHz, 20.96 W, 27
 14:34:04 up 6 days, 22:25,  6 users,  load average: 0.98, 0.60, 0.32
2026-09-30T14:34:06-04:00
0 %, 431 MiB, 195 MHz, 405 MHz, 6.24 W, 29
0 %, 20 MiB, 210 MHz, 405 MHz, 21.10 W, 27
 14:34:06 up 6 days, 22:25,  6 users,  load average: 0.98, 0.60, 0.32
2026-09-30T14:34:08-04:00
0 %, 431 MiB, 195 MHz, 405 MHz, 6.20 W, 30
0 %, 20 MiB, 210 MHz, 405 MHz, 27.57 W, 27
 14:34:08 up 6 days, 22:25,  6 users,  load average: 0.98, 0.60, 0.33
2026-09-30T14:34:10-04:00
0 %, 431 MiB, 195 MHz, 405 MHz, 6.24 W, 29
0 %, 20 MiB, 210 MHz, 405 MHz, 21.42 W, 27
 14:34:10 up 6 days, 22:25,  6 users,  load average: 0.98, 0.60, 0.33
2026-09-30T14:34:12-04:00
0 %, 431 MiB, 195 MHz, 405 MHz, 5.53 W, 29
0 %, 20 MiB, 210 MHz, 405 MHz, 21.00 W, 27
 14:34:13 up 6 days, 22:25,  6 users,  load average: 0.98, 0.61, 0.33
2026-09-30T14:34:15-04:00
0 %, 431 MiB, 195 MHz, 405 MHz, 5.82 W, 29
0 %, 20 MiB, 210 MHz, 405 MHz, 21.22 W, 27
 14:34:15 up 6 days, 22:25,  6 users,  load average: 0.98, 0.61, 0.33
2026-09-30T14:34:17-04:00
0 %, 431 MiB, 195 MHz, 405 MHz, 5.92 W, 29
0 %, 20 MiB, 210 MHz, 405 MHz, 22.17 W, 27
 14:34:17 up 6 days, 22:25,  6 users,  load average: 0.98, 0.62, 0.33
2026-09-30T14:34:19-04:00
0 %, 1709 MiB, 195 MHz, 405 MHz, 6.20 W, 29
0 %, 20 MiB, 210 MHz, 405 MHz, 21.30 W, 27
1527285, /home/ndizazzo/dev/mesh/issue1393-q4-snapshot-20260930/target/release/xtask, 1272 MiB
 14:34:19 up 6 days, 22:25,  6 users,  load average: 0.98, 0.62, 0.33
2026-09-30T14:34:21-04:00
2 %, 431 MiB, 2542 MHz, 14001 MHz, 52.56 W, 30
0 %, 20 MiB, 210 MHz, 405 MHz, 21.86 W, 27
 14:34:21 up 6 days, 22:25,  6 users,  load average: 0.98, 0.62, 0.33
2026-09-30T14:34:23-04:00
0 %, 431 MiB, 450 MHz, 810 MHz, 22.23 W, 30
0 %, 20 MiB, 210 MHz, 405 MHz, 28.60 W, 27
 14:34:23 up 6 days, 22:25,  6 users,  load average: 0.99, 0.62, 0.34
2026-09-30T14:34:25-04:00
0 %, 431 MiB, 195 MHz, 405 MHz, 5.87 W, 29
0 %, 20 MiB, 210 MHz, 405 MHz, 21.02 W, 27
 14:34:25 up 6 days, 22:25,  6 users,  load average: 0.99, 0.62, 0.34
2026-09-30T14:34:27-04:00
0 %, 431 MiB, 195 MHz, 405 MHz, 5.94 W, 30
0 %, 20 MiB, 210 MHz, 405 MHz, 20.94 W, 27
 14:34:27 up 6 days, 22:25,  6 users,  load average: 0.99, 0.63, 0.34
2026-09-30T14:34:29-04:00
0 %, 431 MiB, 195 MHz, 405 MHz, 5.64 W, 29
0 %, 20 MiB, 210 MHz, 405 MHz, 22.14 W, 27
 14:34:29 up 6 days, 22:25,  6 users,  load average: 0.99, 0.63, 0.34
2026-09-30T14:34:31-04:00
0 %, 431 MiB, 195 MHz, 405 MHz, 5.60 W, 29
0 %, 20 MiB, 210 MHz, 405 MHz, 21.81 W, 27
 14:34:31 up 6 days, 22:25,  6 users,  load average: 0.99, 0.63, 0.34
2026-09-30T14:34:33-04:00
0 %, 431 MiB, 195 MHz, 405 MHz, 5.74 W, 29
0 %, 20 MiB, 210 MHz, 405 MHz, 21.08 W, 27
 14:34:33 up 6 days, 22:25,  6 users,  load average: 0.99, 0.64, 0.34
2026-09-30T14:34:35-04:00
0 %, 431 MiB, 195 MHz, 405 MHz, 5.87 W, 30
0 %, 20 MiB, 210 MHz, 405 MHz, 21.16 W, 27
 14:34:35 up 6 days, 22:25,  6 users,  load average: 0.99, 0.64, 0.34
2026-09-30T14:34:37-04:00
0 %, 431 MiB, 195 MHz, 405 MHz, 6.24 W, 29
0 %, 20 MiB, 210 MHz, 405 MHz, 27.66 W, 27
 14:34:37 up 6 days, 22:25,  6 users,  load average: 0.99, 0.64, 0.35
2026-09-30T14:34:39-04:00
0 %, 431 MiB, 195 MHz, 405 MHz, 5.98 W, 29
0 %, 20 MiB, 210 MHz, 405 MHz, 21.27 W, 27
 14:34:39 up 6 days, 22:25,  6 users,  load average: 0.99, 0.64, 0.35
2026-09-30T14:34:41-04:00
0 %, 431 MiB, 195 MHz, 405 MHz, 5.86 W, 30
0 %, 20 MiB, 210 MHz, 405 MHz, 20.90 W, 27
 14:34:41 up 6 days, 22:25,  6 users,  load average: 0.99, 0.65, 0.35
2026-09-30T14:34:44-04:00
0 %, 431 MiB, 195 MHz, 405 MHz, 6.20 W, 29
0 %, 20 MiB, 210 MHz, 405 MHz, 22.76 W, 27
 14:34:44 up 6 days, 22:25,  6 users,  load average: 0.99, 0.65, 0.35
2026-09-30T14:34:46-04:00
0 %, 431 MiB, 195 MHz, 405 MHz, 5.94 W, 29
0 %, 20 MiB, 210 MHz, 405 MHz, 21.99 W, 27
 14:34:46 up 6 days, 22:25,  6 users,  load average: 0.99, 0.65, 0.35
2026-09-30T14:34:48-04:00
0 %, 431 MiB, 195 MHz, 405 MHz, 5.32 W, 29
0 %, 20 MiB, 210 MHz, 405 MHz, 20.86 W, 27
 14:34:48 up 6 days, 22:25,  6 users,  load average: 0.99, 0.66, 0.36
2026-09-30T14:34:50-04:00
0 %, 431 MiB, 195 MHz, 405 MHz, 5.65 W, 29
0 %, 20 MiB, 210 MHz, 405 MHz, 20.98 W, 27
 14:34:50 up 6 days, 22:25,  6 users,  load average: 0.99, 0.66, 0.36
2026-09-30T14:34:52-04:00
0 %, 431 MiB, 195 MHz, 405 MHz, 5.62 W, 29
0 %, 20 MiB, 210 MHz, 405 MHz, 27.52 W, 27
 14:34:52 up 6 days, 22:25,  6 users,  load average: 0.99, 0.66, 0.36
2026-09-30T14:34:54-04:00
0 %, 431 MiB, 195 MHz, 405 MHz, 5.54 W, 29
0 %, 20 MiB, 210 MHz, 405 MHz, 21.09 W, 27
 14:34:54 up 6 days, 22:25,  6 users,  load average: 0.99, 0.66, 0.36
2026-09-30T14:34:56-04:00
0 %, 431 MiB, 195 MHz, 405 MHz, 6.13 W, 29
0 %, 20 MiB, 210 MHz, 405 MHz, 20.85 W, 27
 14:34:56 up 6 days, 22:25,  6 users,  load average: 0.99, 0.66, 0.36
2026-09-30T14:34:58-04:00
0 %, 431 MiB, 195 MHz, 405 MHz, 6.10 W, 29
0 %, 20 MiB, 210 MHz, 405 MHz, 23.29 W, 27
 14:34:58 up 6 days, 22:26,  6 users,  load average: 0.99, 0.67, 0.36
2026-09-30T14:35:00-04:00
0 %, 431 MiB, 195 MHz, 405 MHz, 5.64 W, 29
0 %, 20 MiB, 210 MHz, 405 MHz, 22.18 W, 27
 14:35:00 up 6 days, 22:26,  6 users,  load average: 0.99, 0.67, 0.36
2026-09-30T14:35:02-04:00
0 %, 431 MiB, 195 MHz, 405 MHz, 5.56 W, 29
0 %, 20 MiB, 210 MHz, 405 MHz, 20.75 W, 27
 14:35:02 up 6 days, 22:26,  6 users,  load average: 0.99, 0.67, 0.37
2026-09-30T14:35:04-04:00
0 %, 431 MiB, 195 MHz, 405 MHz, 5.97 W, 29
0 %, 20 MiB, 210 MHz, 405 MHz, 20.95 W, 27
 14:35:04 up 6 days, 22:26,  6 users,  load average: 0.99, 0.67, 0.37
2026-09-30T14:35:06-04:00
0 %, 431 MiB, 195 MHz, 405 MHz, 5.35 W, 29
0 %, 20 MiB, 210 MHz, 405 MHz, 27.18 W, 27
 14:35:06 up 6 days, 22:26,  6 users,  load average: 0.99, 0.67, 0.37
2026-09-30T14:35:08-04:00
0 %, 431 MiB, 195 MHz, 405 MHz, 5.79 W, 29
0 %, 20 MiB, 210 MHz, 405 MHz, 21.12 W, 27
 14:35:08 up 6 days, 22:26,  6 users,  load average: 1.00, 0.68, 0.37
2026-09-30T14:35:10-04:00
0 %, 431 MiB, 195 MHz, 405 MHz, 5.93 W, 29
0 %, 20 MiB, 210 MHz, 405 MHz, 20.95 W, 27
 14:35:11 up 6 days, 22:26,  6 users,  load average: 1.00, 0.68, 0.37
2026-09-30T14:35:13-04:00
0 %, 431 MiB, 195 MHz, 405 MHz, 5.58 W, 29
0 %, 20 MiB, 210 MHz, 405 MHz, 23.74 W, 27
 14:35:13 up 6 days, 22:26,  6 users,  load average: 1.00, 0.68, 0.37
2026-09-30T14:35:15-04:00
0 %, 1709 MiB, 2602 MHz, 13801 MHz, 45.93 W, 30
0 %, 20 MiB, 210 MHz, 405 MHz, 22.35 W, 27
1527285, /home/ndizazzo/dev/mesh/issue1393-q4-snapshot-20260930/target/release/xtask, 1272 MiB
 14:35:15 up 6 days, 22:26,  6 users,  load average: 1.00, 0.68, 0.37
2026-09-30T14:35:17-04:00
0 %, 431 MiB, 2542 MHz, 14001 MHz, 51.96 W, 30
0 %, 20 MiB, 210 MHz, 405 MHz, 24.46 W, 27
 14:35:17 up 6 days, 22:26,  6 users,  load average: 1.00, 0.69, 0.38
2026-09-30T14:35:19-04:00
0 %, 431 MiB, 420 MHz, 810 MHz, 20.29 W, 30
0 %, 20 MiB, 210 MHz, 405 MHz, 21.30 W, 27
 14:35:19 up 6 days, 22:26,  6 users,  load average: 1.00, 0.69, 0.38
2026-09-30T14:35:21-04:00
0 %, 431 MiB, 195 MHz, 405 MHz, 6.24 W, 30
0 %, 20 MiB, 210 MHz, 405 MHz, 22.38 W, 27
 14:35:21 up 6 days, 22:26,  6 users,  load average: 1.00, 0.69, 0.38
2026-09-30T14:35:23-04:00
0 %, 431 MiB, 195 MHz, 405 MHz, 5.38 W, 30
0 %, 20 MiB, 210 MHz, 405 MHz, 20.91 W, 27
 14:35:23 up 6 days, 22:26,  6 users,  load average: 1.00, 0.70, 0.38
2026-09-30T14:35:25-04:00
0 %, 431 MiB, 195 MHz, 405 MHz, 5.48 W, 30
0 %, 20 MiB, 210 MHz, 405 MHz, 21.06 W, 27
 14:35:25 up 6 days, 22:26,  6 users,  load average: 1.00, 0.70, 0.38
2026-09-30T14:35:27-04:00
0 %, 431 MiB, 195 MHz, 405 MHz, 5.65 W, 30
0 %, 20 MiB, 210 MHz, 405 MHz, 27.03 W, 27
 14:35:27 up 6 days, 22:26,  6 users,  load average: 1.00, 0.70, 0.38
2026-09-30T14:35:29-04:00
0 %, 431 MiB, 195 MHz, 405 MHz, 5.64 W, 30
0 %, 20 MiB, 210 MHz, 405 MHz, 21.27 W, 27
 14:35:29 up 6 days, 22:26,  6 users,  load average: 1.00, 0.70, 0.38
2026-09-30T14:35:31-04:00
0 %, 431 MiB, 195 MHz, 405 MHz, 5.58 W, 30
0 %, 20 MiB, 210 MHz, 405 MHz, 20.86 W, 27
 14:35:31 up 6 days, 22:26,  6 users,  load average: 1.00, 0.70, 0.38
2026-09-30T14:35:33-04:00
0 %, 431 MiB, 210 MHz, 405 MHz, 6.09 W, 30
0 %, 20 MiB, 210 MHz, 405 MHz, 22.26 W, 27
 14:35:33 up 6 days, 22:26,  6 users,  load average: 1.00, 0.71, 0.39
2026-09-30T14:35:35-04:00
0 %, 431 MiB, 195 MHz, 405 MHz, 5.80 W, 29
0 %, 20 MiB, 210 MHz, 405 MHz, 21.95 W, 27
 14:35:35 up 6 days, 22:26,  6 users,  load average: 1.00, 0.71, 0.39
2026-09-30T14:35:37-04:00
0 %, 431 MiB, 195 MHz, 405 MHz, 5.80 W, 30
0 %, 20 MiB, 210 MHz, 405 MHz, 21.00 W, 27
 14:35:37 up 6 days, 22:26,  6 users,  load average: 1.00, 0.71, 0.39
2026-09-30T14:35:39-04:00
0 %, 431 MiB, 195 MHz, 405 MHz, 5.71 W, 30
0 %, 20 MiB, 210 MHz, 405 MHz, 21.07 W, 27
 14:35:39 up 6 days, 22:26,  6 users,  load average: 1.00, 0.71, 0.39
2026-09-30T14:35:42-04:00
0 %, 431 MiB, 195 MHz, 405 MHz, 5.36 W, 30
0 %, 20 MiB, 210 MHz, 405 MHz, 27.38 W, 27
 14:35:42 up 6 days, 22:26,  6 users,  load average: 1.08, 0.73, 0.40
2026-09-30T14:35:44-04:00
0 %, 431 MiB, 195 MHz, 405 MHz, 5.62 W, 30
0 %, 20 MiB, 210 MHz, 405 MHz, 21.06 W, 27
 14:35:44 up 6 days, 22:26,  6 users,  load average: 1.08, 0.73, 0.40
2026-09-30T14:35:46-04:00
0 %, 431 MiB, 195 MHz, 405 MHz, 5.80 W, 30
0 %, 20 MiB, 210 MHz, 405 MHz, 21.00 W, 27
 14:35:46 up 6 days, 22:26,  6 users,  load average: 1.08, 0.73, 0.40
2026-09-30T14:35:48-04:00
0 %, 431 MiB, 195 MHz, 405 MHz, 5.71 W, 30
0 %, 20 MiB, 210 MHz, 405 MHz, 23.16 W, 27
 14:35:48 up 6 days, 22:26,  6 users,  load average: 1.07, 0.74, 0.40
2026-09-30T14:35:50-04:00
0 %, 431 MiB, 195 MHz, 405 MHz, 5.67 W, 29
0 %, 20 MiB, 210 MHz, 405 MHz, 22.33 W, 27
 14:35:50 up 6 days, 22:26,  6 users,  load average: 1.07, 0.74, 0.40
2026-09-30T14:35:52-04:00
0 %, 431 MiB, 195 MHz, 405 MHz, 5.74 W, 30
0 %, 20 MiB, 210 MHz, 405 MHz, 20.91 W, 27
 14:35:52 up 6 days, 22:26,  6 users,  load average: 1.07, 0.74, 0.41
2026-09-30T14:35:54-04:00
0 %, 431 MiB, 195 MHz, 405 MHz, 5.87 W, 30
0 %, 20 MiB, 210 MHz, 405 MHz, 20.97 W, 27
 14:35:54 up 6 days, 22:26,  6 users,  load average: 1.07, 0.74, 0.41
2026-09-30T14:35:56-04:00
0 %, 431 MiB, 195 MHz, 405 MHz, 5.55 W, 30
0 %, 20 MiB, 210 MHz, 405 MHz, 27.41 W, 27
 14:35:56 up 6 days, 22:26,  6 users,  load average: 1.07, 0.74, 0.41
2026-09-30T14:35:58-04:00
0 %, 431 MiB, 195 MHz, 405 MHz, 5.73 W, 30
0 %, 20 MiB, 210 MHz, 405 MHz, 21.27 W, 27
 14:35:58 up 6 days, 22:27,  6 users,  load average: 1.14, 0.76, 0.42
2026-09-30T14:36:00-04:00
0 %, 431 MiB, 195 MHz, 405 MHz, 5.75 W, 30
0 %, 20 MiB, 210 MHz, 405 MHz, 20.97 W, 27
 14:36:00 up 6 days, 22:27,  6 users,  load average: 1.14, 0.76, 0.42
2026-09-30T14:36:02-04:00
0 %, 431 MiB, 195 MHz, 405 MHz, 5.93 W, 30
0 %, 20 MiB, 210 MHz, 405 MHz, 23.52 W, 27
 14:36:02 up 6 days, 22:27,  6 users,  load average: 1.21, 0.78, 0.42
2026-09-30T14:36:04-04:00
0 %, 431 MiB, 195 MHz, 405 MHz, 6.00 W, 30
0 %, 20 MiB, 210 MHz, 405 MHz, 21.72 W, 27
 14:36:04 up 6 days, 22:27,  6 users,  load average: 1.21, 0.78, 0.42
2026-09-30T14:36:06-04:00
0 %, 431 MiB, 195 MHz, 405 MHz, 5.69 W, 30
0 %, 20 MiB, 210 MHz, 405 MHz, 20.88 W, 27
 14:36:06 up 6 days, 22:27,  6 users,  load average: 1.21, 0.78, 0.42
2026-09-30T14:36:08-04:00
0 %, 431 MiB, 195 MHz, 405 MHz, 5.83 W, 30
0 %, 20 MiB, 210 MHz, 405 MHz, 21.08 W, 27
 14:36:09 up 6 days, 22:27,  6 users,  load average: 1.27, 0.80, 0.43
2026-09-30T14:36:11-04:00
0 %, 431 MiB, 2542 MHz, 13801 MHz, 54.55 W, 30
0 %, 20 MiB, 210 MHz, 405 MHz, 28.61 W, 27
 14:36:11 up 6 days, 22:27,  6 users,  load average: 1.27, 0.80, 0.43
2026-09-30T14:36:13-04:00
0 %, 431 MiB, 502 MHz, 810 MHz, 26.68 W, 30
0 %, 20 MiB, 210 MHz, 405 MHz, 26.50 W, 27
 14:36:13 up 6 days, 22:27,  6 users,  load average: 1.65, 0.89, 0.46
2026-09-30T14:36:15-04:00
0 %, 431 MiB, 195 MHz, 405 MHz, 8.00 W, 30
0 %, 20 MiB, 210 MHz, 405 MHz, 20.94 W, 27
 14:36:15 up 6 days, 22:27,  6 users,  load average: 1.65, 0.89, 0.46
2026-09-30T14:36:17-04:00
0 %, 431 MiB, 195 MHz, 405 MHz, 5.54 W, 30
0 %, 20 MiB, 210 MHz, 405 MHz, 25.72 W, 27
 14:36:17 up 6 days, 22:27,  6 users,  load average: 1.68, 0.91, 0.47
2026-09-30T14:36:19-04:00
0 %, 431 MiB, 195 MHz, 405 MHz, 5.55 W, 30
0 %, 20 MiB, 210 MHz, 405 MHz, 22.13 W, 27
 14:36:19 up 6 days, 22:27,  6 users,  load average: 1.68, 0.91, 0.47
2026-09-30T14:36:21-04:00
0 %, 431 MiB, 195 MHz, 405 MHz, 5.81 W, 30
0 %, 20 MiB, 210 MHz, 405 MHz, 20.93 W, 27
 14:36:21 up 6 days, 22:27,  6 users,  load average: 1.68, 0.91, 0.47
2026-09-30T14:36:23-04:00
0 %, 431 MiB, 195 MHz, 405 MHz, 5.79 W, 30
0 %, 20 MiB, 210 MHz, 405 MHz, 20.98 W, 27
 14:36:23 up 6 days, 22:27,  6 users,  load average: 1.71, 0.93, 0.48
2026-09-30T14:36:25-04:00
0 %, 431 MiB, 195 MHz, 405 MHz, 6.15 W, 30
0 %, 20 MiB, 210 MHz, 405 MHz, 27.46 W, 27
 14:36:25 up 6 days, 22:27,  6 users,  load average: 1.71, 0.93, 0.48
2026-09-30T14:36:27-04:00
0 %, 431 MiB, 195 MHz, 405 MHz, 5.92 W, 30
0 %, 20 MiB, 210 MHz, 405 MHz, 21.20 W, 27
 14:36:27 up 6 days, 22:27,  6 users,  load average: 1.73, 0.95, 0.49
2026-09-30T14:36:29-04:00
0 %, 431 MiB, 195 MHz, 405 MHz, 5.87 W, 30
0 %, 20 MiB, 210 MHz, 405 MHz, 21.00 W, 27
 14:36:29 up 6 days, 22:27,  6 users,  load average: 1.73, 0.95, 0.49
2026-09-30T14:36:31-04:00
0 %, 431 MiB, 195 MHz, 405 MHz, 6.20 W, 30
0 %, 20 MiB, 210 MHz, 405 MHz, 27.50 W, 27
 14:36:31 up 6 days, 22:27,  6 users,  load average: 1.73, 0.95, 0.49
2026-09-30T14:36:33-04:00
0 %, 431 MiB, 195 MHz, 405 MHz, 5.73 W, 30
0 %, 20 MiB, 210 MHz, 405 MHz, 21.60 W, 27
 14:36:33 up 6 days, 22:27,  6 users,  load average: 2.07, 1.03, 0.52
2026-09-30T14:36:35-04:00
0 %, 431 MiB, 195 MHz, 405 MHz, 5.65 W, 30
0 %, 20 MiB, 210 MHz, 405 MHz, 20.80 W, 27
 14:36:35 up 6 days, 22:27,  6 users,  load average: 2.07, 1.03, 0.52
2026-09-30T14:36:37-04:00
0 %, 431 MiB, 195 MHz, 405 MHz, 5.82 W, 30
0 %, 20 MiB, 210 MHz, 405 MHz, 20.79 W, 27
 14:36:38 up 6 days, 22:27,  6 users,  load average: 2.47, 1.13, 0.55
2026-09-30T14:36:40-04:00
0 %, 431 MiB, 195 MHz, 405 MHz, 5.91 W, 30
0 %, 20 MiB, 210 MHz, 405 MHz, 27.62 W, 27
 14:36:40 up 6 days, 22:27,  6 users,  load average: 2.47, 1.13, 0.55
2026-09-30T14:36:42-04:00
0 %, 431 MiB, 195 MHz, 405 MHz, 5.73 W, 30
0 %, 20 MiB, 210 MHz, 405 MHz, 21.11 W, 27
 14:36:42 up 6 days, 22:27,  6 users,  load average: 2.67, 1.19, 0.58
2026-09-30T14:36:44-04:00
0 %, 431 MiB, 195 MHz, 405 MHz, 6.22 W, 30
0 %, 20 MiB, 210 MHz, 405 MHz, 20.88 W, 27
 14:36:44 up 6 days, 22:27,  6 users,  load average: 2.67, 1.19, 0.58
2026-09-30T14:36:46-04:00
0 %, 431 MiB, 195 MHz, 405 MHz, 6.09 W, 30
0 %, 20 MiB, 210 MHz, 405 MHz, 27.29 W, 27
 14:36:46 up 6 days, 22:27,  6 users,  load average: 2.67, 1.19, 0.58
2026-09-30T14:36:48-04:00
0 %, 431 MiB, 195 MHz, 405 MHz, 5.57 W, 30
0 %, 20 MiB, 210 MHz, 405 MHz, 21.08 W, 27
 14:36:48 up 6 days, 22:27,  6 users,  load average: 2.94, 1.27, 0.61
2026-09-30T14:36:50-04:00
0 %, 431 MiB, 195 MHz, 405 MHz, 5.67 W, 30
0 %, 20 MiB, 210 MHz, 405 MHz, 20.92 W, 27
 14:36:50 up 6 days, 22:27,  6 users,  load average: 2.94, 1.27, 0.61
2026-09-30T14:36:52-04:00
0 %, 431 MiB, 195 MHz, 405 MHz, 5.75 W, 30
0 %, 20 MiB, 210 MHz, 405 MHz, 20.90 W, 27
 14:36:52 up 6 days, 22:27,  6 users,  load average: 2.78, 1.27, 0.61
2026-09-30T14:36:54-04:00
0 %, 431 MiB, 195 MHz, 405 MHz, 5.47 W, 30
0 %, 20 MiB, 210 MHz, 405 MHz, 27.51 W, 27
 14:36:54 up 6 days, 22:27,  6 users,  load average: 2.78, 1.27, 0.61
2026-09-30T14:36:56-04:00
0 %, 431 MiB, 195 MHz, 405 MHz, 5.62 W, 30
0 %, 20 MiB, 210 MHz, 405 MHz, 20.98 W, 27
 14:36:56 up 6 days, 22:27,  6 users,  load average: 2.78, 1.27, 0.61
2026-09-30T14:36:58-04:00
0 %, 431 MiB, 195 MHz, 405 MHz, 5.74 W, 30
0 %, 20 MiB, 210 MHz, 405 MHz, 20.99 W, 27
 14:36:58 up 6 days, 22:28,  6 users,  load average: 2.64, 1.26, 0.61
2026-09-30T14:37:00-04:00
0 %, 431 MiB, 195 MHz, 405 MHz, 6.06 W, 30
0 %, 20 MiB, 210 MHz, 405 MHz, 27.64 W, 27
 14:37:00 up 6 days, 22:28,  6 users,  load average: 2.64, 1.26, 0.61
2026-09-30T14:37:02-04:00
0 %, 431 MiB, 195 MHz, 405 MHz, 5.90 W, 30
0 %, 20 MiB, 210 MHz, 405 MHz, 21.22 W, 27
 14:37:02 up 6 days, 22:28,  6 users,  load average: 2.51, 1.26, 0.61
2026-09-30T14:37:04-04:00
8 %, 1709 MiB, 1612 MHz, 13801 MHz, 16.30 W, 31
0 %, 20 MiB, 210 MHz, 405 MHz, 22.93 W, 27
1527285, /home/ndizazzo/dev/mesh/issue1393-q4-snapshot-20260930/target/release/xtask, 1272 MiB
 14:37:04 up 6 days, 22:28,  6 users,  load average: 2.51, 1.26, 0.61
2026-09-30T14:37:06-04:00
0 %, 431 MiB, 2542 MHz, 14001 MHz, 52.01 W, 30
0 %, 20 MiB, 210 MHz, 405 MHz, 26.46 W, 27
 14:37:06 up 6 days, 22:28,  6 users,  load average: 2.51, 1.26, 0.61
2026-09-30T14:37:08-04:00
0 %, 431 MiB, 277 MHz, 810 MHz, 10.46 W, 30
0 %, 20 MiB, 210 MHz, 405 MHz, 21.97 W, 27
 14:37:09 up 6 days, 22:28,  6 users,  load average: 2.39, 1.26, 0.62
2026-09-30T14:37:11-04:00
0 %, 431 MiB, 195 MHz, 405 MHz, 5.37 W, 30
0 %, 20 MiB, 210 MHz, 405 MHz, 20.99 W, 27
 14:37:11 up 6 days, 22:28,  6 users,  load average: 2.39, 1.26, 0.62
2026-09-30T14:37:13-04:00
0 %, 431 MiB, 195 MHz, 405 MHz, 5.64 W, 30
0 %, 20 MiB, 210 MHz, 405 MHz, 21.00 W, 27
 14:37:13 up 6 days, 22:28,  6 users,  load average: 2.28, 1.25, 0.62
2026-09-30T14:37:15-04:00
0 %, 431 MiB, 195 MHz, 405 MHz, 5.93 W, 30
0 %, 20 MiB, 210 MHz, 405 MHz, 27.37 W, 27
 14:37:15 up 6 days, 22:28,  6 users,  load average: 2.28, 1.25, 0.62
2026-09-30T14:37:17-04:00
0 %, 431 MiB, 195 MHz, 405 MHz, 5.75 W, 30
0 %, 20 MiB, 210 MHz, 405 MHz, 20.95 W, 27
 14:37:17 up 6 days, 22:28,  6 users,  load average: 2.17, 1.25, 0.62
2026-09-30T14:37:19-04:00
0 %, 431 MiB, 195 MHz, 405 MHz, 5.84 W, 30
0 %, 20 MiB, 210 MHz, 405 MHz, 20.85 W, 27
 14:37:19 up 6 days, 22:28,  6 users,  load average: 2.17, 1.25, 0.62
2026-09-30T14:37:21-04:00
0 %, 431 MiB, 210 MHz, 405 MHz, 6.39 W, 30
0 %, 20 MiB, 210 MHz, 405 MHz, 22.19 W, 27
 14:37:21 up 6 days, 22:28,  6 users,  load average: 2.17, 1.25, 0.62
2026-09-30T14:37:23-04:00
0 %, 431 MiB, 195 MHz, 405 MHz, 6.31 W, 30
0 %, 20 MiB, 210 MHz, 405 MHz, 22.27 W, 27
 14:37:23 up 6 days, 22:28,  6 users,  load average: 2.08, 1.24, 0.62
2026-09-30T14:37:25-04:00
0 %, 431 MiB, 195 MHz, 405 MHz, 5.89 W, 30
0 %, 20 MiB, 210 MHz, 405 MHz, 20.95 W, 27
 14:37:25 up 6 days, 22:28,  6 users,  load average: 2.08, 1.24, 0.62
2026-09-30T14:37:27-04:00
0 %, 431 MiB, 195 MHz, 405 MHz, 5.81 W, 30
0 %, 20 MiB, 210 MHz, 405 MHz, 20.99 W, 27
 14:37:27 up 6 days, 22:28,  6 users,  load average: 1.99, 1.24, 0.63
2026-09-30T14:37:29-04:00
0 %, 431 MiB, 195 MHz, 405 MHz, 6.18 W, 30
0 %, 20 MiB, 210 MHz, 405 MHz, 27.14 W, 27
 14:37:29 up 6 days, 22:28,  6 users,  load average: 1.99, 1.24, 0.63
2026-09-30T14:37:31-04:00
0 %, 431 MiB, 195 MHz, 405 MHz, 5.62 W, 30
0 %, 20 MiB, 210 MHz, 405 MHz, 21.20 W, 27
 14:37:31 up 6 days, 22:28,  6 users,  load average: 1.99, 1.24, 0.63
2026-09-30T14:37:33-04:00
0 %, 431 MiB, 195 MHz, 405 MHz, 5.62 W, 30
0 %, 20 MiB, 210 MHz, 405 MHz, 20.97 W, 27
 14:37:33 up 6 days, 22:28,  6 users,  load average: 1.91, 1.23, 0.63
2026-09-30T14:37:35-04:00
0 %, 431 MiB, 195 MHz, 405 MHz, 6.31 W, 30
0 %, 20 MiB, 210 MHz, 405 MHz, 22.83 W, 27
 14:37:35 up 6 days, 22:28,  6 users,  load average: 1.91, 1.23, 0.63
2026-09-30T14:37:37-04:00
0 %, 431 MiB, 195 MHz, 405 MHz, 6.35 W, 30
0 %, 20 MiB, 210 MHz, 405 MHz, 21.95 W, 27
 14:37:38 up 6 days, 22:28,  6 users,  load average: 1.84, 1.23, 0.63
2026-09-30T14:37:40-04:00
0 %, 431 MiB, 195 MHz, 405 MHz, 6.07 W, 30
0 %, 20 MiB, 210 MHz, 405 MHz, 20.96 W, 27
 14:37:40 up 6 days, 22:28,  6 users,  load average: 1.84, 1.23, 0.63
2026-09-30T14:37:42-04:00
0 %, 431 MiB, 195 MHz, 405 MHz, 5.75 W, 30
0 %, 20 MiB, 210 MHz, 405 MHz, 21.02 W, 27
 14:37:42 up 6 days, 22:28,  6 users,  load average: 1.77, 1.23, 0.63
2026-09-30T14:37:44-04:00
0 %, 431 MiB, 195 MHz, 405 MHz, 5.98 W, 30
0 %, 20 MiB, 210 MHz, 405 MHz, 27.63 W, 27
 14:37:44 up 6 days, 22:28,  6 users,  load average: 1.77, 1.23, 0.63
2026-09-30T14:37:46-04:00
0 %, 431 MiB, 195 MHz, 405 MHz, 5.78 W, 30
0 %, 20 MiB, 210 MHz, 405 MHz, 20.90 W, 27
 14:37:46 up 6 days, 22:28,  6 users,  load average: 1.77, 1.23, 0.63
2026-09-30T14:37:48-04:00
0 %, 431 MiB, 195 MHz, 405 MHz, 5.90 W, 30
0 %, 20 MiB, 210 MHz, 405 MHz, 20.89 W, 27
 14:37:48 up 6 days, 22:28,  6 users,  load average: 1.71, 1.22, 0.64
2026-09-30T14:37:50-04:00
0 %, 431 MiB, 195 MHz, 405 MHz, 5.63 W, 30
0 %, 20 MiB, 210 MHz, 405 MHz, 23.43 W, 27
 14:37:50 up 6 days, 22:28,  6 users,  load average: 1.71, 1.22, 0.64
2026-09-30T14:37:52-04:00
0 %, 431 MiB, 195 MHz, 405 MHz, 5.70 W, 30
0 %, 20 MiB, 210 MHz, 405 MHz, 22.17 W, 27
 14:37:52 up 6 days, 22:28,  6 users,  load average: 1.65, 1.22, 0.64
2026-09-30T14:37:54-04:00
0 %, 431 MiB, 195 MHz, 405 MHz, 5.84 W, 30
0 %, 20 MiB, 210 MHz, 405 MHz, 20.98 W, 27
 14:37:54 up 6 days, 22:28,  6 users,  load average: 1.65, 1.22, 0.64
2026-09-30T14:37:56-04:00
0 %, 431 MiB, 187 MHz, 405 MHz, 5.98 W, 30
0 %, 20 MiB, 210 MHz, 405 MHz, 20.99 W, 27
 14:37:56 up 6 days, 22:28,  6 users,  load average: 1.65, 1.22, 0.64
2026-09-30T14:37:58-04:00
0 %, 431 MiB, 195 MHz, 405 MHz, 5.80 W, 30
0 %, 20 MiB, 210 MHz, 405 MHz, 27.28 W, 27
 14:37:58 up 6 days, 22:29,  6 users,  load average: 1.60, 1.21, 0.64
2026-09-30T14:38:00-04:00
0 %, 1709 MiB, 2542 MHz, 13801 MHz, 53.72 W, 30
0 %, 20 MiB, 210 MHz, 405 MHz, 26.56 W, 27
1527285, /home/ndizazzo/dev/mesh/issue1393-q4-snapshot-20260930/target/release/xtask, 1272 MiB
 14:38:00 up 6 days, 22:29,  6 users,  load average: 1.60, 1.21, 0.64
2026-09-30T14:38:02-04:00
0 %, 1709 MiB, 2542 MHz, 13801 MHz, 52.56 W, 31
0 %, 20 MiB, 210 MHz, 405 MHz, 21.17 W, 27
1527285, /home/ndizazzo/dev/mesh/issue1393-q4-snapshot-20260930/target/release/xtask, 1272 MiB
 14:38:02 up 6 days, 22:29,  6 users,  load average: 1.55, 1.21, 0.64
2026-09-30T14:38:04-04:00
0 %, 431 MiB, 2542 MHz, 14001 MHz, 50.54 W, 31
0 %, 20 MiB, 210 MHz, 405 MHz, 28.56 W, 28
 14:38:04 up 6 days, 22:29,  6 users,  load average: 1.55, 1.21, 0.64
2026-09-30T14:38:06-04:00
0 %, 431 MiB, 307 MHz, 810 MHz, 13.20 W, 30
0 %, 20 MiB, 210 MHz, 405 MHz, 21.60 W, 27
 14:38:07 up 6 days, 22:29,  6 users,  load average: 1.55, 1.21, 0.64
2026-09-30T14:38:09-04:00
0 %, 431 MiB, 195 MHz, 405 MHz, 5.93 W, 30
0 %, 20 MiB, 210 MHz, 405 MHz, 20.80 W, 27
 14:38:09 up 6 days, 22:29,  6 users,  load average: 1.51, 1.21, 0.64
2026-09-30T14:38:11-04:00
0 %, 431 MiB, 195 MHz, 405 MHz, 5.60 W, 30
0 %, 20 MiB, 210 MHz, 405 MHz, 20.83 W, 27
 14:38:11 up 6 days, 22:29,  6 users,  load average: 1.51, 1.21, 0.64
2026-09-30T14:38:13-04:00
0 %, 431 MiB, 195 MHz, 405 MHz, 5.64 W, 30
0 %, 20 MiB, 210 MHz, 405 MHz, 22.19 W, 27
 14:38:13 up 6 days, 22:29,  6 users,  load average: 1.47, 1.20, 0.65
2026-09-30T14:38:15-04:00
0 %, 431 MiB, 195 MHz, 405 MHz, 5.77 W, 30
0 %, 20 MiB, 210 MHz, 405 MHz, 20.82 W, 27
 14:38:15 up 6 days, 22:29,  6 users,  load average: 1.47, 1.20, 0.65
2026-09-30T14:38:17-04:00
0 %, 431 MiB, 195 MHz, 405 MHz, 5.89 W, 30
0 %, 20 MiB, 210 MHz, 405 MHz, 20.89 W, 27
 14:38:17 up 6 days, 22:29,  6 users,  load average: 1.43, 1.20, 0.65
2026-09-30T14:38:19-04:00
0 %, 431 MiB, 195 MHz, 405 MHz, 5.84 W, 30
0 %, 20 MiB, 210 MHz, 405 MHz, 27.07 W, 27
 14:38:19 up 6 days, 22:29,  6 users,  load average: 1.43, 1.20, 0.65
2026-09-30T14:38:21-04:00
0 %, 431 MiB, 195 MHz, 405 MHz, 5.79 W, 30
0 %, 20 MiB, 210 MHz, 405 MHz, 21.91 W, 27
 14:38:21 up 6 days, 22:29,  6 users,  load average: 1.43, 1.20, 0.65
2026-09-30T14:38:23-04:00
0 %, 431 MiB, 195 MHz, 405 MHz, 6.11 W, 30
0 %, 20 MiB, 210 MHz, 405 MHz, 20.92 W, 27
 14:38:23 up 6 days, 22:29,  6 users,  load average: 1.47, 1.21, 0.66
2026-09-30T14:38:25-04:00
0 %, 431 MiB, 210 MHz, 405 MHz, 6.17 W, 30
0 %, 20 MiB, 210 MHz, 405 MHz, 20.96 W, 27
 14:38:25 up 6 days, 22:29,  6 users,  load average: 1.47, 1.21, 0.66
2026-09-30T14:38:27-04:00
0 %, 431 MiB, 195 MHz, 405 MHz, 5.97 W, 30
0 %, 20 MiB, 210 MHz, 405 MHz, 21.73 W, 27
 14:38:27 up 6 days, 22:29,  6 users,  load average: 1.44, 1.21, 0.66
2026-09-30T14:38:29-04:00
0 %, 431 MiB, 195 MHz, 405 MHz, 5.85 W, 30
0 %, 20 MiB, 210 MHz, 405 MHz, 20.83 W, 27
 14:38:29 up 6 days, 22:29,  6 users,  load average: 1.44, 1.21, 0.66
2026-09-30T14:38:31-04:00
0 %, 431 MiB, 195 MHz, 405 MHz, 5.84 W, 30
0 %, 20 MiB, 210 MHz, 405 MHz, 20.96 W, 27
 14:38:31 up 6 days, 22:29,  6 users,  load average: 1.44, 1.21, 0.66
2026-09-30T14:38:33-04:00
0 %, 431 MiB, 195 MHz, 405 MHz, 5.79 W, 30
0 %, 20 MiB, 210 MHz, 405 MHz, 27.53 W, 27
 14:38:33 up 6 days, 22:29,  6 users,  load average: 1.40, 1.20, 0.66
2026-09-30T14:38:35-04:00
0 %, 431 MiB, 195 MHz, 405 MHz, 5.90 W, 30
0 %, 20 MiB, 210 MHz, 405 MHz, 21.32 W, 27
 14:38:36 up 6 days, 22:29,  6 users,  load average: 1.40, 1.20, 0.66
2026-09-30T14:38:38-04:00
0 %, 431 MiB, 195 MHz, 405 MHz, 5.82 W, 30
0 %, 20 MiB, 210 MHz, 405 MHz, 20.90 W, 27
 14:38:38 up 6 days, 22:29,  6 users,  load average: 1.37, 1.20, 0.66
2026-09-30T14:38:40-04:00
0 %, 431 MiB, 195 MHz, 405 MHz, 5.91 W, 30
0 %, 20 MiB, 210 MHz, 405 MHz, 20.85 W, 27
 14:38:40 up 6 days, 22:29,  6 users,  load average: 1.37, 1.20, 0.66
2026-09-30T14:38:42-04:00
0 %, 431 MiB, 195 MHz, 405 MHz, 5.93 W, 30
0 %, 20 MiB, 210 MHz, 405 MHz, 22.00 W, 27
 14:38:42 up 6 days, 22:29,  6 users,  load average: 1.34, 1.20, 0.66
2026-09-30T14:38:44-04:00
0 %, 431 MiB, 195 MHz, 405 MHz, 5.64 W, 30
0 %, 20 MiB, 210 MHz, 405 MHz, 20.83 W, 27
 14:38:44 up 6 days, 22:29,  6 users,  load average: 1.34, 1.20, 0.66
2026-09-30T14:38:46-04:00
0 %, 431 MiB, 195 MHz, 405 MHz, 5.75 W, 30
0 %, 20 MiB, 210 MHz, 405 MHz, 20.97 W, 27
 14:38:46 up 6 days, 22:29,  6 users,  load average: 1.34, 1.20, 0.66
2026-09-30T14:38:48-04:00
0 %, 431 MiB, 195 MHz, 405 MHz, 5.91 W, 30
0 %, 20 MiB, 210 MHz, 405 MHz, 27.31 W, 27
 14:38:48 up 6 days, 22:29,  6 users,  load average: 1.31, 1.19, 0.67
2026-09-30T14:38:50-04:00
0 %, 431 MiB, 195 MHz, 405 MHz, 6.01 W, 30
0 %, 20 MiB, 210 MHz, 405 MHz, 21.07 W, 27
 14:38:50 up 6 days, 22:29,  6 users,  load average: 1.31, 1.19, 0.67
2026-09-30T14:38:52-04:00
3 %, 431 MiB, 195 MHz, 405 MHz, 5.54 W, 30
0 %, 20 MiB, 210 MHz, 405 MHz, 20.90 W, 27
 14:38:52 up 6 days, 22:29,  6 users,  load average: 1.29, 1.19, 0.67
2026-09-30T14:38:54-04:00
3 %, 431 MiB, 195 MHz, 405 MHz, 5.96 W, 30
1 %, 20 MiB, 210 MHz, 405 MHz, 21.00 W, 27
 14:38:54 up 6 days, 22:29,  6 users,  load average: 1.29, 1.19, 0.67
2026-09-30T14:38:56-04:00
5 %, 1709 MiB, 195 MHz, 13801 MHz, 12.62 W, 30
0 %, 20 MiB, 210 MHz, 405 MHz, 21.66 W, 27
1527285, /home/ndizazzo/dev/mesh/issue1393-q4-snapshot-20260930/target/release/xtask, 1272 MiB
 14:38:56 up 6 days, 22:29,  6 users,  load average: 1.29, 1.19, 0.67
2026-09-30T14:38:58-04:00
0 %, 1709 MiB, 2542 MHz, 13801 MHz, 52.75 W, 31
0 %, 20 MiB, 210 MHz, 405 MHz, 22.23 W, 27
1527285, /home/ndizazzo/dev/mesh/issue1393-q4-snapshot-20260930/target/release/xtask, 1272 MiB
 14:38:58 up 6 days, 22:30,  6 users,  load average: 1.26, 1.19, 0.67
2026-09-30T14:39:00-04:00
2 %, 431 MiB, 2542 MHz, 13801 MHz, 52.56 W, 31
0 %, 20 MiB, 210 MHz, 405 MHz, 21.26 W, 27
 14:39:00 up 6 days, 22:30,  6 users,  load average: 1.26, 1.19, 0.67
2026-09-30T14:39:02-04:00
2 %, 431 MiB, 525 MHz, 810 MHz, 34.53 W, 30
0 %, 20 MiB, 210 MHz, 405 MHz, 28.71 W, 27
 14:39:02 up 6 days, 22:30,  6 users,  load average: 1.24, 1.18, 0.67
2026-09-30T14:39:04-04:00
3 %, 431 MiB, 195 MHz, 405 MHz, 6.90 W, 30
0 %, 20 MiB, 210 MHz, 405 MHz, 21.39 W, 27
 14:39:04 up 6 days, 22:30,  6 users,  load average: 1.24, 1.18, 0.67
2026-09-30T14:39:06-04:00
3 %, 431 MiB, 195 MHz, 405 MHz, 5.71 W, 30
0 %, 20 MiB, 210 MHz, 405 MHz, 21.02 W, 27
 14:39:07 up 6 days, 22:30,  6 users,  load average: 1.30, 1.20, 0.68
2026-09-30T14:39:09-04:00
3 %, 431 MiB, 195 MHz, 405 MHz, 6.09 W, 30
0 %, 20 MiB, 210 MHz, 405 MHz, 21.93 W, 27
 14:39:09 up 6 days, 22:30,  6 users,  load average: 1.30, 1.20, 0.68
2026-09-30T14:39:11-04:00
3 %, 431 MiB, 195 MHz, 405 MHz, 6.19 W, 30
0 %, 20 MiB, 210 MHz, 405 MHz, 21.81 W, 27
 14:39:11 up 6 days, 22:30,  6 users,  load average: 1.30, 1.20, 0.68
2026-09-30T14:39:13-04:00
3 %, 431 MiB, 195 MHz, 405 MHz, 5.91 W, 30
0 %, 20 MiB, 210 MHz, 405 MHz, 20.76 W, 27
 14:39:13 up 6 days, 22:30,  6 users,  load average: 1.28, 1.19, 0.68
2026-09-30T14:39:15-04:00
3 %, 431 MiB, 195 MHz, 405 MHz, 5.62 W, 30
0 %, 20 MiB, 210 MHz, 405 MHz, 20.87 W, 27
 14:39:15 up 6 days, 22:30,  6 users,  load average: 1.28, 1.19, 0.68
2026-09-30T14:39:17-04:00
3 %, 431 MiB, 195 MHz, 405 MHz, 6.22 W, 30
0 %, 20 MiB, 210 MHz, 405 MHz, 27.33 W, 28
 14:39:17 up 6 days, 22:30,  6 users,  load average: 1.26, 1.19, 0.68
2026-09-30T14:39:19-04:00
3 %, 431 MiB, 195 MHz, 405 MHz, 5.70 W, 30
0 %, 20 MiB, 210 MHz, 405 MHz, 20.96 W, 27
 14:39:19 up 6 days, 22:30,  6 users,  load average: 1.26, 1.19, 0.68
2026-09-30T14:39:21-04:00
3 %, 431 MiB, 195 MHz, 405 MHz, 6.14 W, 30
0 %, 20 MiB, 210 MHz, 405 MHz, 20.83 W, 27
 14:39:21 up 6 days, 22:30,  6 users,  load average: 1.26, 1.19, 0.68
2026-09-30T14:39:23-04:00
3 %, 431 MiB, 195 MHz, 405 MHz, 6.31 W, 30
0 %, 20 MiB, 210 MHz, 405 MHz, 22.94 W, 27
 14:39:23 up 6 days, 22:30,  6 users,  load average: 1.24, 1.19, 0.68
2026-09-30T14:39:25-04:00
3 %, 431 MiB, 195 MHz, 405 MHz, 5.87 W, 30
0 %, 20 MiB, 210 MHz, 405 MHz, 21.28 W, 28
 14:39:25 up 6 days, 22:30,  6 users,  load average: 1.24, 1.19, 0.68
2026-09-30T14:39:27-04:00
3 %, 431 MiB, 195 MHz, 405 MHz, 5.57 W, 30
0 %, 20 MiB, 210 MHz, 405 MHz, 20.91 W, 27
 14:39:27 up 6 days, 22:30,  6 users,  load average: 1.22, 1.18, 0.69
2026-09-30T14:39:29-04:00
3 %, 431 MiB, 195 MHz, 405 MHz, 5.85 W, 30
0 %, 20 MiB, 210 MHz, 405 MHz, 20.94 W, 27
 14:39:29 up 6 days, 22:30,  6 users,  load average: 1.22, 1.18, 0.69
2026-09-30T14:39:31-04:00
3 %, 431 MiB, 195 MHz, 405 MHz, 6.00 W, 30
0 %, 20 MiB, 210 MHz, 405 MHz, 27.30 W, 28
 14:39:31 up 6 days, 22:30,  6 users,  load average: 1.22, 1.18, 0.69
2026-09-30T14:39:33-04:00
3 %, 431 MiB, 195 MHz, 405 MHz, 5.72 W, 30
0 %, 20 MiB, 210 MHz, 405 MHz, 21.15 W, 27
 14:39:34 up 6 days, 22:30,  6 users,  load average: 1.20, 1.18, 0.69
2026-09-30T14:39:36-04:00
3 %, 431 MiB, 195 MHz, 405 MHz, 5.87 W, 30
0 %, 20 MiB, 210 MHz, 405 MHz, 20.98 W, 27
 14:39:36 up 6 days, 22:30,  6 users,  load average: 1.20, 1.18, 0.69
2026-09-30T14:39:38-04:00
3 %, 431 MiB, 195 MHz, 405 MHz, 6.34 W, 30
0 %, 20 MiB, 210 MHz, 405 MHz, 23.55 W, 28
 14:39:38 up 6 days, 22:30,  5 users,  load average: 1.18, 1.18, 0.69
2026-09-30T14:39:40-04:00
3 %, 431 MiB, 195 MHz, 405 MHz, 6.50 W, 30
0 %, 20 MiB, 210 MHz, 405 MHz, 21.15 W, 27
 14:39:40 up 6 days, 22:30,  5 users,  load average: 1.18, 1.18, 0.69
2026-09-30T14:39:42-04:00
3 %, 431 MiB, 195 MHz, 405 MHz, 6.49 W, 30
0 %, 20 MiB, 210 MHz, 405 MHz, 21.04 W, 27
 14:39:42 up 6 days, 22:30,  5 users,  load average: 1.17, 1.17, 0.69
2026-09-30T14:39:44-04:00
3 %, 431 MiB, 195 MHz, 405 MHz, 6.06 W, 30
0 %, 20 MiB, 210 MHz, 405 MHz, 20.90 W, 27
 14:39:44 up 6 days, 22:30,  5 users,  load average: 1.17, 1.17, 0.69
2026-09-30T14:39:46-04:00
3 %, 431 MiB, 195 MHz, 405 MHz, 5.91 W, 30
0 %, 20 MiB, 210 MHz, 405 MHz, 22.26 W, 27
 14:39:46 up 6 days, 22:30,  5 users,  load average: 1.17, 1.17, 0.69
2026-09-30T14:39:48-04:00
3 %, 431 MiB, 195 MHz, 405 MHz, 6.01 W, 30
0 %, 20 MiB, 210 MHz, 405 MHz, 20.82 W, 27
 14:39:48 up 6 days, 22:30,  5 users,  load average: 1.15, 1.17, 0.69
2026-09-30T14:39:50-04:00
3 %, 431 MiB, 195 MHz, 405 MHz, 5.58 W, 30
0 %, 20 MiB, 210 MHz, 405 MHz, 20.92 W, 27
 14:39:50 up 6 days, 22:30,  5 users,  load average: 1.15, 1.17, 0.69
2026-09-30T14:39:52-04:00
3 %, 431 MiB, 187 MHz, 405 MHz, 5.79 W, 30
0 %, 20 MiB, 210 MHz, 405 MHz, 23.83 W, 27
 14:39:52 up 6 days, 22:30,  5 users,  load average: 1.14, 1.17, 0.70
2026-09-30T14:39:54-04:00
3 %, 431 MiB, 2760 MHz, 14001 MHz, 46.48 W, 31
0 %, 20 MiB, 210 MHz, 405 MHz, 25.54 W, 28
 14:39:54 up 6 days, 22:30,  5 users,  load average: 1.14, 1.17, 0.70
2026-09-30T14:39:56-04:00
2 %, 431 MiB, 667 MHz, 810 MHz, 38.88 W, 30
0 %, 20 MiB, 210 MHz, 405 MHz, 21.73 W, 28
 14:39:56 up 6 days, 22:30,  5 users,  load average: 1.14, 1.17, 0.70
2026-09-30T14:39:58-04:00
3 %, 431 MiB, 240 MHz, 405 MHz, 7.97 W, 30
0 %, 20 MiB, 210 MHz, 405 MHz, 21.47 W, 27
 14:39:58 up 6 days, 22:31,  5 users,  load average: 1.13, 1.16, 0.70
2026-09-30T14:40:00-04:00
3 %, 431 MiB, 195 MHz, 405 MHz, 6.16 W, 30
0 %, 20 MiB, 210 MHz, 405 MHz, 21.78 W, 27
 14:40:00 up 6 days, 22:31,  5 users,  load average: 1.13, 1.16, 0.70
2026-09-30T14:40:02-04:00
3 %, 431 MiB, 195 MHz, 405 MHz, 6.07 W, 30
0 %, 20 MiB, 210 MHz, 405 MHz, 20.81 W, 27
 14:40:03 up 6 days, 22:31,  5 users,  load average: 1.12, 1.16, 0.70
2026-09-30T14:40:05-04:00
3 %, 431 MiB, 195 MHz, 405 MHz, 6.31 W, 30
0 %, 20 MiB, 210 MHz, 405 MHz, 20.87 W, 27
 14:40:05 up 6 days, 22:31,  5 users,  load average: 1.12, 1.16, 0.70
2026-09-30T14:40:07-04:00
3 %, 431 MiB, 195 MHz, 405 MHz, 5.81 W, 30
0 %, 20 MiB, 210 MHz, 405 MHz, 27.28 W, 28
 14:40:07 up 6 days, 22:31,  5 users,  load average: 1.19, 1.18, 0.71
2026-09-30T14:40:09-04:00
3 %, 431 MiB, 195 MHz, 405 MHz, 6.00 W, 30
0 %, 20 MiB, 210 MHz, 405 MHz, 20.93 W, 27
 14:40:09 up 6 days, 22:31,  5 users,  load average: 1.19, 1.18, 0.71
2026-09-30T14:40:11-04:00
3 %, 431 MiB, 195 MHz, 405 MHz, 6.04 W, 30
0 %, 20 MiB, 210 MHz, 405 MHz, 20.90 W, 27
 14:40:11 up 6 days, 22:31,  5 users,  load average: 1.19, 1.18, 0.71
2026-09-30T14:40:13-04:00
3 %, 431 MiB, 210 MHz, 405 MHz, 6.01 W, 30
0 %, 20 MiB, 210 MHz, 405 MHz, 22.21 W, 28
 14:40:13 up 6 days, 22:31,  5 users,  load average: 1.17, 1.17, 0.71
2026-09-30T14:40:15-04:00
3 %, 431 MiB, 195 MHz, 405 MHz, 6.27 W, 30
0 %, 20 MiB, 210 MHz, 405 MHz, 22.17 W, 28
 14:40:15 up 6 days, 22:31,  5 users,  load average: 1.17, 1.17, 0.71
2026-09-30T14:40:17-04:00
3 %, 431 MiB, 195 MHz, 405 MHz, 6.41 W, 30
0 %, 20 MiB, 210 MHz, 405 MHz, 20.92 W, 27
 14:40:17 up 6 days, 22:31,  5 users,  load average: 1.16, 1.17, 0.71
2026-09-30T14:40:19-04:00
3 %, 431 MiB, 195 MHz, 405 MHz, 6.05 W, 30
0 %, 20 MiB, 210 MHz, 405 MHz, 20.83 W, 27
 14:40:19 up 6 days, 22:31,  5 users,  load average: 1.16, 1.17, 0.71
2026-09-30T14:40:21-04:00
3 %, 431 MiB, 195 MHz, 405 MHz, 6.22 W, 30
0 %, 20 MiB, 210 MHz, 405 MHz, 27.12 W, 28
 14:40:21 up 6 days, 22:31,  5 users,  load average: 1.16, 1.17, 0.71
2026-09-30T14:40:23-04:00
3 %, 431 MiB, 195 MHz, 405 MHz, 6.12 W, 30
0 %, 20 MiB, 210 MHz, 405 MHz, 21.10 W, 27
 14:40:23 up 6 days, 22:31,  5 users,  load average: 1.15, 1.17, 0.71
2026-09-30T14:40:25-04:00
3 %, 431 MiB, 195 MHz, 405 MHz, 5.82 W, 30
0 %, 20 MiB, 210 MHz, 405 MHz, 20.82 W, 27
 14:40:25 up 6 days, 22:31,  5 users,  load average: 1.15, 1.17, 0.71
2026-09-30T14:40:27-04:00
3 %, 431 MiB, 210 MHz, 405 MHz, 5.60 W, 30
0 %, 20 MiB, 210 MHz, 405 MHz, 22.68 W, 27
 14:40:27 up 6 days, 22:31,  5 users,  load average: 1.13, 1.16, 0.72
2026-09-30T14:40:29-04:00
3 %, 431 MiB, 195 MHz, 405 MHz, 5.94 W, 30
0 %, 20 MiB, 210 MHz, 405 MHz, 21.63 W, 27
 14:40:29 up 6 days, 22:31,  5 users,  load average: 1.13, 1.16, 0.72
2026-09-30T14:40:31-04:00
3 %, 431 MiB, 195 MHz, 405 MHz, 6.02 W, 30
0 %, 20 MiB, 210 MHz, 405 MHz, 20.84 W, 27
 14:40:32 up 6 days, 22:31,  5 users,  load average: 1.13, 1.16, 0.72
2026-09-30T14:40:34-04:00
3 %, 431 MiB, 195 MHz, 405 MHz, 6.04 W, 30
0 %, 20 MiB, 210 MHz, 405 MHz, 21.05 W, 27
 14:40:34 up 6 days, 22:31,  5 users,  load average: 1.12, 1.16, 0.72
2026-09-30T14:40:36-04:00
3 %, 431 MiB, 195 MHz, 405 MHz, 5.76 W, 30
0 %, 20 MiB, 210 MHz, 405 MHz, 27.64 W, 27
 14:40:36 up 6 days, 22:31,  5 users,  load average: 1.12, 1.16, 0.72
2026-09-30T14:40:38-04:00
3 %, 431 MiB, 195 MHz, 405 MHz, 6.36 W, 30
0 %, 20 MiB, 210 MHz, 405 MHz, 21.31 W, 27
 14:40:38 up 6 days, 22:31,  5 users,  load average: 1.11, 1.16, 0.72
2026-09-30T14:40:40-04:00
3 %, 431 MiB, 195 MHz, 405 MHz, 6.44 W, 30
0 %, 20 MiB, 210 MHz, 405 MHz, 20.94 W, 27
 14:40:40 up 6 days, 22:31,  5 users,  load average: 1.11, 1.16, 0.72
2026-09-30T14:40:42-04:00
3 %, 431 MiB, 195 MHz, 405 MHz, 6.00 W, 30
0 %, 20 MiB, 210 MHz, 405 MHz, 23.31 W, 27
 14:40:42 up 6 days, 22:31,  5 users,  load average: 1.10, 1.16, 0.72
2026-09-30T14:40:44-04:00
3 %, 431 MiB, 195 MHz, 405 MHz, 6.01 W, 30
0 %, 20 MiB, 210 MHz, 405 MHz, 22.21 W, 28
 14:40:44 up 6 days, 22:31,  5 users,  load average: 1.10, 1.16, 0.72
2026-09-30T14:40:46-04:00
3 %, 431 MiB, 195 MHz, 405 MHz, 6.09 W, 30
0 %, 20 MiB, 210 MHz, 405 MHz, 21.00 W, 27
 14:40:46 up 6 days, 22:31,  5 users,  load average: 1.10, 1.16, 0.72
2026-09-30T14:40:48-04:00
8 %, 431 MiB, 1612 MHz, 13801 MHz, 23.22 W, 31
0 %, 20 MiB, 210 MHz, 405 MHz, 22.70 W, 28
 14:40:48 up 6 days, 22:31,  5 users,  load average: 1.10, 1.15, 0.72
2026-09-30T14:40:50-04:00
2 %, 431 MiB, 660 MHz, 810 MHz, 40.16 W, 30
0 %, 20 MiB, 210 MHz, 405 MHz, 28.56 W, 28
 14:40:50 up 6 days, 22:31,  5 users,  load average: 1.10, 1.15, 0.72
2026-09-30T14:40:52-04:00
3 %, 431 MiB, 240 MHz, 405 MHz, 8.16 W, 30
0 %, 20 MiB, 210 MHz, 405 MHz, 20.88 W, 27
 14:40:52 up 6 days, 22:31,  5 users,  load average: 1.09, 1.15, 0.72
2026-09-30T14:40:54-04:00
3 %, 431 MiB, 195 MHz, 405 MHz, 6.33 W, 30
0 %, 20 MiB, 210 MHz, 405 MHz, 20.76 W, 27
 14:40:54 up 6 days, 22:31,  5 users,  load average: 1.09, 1.15, 0.72
2026-09-30T14:40:56-04:00
3 %, 431 MiB, 195 MHz, 405 MHz, 6.41 W, 30
0 %, 20 MiB, 210 MHz, 405 MHz, 23.83 W, 28
 14:40:56 up 6 days, 22:31,  5 users,  load average: 1.09, 1.15, 0.72
2026-09-30T14:40:58-04:00
3 %, 431 MiB, 195 MHz, 405 MHz, 5.85 W, 30
0 %, 20 MiB, 210 MHz, 405 MHz, 22.21 W, 27
 14:40:58 up 6 days, 22:32,  5 users,  load average: 1.08, 1.15, 0.73
2026-09-30T14:41:00-04:00
3 %, 431 MiB, 195 MHz, 405 MHz, 5.91 W, 30
0 %, 20 MiB, 210 MHz, 405 MHz, 20.82 W, 27
 14:41:01 up 6 days, 22:32,  5 users,  load average: 1.08, 1.15, 0.73
2026-09-30T14:41:03-04:00
3 %, 431 MiB, 195 MHz, 405 MHz, 5.89 W, 30
0 %, 20 MiB, 210 MHz, 405 MHz, 20.99 W, 27
 14:41:03 up 6 days, 22:32,  5 users,  load average: 1.07, 1.14, 0.73
2026-09-30T14:41:05-04:00
3 %, 431 MiB, 195 MHz, 405 MHz, 5.48 W, 30
0 %, 20 MiB, 210 MHz, 405 MHz, 27.15 W, 28
 14:41:05 up 6 days, 22:32,  5 users,  load average: 1.07, 1.14, 0.73
2026-09-30T14:41:07-04:00
3 %, 431 MiB, 195 MHz, 405 MHz, 5.60 W, 30
0 %, 20 MiB, 210 MHz, 405 MHz, 21.26 W, 27
 14:41:07 up 6 days, 22:32,  5 users,  load average: 1.07, 1.14, 0.73
2026-09-30T14:41:09-04:00
3 %, 431 MiB, 195 MHz, 405 MHz, 6.16 W, 30
0 %, 20 MiB, 210 MHz, 405 MHz, 21.11 W, 27
 14:41:09 up 6 days, 22:32,  5 users,  load average: 1.07, 1.14, 0.73
2026-09-30T14:41:11-04:00
3 %, 431 MiB, 195 MHz, 405 MHz, 6.07 W, 30
0 %, 20 MiB, 210 MHz, 405 MHz, 27.29 W, 28
 14:41:11 up 6 days, 22:32,  5 users,  load average: 1.07, 1.14, 0.73
2026-09-30T14:41:13-04:00
3 %, 431 MiB, 195 MHz, 405 MHz, 6.51 W, 30
0 %, 20 MiB, 210 MHz, 405 MHz, 22.01 W, 27
 14:41:13 up 6 days, 22:32,  5 users,  load average: 1.06, 1.14, 0.73
2026-09-30T14:41:15-04:00
3 %, 431 MiB, 195 MHz, 405 MHz, 6.38 W, 30
0 %, 20 MiB, 210 MHz, 405 MHz, 21.14 W, 27
 14:41:15 up 6 days, 22:32,  5 users,  load average: 1.06, 1.14, 0.73
2026-09-30T14:41:17-04:00
3 %, 431 MiB, 195 MHz, 405 MHz, 6.38 W, 30
0 %, 20 MiB, 210 MHz, 405 MHz, 21.12 W, 27
 14:41:17 up 6 days, 22:32,  5 users,  load average: 1.06, 1.14, 0.73
2026-09-30T14:41:19-04:00
3 %, 431 MiB, 195 MHz, 405 MHz, 5.77 W, 30
0 %, 20 MiB, 210 MHz, 405 MHz, 27.58 W, 27
 14:41:19 up 6 days, 22:32,  5 users,  load average: 1.06, 1.14, 0.73
2026-09-30T14:41:21-04:00
3 %, 431 MiB, 195 MHz, 405 MHz, 5.85 W, 30
0 %, 20 MiB, 210 MHz, 405 MHz, 21.11 W, 27
 14:41:21 up 6 days, 22:32,  5 users,  load average: 1.06, 1.14, 0.73
2026-09-30T14:41:23-04:00
3 %, 431 MiB, 195 MHz, 405 MHz, 5.76 W, 30
0 %, 20 MiB, 210 MHz, 405 MHz, 21.17 W, 27
 14:41:23 up 6 days, 22:32,  5 users,  load average: 1.05, 1.13, 0.73
2026-09-30T14:41:25-04:00
3 %, 431 MiB, 195 MHz, 405 MHz, 5.75 W, 30
0 %, 20 MiB, 210 MHz, 405 MHz, 27.77 W, 27
 14:41:25 up 6 days, 22:32,  5 users,  load average: 1.05, 1.13, 0.73
2026-09-30T14:41:27-04:00
3 %, 431 MiB, 195 MHz, 405 MHz, 6.35 W, 30
0 %, 20 MiB, 210 MHz, 405 MHz, 21.44 W, 27
 14:41:27 up 6 days, 22:32,  5 users,  load average: 1.05, 1.13, 0.74
2026-09-30T14:41:29-04:00
3 %, 431 MiB, 195 MHz, 405 MHz, 6.62 W, 30
0 %, 20 MiB, 210 MHz, 405 MHz, 21.01 W, 27
 14:41:30 up 6 days, 22:32,  5 users,  load average: 1.05, 1.13, 0.74
2026-09-30T14:41:32-04:00
3 %, 431 MiB, 195 MHz, 405 MHz, 6.08 W, 30
0 %, 20 MiB, 210 MHz, 405 MHz, 21.03 W, 27
 14:41:32 up 6 days, 22:32,  5 users,  load average: 1.04, 1.13, 0.74
2026-09-30T14:41:34-04:00
3 %, 431 MiB, 195 MHz, 405 MHz, 6.16 W, 30
0 %, 20 MiB, 210 MHz, 405 MHz, 27.40 W, 27
 14:41:34 up 6 days, 22:32,  5 users,  load average: 1.04, 1.13, 0.74
2026-09-30T14:41:36-04:00
3 %, 431 MiB, 195 MHz, 405 MHz, 5.95 W, 30
0 %, 20 MiB, 210 MHz, 405 MHz, 21.31 W, 27
 14:41:36 up 6 days, 22:32,  5 users,  load average: 1.04, 1.13, 0.74
2026-09-30T14:41:38-04:00
3 %, 431 MiB, 195 MHz, 405 MHz, 6.26 W, 30
0 %, 20 MiB, 210 MHz, 405 MHz, 21.15 W, 27
 14:41:38 up 6 days, 22:32,  5 users,  load average: 1.04, 1.13, 0.74
2026-09-30T14:41:40-04:00
3 %, 431 MiB, 195 MHz, 405 MHz, 6.52 W, 30
0 %, 20 MiB, 210 MHz, 405 MHz, 27.51 W, 27
 14:41:40 up 6 days, 22:32,  5 users,  load average: 1.04, 1.13, 0.74
2026-09-30T14:41:42-04:00
8 %, 1709 MiB, 2835 MHz, 13801 MHz, 31.43 W, 31
0 %, 20 MiB, 210 MHz, 405 MHz, 24.10 W, 27
1527285, /home/ndizazzo/dev/mesh/issue1393-q4-snapshot-20260930/target/release/xtask, 1272 MiB
 14:41:42 up 6 days, 22:32,  5 users,  load average: 1.04, 1.12, 0.74
2026-09-30T14:41:44-04:00
0 %, 431 MiB, 2542 MHz, 14001 MHz, 50.92 W, 31
0 %, 20 MiB, 210 MHz, 405 MHz, 28.12 W, 27
 14:41:44 up 6 days, 22:32,  5 users,  load average: 1.04, 1.12, 0.74
2026-09-30T14:41:46-04:00
2 %, 431 MiB, 307 MHz, 810 MHz, 10.41 W, 30
0 %, 20 MiB, 210 MHz, 405 MHz, 21.17 W, 27
 14:41:46 up 6 days, 22:32,  5 users,  load average: 1.04, 1.12, 0.74
2026-09-30T14:41:48-04:00
3 %, 431 MiB, 195 MHz, 405 MHz, 5.99 W, 30
0 %, 20 MiB, 210 MHz, 405 MHz, 22.39 W, 28
 14:41:48 up 6 days, 22:32,  5 users,  load average: 1.03, 1.12, 0.74
2026-09-30T14:41:50-04:00
3 %, 431 MiB, 195 MHz, 405 MHz, 5.77 W, 30
0 %, 20 MiB, 210 MHz, 405 MHz, 21.06 W, 27
 14:41:50 up 6 days, 22:32,  5 users,  load average: 1.03, 1.12, 0.74
2026-09-30T14:41:52-04:00
3 %, 431 MiB, 195 MHz, 405 MHz, 6.05 W, 30
0 %, 20 MiB, 210 MHz, 405 MHz, 21.16 W, 27
 14:41:52 up 6 days, 22:32,  5 users,  load average: 1.03, 1.12, 0.74
2026-09-30T14:41:54-04:00
3 %, 431 MiB, 195 MHz, 405 MHz, 6.08 W, 30
0 %, 20 MiB, 210 MHz, 405 MHz, 27.24 W, 27
 14:41:54 up 6 days, 22:32,  5 users,  load average: 1.03, 1.12, 0.74
2026-09-30T14:41:56-04:00
3 %, 431 MiB, 195 MHz, 405 MHz, 5.95 W, 30
0 %, 20 MiB, 210 MHz, 405 MHz, 21.30 W, 27
 14:41:56 up 6 days, 22:32,  5 users,  load average: 1.03, 1.12, 0.74
2026-09-30T14:41:58-04:00
3 %, 431 MiB, 195 MHz, 405 MHz, 5.78 W, 30
0 %, 20 MiB, 210 MHz, 405 MHz, 21.04 W, 27
 14:41:58 up 6 days, 22:33,  5 users,  load average: 1.03, 1.12, 0.75
2026-09-30T14:42:01-04:00
3 %, 431 MiB, 210 MHz, 405 MHz, 6.18 W, 30
0 %, 20 MiB, 210 MHz, 405 MHz, 22.04 W, 27
 14:42:01 up 6 days, 22:33,  5 users,  load average: 1.03, 1.12, 0.75
2026-09-30T14:42:03-04:00
3 %, 431 MiB, 195 MHz, 405 MHz, 6.01 W, 30
0 %, 20 MiB, 210 MHz, 405 MHz, 22.06 W, 27
 14:42:03 up 6 days, 22:33,  5 users,  load average: 1.02, 1.12, 0.75
2026-09-30T14:42:05-04:00
3 %, 431 MiB, 195 MHz, 405 MHz, 6.01 W, 30
0 %, 20 MiB, 210 MHz, 405 MHz, 20.95 W, 27
 14:42:05 up 6 days, 22:33,  5 users,  load average: 1.02, 1.12, 0.75
2026-09-30T14:42:07-04:00
3 %, 431 MiB, 195 MHz, 405 MHz, 6.23 W, 30
0 %, 20 MiB, 210 MHz, 405 MHz, 20.98 W, 27
 14:42:07 up 6 days, 22:33,  5 users,  load average: 1.02, 1.11, 0.75
2026-09-30T14:42:09-04:00
3 %, 431 MiB, 195 MHz, 405 MHz, 6.19 W, 30
0 %, 20 MiB, 210 MHz, 405 MHz, 27.56 W, 28
 14:42:09 up 6 days, 22:33,  5 users,  load average: 1.02, 1.11, 0.75
2026-09-30T14:42:11-04:00
3 %, 431 MiB, 195 MHz, 405 MHz, 5.75 W, 30
0 %, 20 MiB, 210 MHz, 405 MHz, 21.50 W, 27
 14:42:11 up 6 days, 22:33,  5 users,  load average: 1.02, 1.11, 0.75
2026-09-30T14:42:13-04:00
3 %, 431 MiB, 195 MHz, 405 MHz, 5.79 W, 30
0 %, 20 MiB, 210 MHz, 405 MHz, 21.10 W, 27
 14:42:13 up 6 days, 22:33,  5 users,  load average: 1.02, 1.11, 0.75
2026-09-30T14:42:15-04:00
3 %, 431 MiB, 210 MHz, 405 MHz, 5.73 W, 30
0 %, 20 MiB, 210 MHz, 405 MHz, 22.68 W, 27
 14:42:15 up 6 days, 22:33,  5 users,  load average: 1.02, 1.11, 0.75
2026-09-30T14:42:17-04:00
3 %, 431 MiB, 195 MHz, 405 MHz, 6.13 W, 30
0 %, 20 MiB, 210 MHz, 405 MHz, 22.08 W, 27
 14:42:17 up 6 days, 22:33,  5 users,  load average: 1.02, 1.11, 0.75
2026-09-30T14:42:19-04:00
3 %, 431 MiB, 195 MHz, 405 MHz, 6.07 W, 30
0 %, 20 MiB, 210 MHz, 405 MHz, 20.90 W, 27
 14:42:19 up 6 days, 22:33,  5 users,  load average: 1.02, 1.11, 0.75
2026-09-30T14:42:21-04:00
3 %, 431 MiB, 195 MHz, 405 MHz, 5.94 W, 30
0 %, 20 MiB, 210 MHz, 405 MHz, 21.04 W, 27
 14:42:21 up 6 days, 22:33,  5 users,  load average: 1.02, 1.11, 0.75
2026-09-30T14:42:23-04:00
3 %, 431 MiB, 195 MHz, 405 MHz, 5.89 W, 30
0 %, 20 MiB, 210 MHz, 405 MHz, 27.50 W, 27
 14:42:23 up 6 days, 22:33,  5 users,  load average: 1.02, 1.11, 0.75
2026-09-30T14:42:25-04:00
3 %, 431 MiB, 195 MHz, 405 MHz, 6.20 W, 30
0 %, 20 MiB, 210 MHz, 405 MHz, 21.32 W, 27
 14:42:25 up 6 days, 22:33,  5 users,  load average: 1.02, 1.11, 0.75
2026-09-30T14:42:27-04:00
3 %, 431 MiB, 195 MHz, 405 MHz, 6.03 W, 30
0 %, 20 MiB, 210 MHz, 405 MHz, 21.14 W, 27
 14:42:28 up 6 days, 22:33,  5 users,  load average: 1.02, 1.11, 0.75
2026-09-30T14:42:30-04:00
3 %, 431 MiB, 195 MHz, 405 MHz, 5.70 W, 30
0 %, 20 MiB, 210 MHz, 405 MHz, 23.38 W, 27
 14:42:30 up 6 days, 22:33,  5 users,  load average: 1.02, 1.11, 0.75
2026-09-30T14:42:32-04:00
3 %, 431 MiB, 195 MHz, 405 MHz, 5.80 W, 30
0 %, 20 MiB, 210 MHz, 405 MHz, 21.79 W, 27
 14:42:32 up 6 days, 22:33,  5 users,  load average: 1.01, 1.10, 0.76
2026-09-30T14:42:34-04:00
0 %, 431 MiB, 195 MHz, 405 MHz, 6.42 W, 30
0 %, 20 MiB, 210 MHz, 405 MHz, 20.88 W, 27
 14:42:34 up 6 days, 22:33,  5 users,  load average: 1.01, 1.10, 0.76
2026-09-30T14:42:36-04:00
2 %, 1709 MiB, 195 MHz, 14001 MHz, 9.70 W, 30
0 %, 20 MiB, 210 MHz, 405 MHz, 21.06 W, 27
1527285, /home/ndizazzo/dev/mesh/issue1393-q4-snapshot-20260930/target/release/xtask, 1272 MiB
 14:42:36 up 6 days, 22:33,  5 users,  load average: 1.01, 1.10, 0.76
2026-09-30T14:42:38-04:00
0 %, 431 MiB, 2542 MHz, 14001 MHz, 52.33 W, 31
0 %, 20 MiB, 210 MHz, 405 MHz, 28.63 W, 28
 14:42:38 up 6 days, 22:33,  5 users,  load average: 1.01, 1.10, 0.76
2026-09-30T14:42:40-04:00
0 %, 431 MiB, 472 MHz, 810 MHz, 15.46 W, 30
0 %, 20 MiB, 210 MHz, 405 MHz, 21.32 W, 27
 14:42:40 up 6 days, 22:33,  5 users,  load average: 1.01, 1.10, 0.76
2026-09-30T14:42:42-04:00
0 %, 431 MiB, 195 MHz, 405 MHz, 6.45 W, 30
0 %, 20 MiB, 210 MHz, 405 MHz, 20.84 W, 27
 14:42:42 up 6 days, 22:33,  5 users,  load average: 1.09, 1.12, 0.76
2026-09-30T14:42:44-04:00
0 %, 431 MiB, 195 MHz, 405 MHz, 6.00 W, 30
0 %, 20 MiB, 210 MHz, 405 MHz, 23.45 W, 28
 14:42:44 up 6 days, 22:33,  5 users,  load average: 1.09, 1.12, 0.76
2026-09-30T14:42:46-04:00
0 %, 431 MiB, 195 MHz, 405 MHz, 5.71 W, 30
0 %, 20 MiB, 210 MHz, 405 MHz, 22.00 W, 28
 14:42:46 up 6 days, 22:33,  5 users,  load average: 1.09, 1.12, 0.76
2026-09-30T14:42:48-04:00
0 %, 431 MiB, 195 MHz, 405 MHz, 6.07 W, 30
0 %, 20 MiB, 210 MHz, 405 MHz, 20.99 W, 27
 14:42:48 up 6 days, 22:33,  6 users,  load average: 1.08, 1.11, 0.77
2026-09-30T14:42:50-04:00
0 %, 431 MiB, 195 MHz, 405 MHz, 5.78 W, 30
1 %, 20 MiB, 210 MHz, 405 MHz, 21.14 W, 27
 14:42:50 up 6 days, 22:33,  6 users,  load average: 1.08, 1.11, 0.77
2026-09-30T14:42:52-04:00
0 %, 431 MiB, 195 MHz, 405 MHz, 6.10 W, 30
0 %, 20 MiB, 210 MHz, 405 MHz, 21.89 W, 28
 14:42:52 up 6 days, 22:33,  6 users,  load average: 1.08, 1.11, 0.77
2026-09-30T14:42:54-04:00
0 %, 431 MiB, 195 MHz, 405 MHz, 6.45 W, 30
0 %, 20 MiB, 210 MHz, 405 MHz, 21.00 W, 27
 14:42:54 up 6 days, 22:33,  6 users,  load average: 1.08, 1.11, 0.77
2026-09-30T14:42:56-04:00
0 %, 431 MiB, 195 MHz, 405 MHz, 5.84 W, 30
0 %, 20 MiB, 210 MHz, 405 MHz, 21.05 W, 27
 14:42:56 up 6 days, 22:33,  6 users,  load average: 1.08, 1.11, 0.77
2026-09-30T14:42:58-04:00
0 %, 431 MiB, 195 MHz, 405 MHz, 6.53 W, 30
0 %, 20 MiB, 210 MHz, 405 MHz, 27.62 W, 27
 14:42:59 up 6 days, 22:34,  6 users,  load average: 1.07, 1.11, 0.77
2026-09-30T14:43:01-04:00
0 %, 431 MiB, 195 MHz, 405 MHz, 6.23 W, 30
0 %, 20 MiB, 210 MHz, 405 MHz, 21.41 W, 27
 14:43:01 up 6 days, 22:34,  6 users,  load average: 1.07, 1.11, 0.77
2026-09-30T14:43:03-04:00
0 %, 431 MiB, 195 MHz, 405 MHz, 5.98 W, 30
0 %, 20 MiB, 210 MHz, 405 MHz, 20.93 W, 27
 14:43:03 up 6 days, 22:34,  6 users,  load average: 1.06, 1.11, 0.77
2026-09-30T14:43:05-04:00
0 %, 431 MiB, 210 MHz, 405 MHz, 5.77 W, 30
0 %, 20 MiB, 210 MHz, 405 MHz, 22.30 W, 27
 14:43:05 up 6 days, 22:34,  6 users,  load average: 1.06, 1.11, 0.77
2026-09-30T14:43:07-04:00
0 %, 431 MiB, 195 MHz, 405 MHz, 5.72 W, 30
0 %, 20 MiB, 210 MHz, 405 MHz, 22.17 W, 27
 14:43:07 up 6 days, 22:34,  6 users,  load average: 1.06, 1.11, 0.77
2026-09-30T14:43:09-04:00
0 %, 431 MiB, 195 MHz, 405 MHz, 5.77 W, 30
0 %, 20 MiB, 210 MHz, 405 MHz, 21.07 W, 27
 14:43:09 up 6 days, 22:34,  6 users,  load average: 1.06, 1.11, 0.77
2026-09-30T14:43:11-04:00
0 %, 431 MiB, 195 MHz, 405 MHz, 6.03 W, 30
0 %, 20 MiB, 210 MHz, 405 MHz, 21.02 W, 27
 14:43:11 up 6 days, 22:34,  6 users,  load average: 1.06, 1.11, 0.77
2026-09-30T14:43:13-04:00
0 %, 431 MiB, 195 MHz, 405 MHz, 6.29 W, 30
0 %, 20 MiB, 210 MHz, 405 MHz, 27.44 W, 27
 14:43:13 up 6 days, 22:34,  6 users,  load average: 1.05, 1.10, 0.77
2026-09-30T14:43:15-04:00
0 %, 431 MiB, 195 MHz, 405 MHz, 5.97 W, 30
0 %, 20 MiB, 210 MHz, 405 MHz, 21.17 W, 27
 14:43:15 up 6 days, 22:34,  6 users,  load average: 1.05, 1.10, 0.77
2026-09-30T14:43:17-04:00
0 %, 431 MiB, 195 MHz, 405 MHz, 5.83 W, 30
0 %, 20 MiB, 210 MHz, 405 MHz, 20.98 W, 27
 14:43:17 up 6 days, 22:34,  6 users,  load average: 1.05, 1.10, 0.77
2026-09-30T14:43:19-04:00
0 %, 431 MiB, 210 MHz, 405 MHz, 5.89 W, 30
0 %, 20 MiB, 210 MHz, 405 MHz, 23.25 W, 28
 14:43:19 up 6 days, 22:34,  6 users,  load average: 1.05, 1.10, 0.77
2026-09-30T14:43:21-04:00
0 %, 431 MiB, 195 MHz, 405 MHz, 5.60 W, 30
0 %, 20 MiB, 210 MHz, 405 MHz, 21.82 W, 27
 14:43:21 up 6 days, 22:34,  6 users,  load average: 1.05, 1.10, 0.77
2026-09-30T14:43:23-04:00
0 %, 431 MiB, 195 MHz, 405 MHz, 5.47 W, 30
0 %, 20 MiB, 210 MHz, 405 MHz, 21.10 W, 27
 14:43:23 up 6 days, 22:34,  6 users,  load average: 1.05, 1.10, 0.78
2026-09-30T14:43:25-04:00
0 %, 431 MiB, 195 MHz, 405 MHz, 6.28 W, 30
0 %, 20 MiB, 210 MHz, 405 MHz, 21.14 W, 27
 14:43:26 up 6 days, 22:34,  6 users,  load average: 1.05, 1.10, 0.78
2026-09-30T14:43:28-04:00
0 %, 431 MiB, 195 MHz, 405 MHz, 6.00 W, 30
0 %, 20 MiB, 210 MHz, 405 MHz, 27.77 W, 28
 14:43:28 up 6 days, 22:34,  6 users,  load average: 1.04, 1.10, 0.78
2026-09-30T14:43:30-04:00
0 %, 431 MiB, 195 MHz, 405 MHz, 5.49 W, 30
0 %, 20 MiB, 210 MHz, 405 MHz, 21.34 W, 27
 14:43:30 up 6 days, 22:34,  6 users,  load average: 1.04, 1.10, 0.78
2026-09-30T14:43:32-04:00
0 %, 431 MiB, 2542 MHz, 14001 MHz, 52.68 W, 31
0 %, 20 MiB, 210 MHz, 405 MHz, 28.80 W, 28
 14:43:32 up 6 days, 22:34,  6 users,  load average: 1.04, 1.10, 0.78
2026-09-30T14:43:34-04:00
0 %, 431 MiB, 510 MHz, 810 MHz, 16.03 W, 30
0 %, 20 MiB, 210 MHz, 405 MHz, 23.88 W, 27
 14:43:34 up 6 days, 22:34,  6 users,  load average: 1.04, 1.10, 0.78
2026-09-30T14:43:36-04:00
0 %, 431 MiB, 195 MHz, 405 MHz, 6.15 W, 30
0 %, 20 MiB, 210 MHz, 405 MHz, 22.03 W, 27
 14:43:36 up 6 days, 22:34,  6 users,  load average: 1.04, 1.10, 0.78
2026-09-30T14:43:38-04:00
0 %, 431 MiB, 195 MHz, 405 MHz, 5.77 W, 30
0 %, 20 MiB, 210 MHz, 405 MHz, 21.05 W, 27
 14:43:38 up 6 days, 22:34,  6 users,  load average: 1.04, 1.10, 0.78
2026-09-30T14:43:40-04:00
0 %, 431 MiB, 195 MHz, 405 MHz, 5.92 W, 30
0 %, 20 MiB, 210 MHz, 405 MHz, 21.11 W, 27
 14:43:40 up 6 days, 22:34,  6 users,  load average: 1.04, 1.10, 0.78
2026-09-30T14:43:42-04:00
0 %, 431 MiB, 195 MHz, 405 MHz, 5.82 W, 30
0 %, 20 MiB, 210 MHz, 405 MHz, 27.57 W, 28
 14:43:42 up 6 days, 22:34,  6 users,  load average: 1.03, 1.09, 0.78
2026-09-30T14:43:44-04:00
0 %, 431 MiB, 195 MHz, 405 MHz, 5.69 W, 30
0 %, 20 MiB, 210 MHz, 405 MHz, 20.96 W, 27
 14:43:44 up 6 days, 22:34,  6 users,  load average: 1.03, 1.09, 0.78
2026-09-30T14:43:46-04:00
0 %, 431 MiB, 195 MHz, 405 MHz, 5.88 W, 30
0 %, 20 MiB, 210 MHz, 405 MHz, 20.93 W, 27
 14:43:46 up 6 days, 22:34,  6 users,  load average: 1.03, 1.09, 0.78
2026-09-30T14:43:48-04:00
0 %, 431 MiB, 195 MHz, 405 MHz, 5.83 W, 30
0 %, 20 MiB, 210 MHz, 405 MHz, 23.93 W, 28
 14:43:48 up 6 days, 22:34,  6 users,  load average: 1.03, 1.09, 0.78
2026-09-30T14:43:50-04:00
0 %, 431 MiB, 195 MHz, 405 MHz, 5.73 W, 30
0 %, 20 MiB, 210 MHz, 405 MHz, 22.26 W, 28
 14:43:50 up 6 days, 22:34,  6 users,  load average: 1.03, 1.09, 0.78
2026-09-30T14:43:52-04:00
0 %, 431 MiB, 195 MHz, 405 MHz, 5.92 W, 30
0 %, 20 MiB, 210 MHz, 405 MHz, 21.07 W, 27
 14:43:52 up 6 days, 22:34,  6 users,  load average: 1.03, 1.09, 0.78
2026-09-30T14:43:54-04:00
0 %, 431 MiB, 195 MHz, 405 MHz, 6.02 W, 30
0 %, 20 MiB, 210 MHz, 405 MHz, 21.08 W, 27
 14:43:54 up 6 days, 22:34,  6 users,  load average: 1.03, 1.09, 0.78
2026-09-30T14:43:56-04:00
0 %, 431 MiB, 195 MHz, 405 MHz, 6.22 W, 30
0 %, 20 MiB, 210 MHz, 405 MHz, 27.34 W, 28
 14:43:57 up 6 days, 22:35,  6 users,  load average: 1.03, 1.09, 0.78
2026-09-30T14:43:59-04:00
0 %, 431 MiB, 232 MHz, 405 MHz, 5.61 W, 30
0 %, 20 MiB, 210 MHz, 405 MHz, 21.15 W, 27
 14:43:59 up 6 days, 22:35,  6 users,  load average: 1.02, 1.09, 0.79
2026-09-30T14:44:01-04:00
0 %, 431 MiB, 232 MHz, 405 MHz, 5.80 W, 30
0 %, 20 MiB, 210 MHz, 405 MHz, 20.91 W, 27
 14:44:01 up 6 days, 22:35,  6 users,  load average: 1.02, 1.09, 0.79
2026-09-30T14:44:03-04:00
0 %, 431 MiB, 232 MHz, 405 MHz, 5.83 W, 30
0 %, 20 MiB, 210 MHz, 405 MHz, 27.25 W, 27
 14:44:03 up 6 days, 22:35,  6 users,  load average: 1.02, 1.09, 0.79
2026-09-30T14:44:05-04:00
0 %, 431 MiB, 232 MHz, 405 MHz, 6.34 W, 30
0 %, 20 MiB, 210 MHz, 405 MHz, 21.65 W, 27
 14:44:05 up 6 days, 22:35,  6 users,  load average: 1.02, 1.09, 0.79
2026-09-30T14:44:07-04:00
0 %, 431 MiB, 232 MHz, 405 MHz, 6.28 W, 30
0 %, 20 MiB, 210 MHz, 405 MHz, 20.85 W, 27
 14:44:07 up 6 days, 22:35,  6 users,  load average: 1.02, 1.08, 0.79
2026-09-30T14:44:09-04:00
0 %, 431 MiB, 232 MHz, 405 MHz, 5.60 W, 30
0 %, 20 MiB, 210 MHz, 405 MHz, 20.89 W, 27
 14:44:09 up 6 days, 22:35,  6 users,  load average: 1.02, 1.08, 0.79
2026-09-30T14:44:11-04:00
0 %, 431 MiB, 232 MHz, 405 MHz, 6.04 W, 30
0 %, 20 MiB, 210 MHz, 405 MHz, 27.53 W, 27
 14:44:11 up 6 days, 22:35,  6 users,  load average: 1.02, 1.08, 0.79
2026-09-30T14:44:13-04:00
0 %, 431 MiB, 232 MHz, 405 MHz, 6.03 W, 30
0 %, 20 MiB, 210 MHz, 405 MHz, 21.27 W, 27
 14:44:13 up 6 days, 22:35,  6 users,  load average: 1.02, 1.08, 0.79
2026-09-30T14:44:15-04:00
0 %, 431 MiB, 232 MHz, 405 MHz, 5.80 W, 30
0 %, 20 MiB, 210 MHz, 405 MHz, 20.91 W, 27
 14:44:15 up 6 days, 22:35,  6 users,  load average: 1.02, 1.08, 0.79
2026-09-30T14:44:17-04:00
0 %, 431 MiB, 232 MHz, 405 MHz, 5.50 W, 30
0 %, 20 MiB, 210 MHz, 405 MHz, 27.08 W, 28
 14:44:17 up 6 days, 22:35,  6 users,  load average: 1.02, 1.08, 0.79
2026-09-30T14:44:19-04:00
0 %, 431 MiB, 225 MHz, 405 MHz, 5.66 W, 30
0 %, 20 MiB, 210 MHz, 405 MHz, 21.18 W, 27
 14:44:19 up 6 days, 22:35,  6 users,  load average: 1.02, 1.08, 0.79
2026-09-30T14:44:21-04:00
0 %, 431 MiB, 240 MHz, 405 MHz, 5.50 W, 30
0 %, 20 MiB, 210 MHz, 405 MHz, 20.80 W, 27
 14:44:21 up 6 days, 22:35,  6 users,  load average: 1.02, 1.08, 0.79
2026-09-30T14:44:23-04:00
0 %, 431 MiB, 232 MHz, 405 MHz, 5.74 W, 30
0 %, 20 MiB, 210 MHz, 405 MHz, 20.86 W, 27
 14:44:24 up 6 days, 22:35,  6 users,  load average: 1.02, 1.08, 0.79
2026-09-30T14:44:26-04:00
0 %, 431 MiB, 2550 MHz, 14001 MHz, 55.37 W, 31
0 %, 20 MiB, 210 MHz, 405 MHz, 28.62 W, 27
 14:44:26 up 6 days, 22:35,  6 users,  load average: 1.02, 1.08, 0.79
2026-09-30T14:44:28-04:00
0 %, 431 MiB, 637 MHz, 810 MHz, 35.59 W, 30
0 %, 20 MiB, 210 MHz, 405 MHz, 22.33 W, 27
 14:44:28 up 6 days, 22:35,  6 users,  load average: 1.01, 1.08, 0.79
2026-09-30T14:44:30-04:00
0 %, 431 MiB, 232 MHz, 405 MHz, 5.86 W, 30
0 %, 20 MiB, 210 MHz, 405 MHz, 21.03 W, 27
 14:44:30 up 6 days, 22:35,  6 users,  load average: 1.01, 1.08, 0.79
2026-09-30T14:44:32-04:00
0 %, 431 MiB, 232 MHz, 405 MHz, 5.91 W, 30
0 %, 20 MiB, 210 MHz, 405 MHz, 26.53 W, 28
 14:44:32 up 6 days, 22:35,  6 users,  load average: 1.01, 1.08, 0.80
2026-09-30T14:44:34-04:00
0 %, 431 MiB, 232 MHz, 405 MHz, 5.62 W, 30
0 %, 20 MiB, 210 MHz, 405 MHz, 21.03 W, 27
 14:44:34 up 6 days, 22:35,  6 users,  load average: 1.01, 1.08, 0.80
2026-09-30T14:44:36-04:00
0 %, 431 MiB, 232 MHz, 405 MHz, 5.55 W, 30
0 %, 20 MiB, 210 MHz, 405 MHz, 20.96 W, 27
 14:44:36 up 6 days, 22:35,  6 users,  load average: 1.01, 1.08, 0.80
2026-09-30T14:44:38-04:00
0 %, 431 MiB, 240 MHz, 405 MHz, 5.51 W, 30
1 %, 20 MiB, 210 MHz, 405 MHz, 21.20 W, 27
 14:44:38 up 6 days, 22:35,  6 users,  load average: 1.01, 1.08, 0.80
2026-09-30T14:44:40-04:00
0 %, 431 MiB, 232 MHz, 405 MHz, 5.54 W, 30
0 %, 20 MiB, 210 MHz, 405 MHz, 22.22 W, 27
 14:44:40 up 6 days, 22:35,  6 users,  load average: 1.01, 1.08, 0.80
2026-09-30T14:44:42-04:00
0 %, 431 MiB, 232 MHz, 405 MHz, 6.26 W, 30
0 %, 20 MiB, 210 MHz, 405 MHz, 21.04 W, 27
 14:44:42 up 6 days, 22:35,  6 users,  load average: 1.01, 1.07, 0.80
2026-09-30T14:44:44-04:00
0 %, 431 MiB, 232 MHz, 405 MHz, 5.82 W, 30
0 %, 20 MiB, 210 MHz, 405 MHz, 21.13 W, 27
 14:44:44 up 6 days, 22:35,  6 users,  load average: 1.01, 1.07, 0.80
2026-09-30T14:44:46-04:00
0 %, 431 MiB, 232 MHz, 405 MHz, 6.00 W, 30
0 %, 20 MiB, 210 MHz, 405 MHz, 27.34 W, 28
 14:44:46 up 6 days, 22:35,  6 users,  load average: 1.01, 1.07, 0.80
2026-09-30T14:44:48-04:00
0 %, 431 MiB, 232 MHz, 405 MHz, 5.94 W, 30
0 %, 20 MiB, 210 MHz, 405 MHz, 21.19 W, 27
 14:44:48 up 6 days, 22:35,  6 users,  load average: 1.01, 1.07, 0.80
2026-09-30T14:44:50-04:00
0 %, 431 MiB, 232 MHz, 405 MHz, 5.53 W, 30
0 %, 20 MiB, 210 MHz, 405 MHz, 20.99 W, 27
 14:44:50 up 6 days, 22:35,  6 users,  load average: 1.01, 1.07, 0.80
2026-09-30T14:44:52-04:00
0 %, 431 MiB, 232 MHz, 405 MHz, 5.64 W, 30
0 %, 20 MiB, 210 MHz, 405 MHz, 22.18 W, 27
 14:44:53 up 6 days, 22:35,  6 users,  load average: 1.01, 1.07, 0.80
2026-09-30T14:44:55-04:00
0 %, 431 MiB, 232 MHz, 405 MHz, 5.62 W, 30
0 %, 20 MiB, 210 MHz, 405 MHz, 21.71 W, 27
 14:44:55 up 6 days, 22:35,  6 users,  load average: 1.01, 1.07, 0.80
2026-09-30T14:44:57-04:00
0 %, 431 MiB, 232 MHz, 405 MHz, 5.44 W, 30
0 %, 20 MiB, 210 MHz, 405 MHz, 20.87 W, 27
 14:44:57 up 6 days, 22:36,  6 users,  load average: 1.09, 1.09, 0.81
2026-09-30T14:44:59-04:00
0 %, 431 MiB, 232 MHz, 405 MHz, 6.00 W, 30
0 %, 20 MiB, 210 MHz, 405 MHz, 21.04 W, 27
 14:44:59 up 6 days, 22:36,  6 users,  load average: 1.09, 1.09, 0.81
2026-09-30T14:45:01-04:00
0 %, 431 MiB, 232 MHz, 405 MHz, 5.89 W, 30
0 %, 20 MiB, 210 MHz, 405 MHz, 27.65 W, 27
 14:45:01 up 6 days, 22:36,  6 users,  load average: 1.09, 1.09, 0.81
2026-09-30T14:45:03-04:00
0 %, 431 MiB, 232 MHz, 405 MHz, 5.47 W, 30
0 %, 20 MiB, 210 MHz, 405 MHz, 21.29 W, 27
 14:45:03 up 6 days, 22:36,  6 users,  load average: 1.24, 1.12, 0.82
2026-09-30T14:45:05-04:00
0 %, 431 MiB, 232 MHz, 405 MHz, 6.05 W, 30
0 %, 20 MiB, 210 MHz, 405 MHz, 20.91 W, 27
 14:45:05 up 6 days, 22:36,  6 users,  load average: 1.24, 1.12, 0.82
2026-09-30T14:45:07-04:00
0 %, 431 MiB, 232 MHz, 405 MHz, 6.12 W, 30
0 %, 20 MiB, 210 MHz, 405 MHz, 22.74 W, 28
 14:45:07 up 6 days, 22:36,  6 users,  load average: 1.22, 1.12, 0.82
2026-09-30T14:45:09-04:00
0 %, 431 MiB, 232 MHz, 405 MHz, 5.46 W, 30
0 %, 20 MiB, 210 MHz, 405 MHz, 22.10 W, 27
 14:45:09 up 6 days, 22:36,  6 users,  load average: 1.22, 1.12, 0.82
2026-09-30T14:45:11-04:00
0 %, 431 MiB, 232 MHz, 405 MHz, 5.68 W, 30
0 %, 20 MiB, 210 MHz, 405 MHz, 21.03 W, 27
 14:45:11 up 6 days, 22:36,  6 users,  load average: 1.22, 1.12, 0.82
2026-09-30T14:45:13-04:00
0 %, 431 MiB, 232 MHz, 405 MHz, 5.87 W, 30
0 %, 20 MiB, 210 MHz, 405 MHz, 21.07 W, 27
 14:45:13 up 6 days, 22:36,  6 users,  load average: 1.20, 1.11, 0.82
2026-09-30T14:45:15-04:00
0 %, 431 MiB, 232 MHz, 405 MHz, 5.64 W, 30
0 %, 20 MiB, 210 MHz, 405 MHz, 27.50 W, 27
 14:45:15 up 6 days, 22:36,  6 users,  load average: 1.20, 1.11, 0.82
2026-09-30T14:45:17-04:00
0 %, 431 MiB, 232 MHz, 405 MHz, 5.68 W, 30
0 %, 20 MiB, 210 MHz, 405 MHz, 21.12 W, 27
 14:45:17 up 6 days, 22:36,  6 users,  load average: 1.19, 1.11, 0.82
2026-09-30T14:45:19-04:00
0 %, 1709 MiB, 2550 MHz, 13801 MHz, 45.36 W, 31
0 %, 20 MiB, 210 MHz, 405 MHz, 24.29 W, 28
1527285, /home/ndizazzo/dev/mesh/issue1393-q4-snapshot-20260930/target/release/xtask, 1272 MiB
 14:45:19 up 6 days, 22:36,  6 users,  load average: 1.19, 1.11, 0.82
2026-09-30T14:45:21-04:00
0 %, 431 MiB, 2550 MHz, 14001 MHz, 52.44 W, 31
0 %, 20 MiB, 210 MHz, 405 MHz, 23.41 W, 28
 14:45:21 up 6 days, 22:36,  6 users,  load average: 1.19, 1.11, 0.82
2026-09-30T14:45:23-04:00
0 %, 431 MiB, 547 MHz, 810 MHz, 35.83 W, 30
0 %, 20 MiB, 210 MHz, 405 MHz, 22.39 W, 28
 14:45:24 up 6 days, 22:36,  6 users,  load average: 1.17, 1.11, 0.82
2026-09-30T14:45:26-04:00
0 %, 431 MiB, 232 MHz, 405 MHz, 6.96 W, 30
0 %, 20 MiB, 210 MHz, 405 MHz, 20.94 W, 27
 14:45:26 up 6 days, 22:36,  6 users,  load average: 1.17, 1.11, 0.82
2026-09-30T14:45:28-04:00
0 %, 431 MiB, 232 MHz, 405 MHz, 5.90 W, 30
0 %, 20 MiB, 210 MHz, 405 MHz, 20.94 W, 27
 14:45:28 up 6 days, 22:36,  6 users,  load average: 1.16, 1.11, 0.83
2026-09-30T14:45:30-04:00
0 %, 431 MiB, 232 MHz, 405 MHz, 5.82 W, 30
0 %, 20 MiB, 210 MHz, 405 MHz, 27.65 W, 28
 14:45:30 up 6 days, 22:36,  6 users,  load average: 1.16, 1.11, 0.83
2026-09-30T14:45:32-04:00
0 %, 431 MiB, 232 MHz, 405 MHz, 5.45 W, 30
0 %, 20 MiB, 210 MHz, 405 MHz, 21.15 W, 27
 14:45:32 up 6 days, 22:36,  6 users,  load average: 1.14, 1.11, 0.83
2026-09-30T14:45:34-04:00
0 %, 431 MiB, 232 MHz, 405 MHz, 5.47 W, 30
0 %, 20 MiB, 210 MHz, 405 MHz, 20.86 W, 27
 14:45:34 up 6 days, 22:36,  6 users,  load average: 1.14, 1.11, 0.83
2026-09-30T14:45:36-04:00
0 %, 431 MiB, 232 MHz, 405 MHz, 5.99 W, 30
0 %, 20 MiB, 210 MHz, 405 MHz, 23.83 W, 27
 14:45:36 up 6 days, 22:36,  6 users,  load average: 1.14, 1.11, 0.83
2026-09-30T14:45:38-04:00
0 %, 431 MiB, 232 MHz, 405 MHz, 5.61 W, 30
0 %, 20 MiB, 210 MHz, 405 MHz, 22.01 W, 28
 14:45:38 up 6 days, 22:36,  6 users,  load average: 1.13, 1.10, 0.83
2026-09-30T14:45:40-04:00
0 %, 431 MiB, 232 MHz, 405 MHz, 6.18 W, 30
0 %, 20 MiB, 210 MHz, 405 MHz, 21.06 W, 27
 14:45:40 up 6 days, 22:36,  6 users,  load average: 1.13, 1.10, 0.83
2026-09-30T14:45:42-04:00
0 %, 431 MiB, 225 MHz, 405 MHz, 6.31 W, 30
0 %, 20 MiB, 210 MHz, 405 MHz, 21.05 W, 27
 14:45:42 up 6 days, 22:36,  6 users,  load average: 1.12, 1.10, 0.83
2026-09-30T14:45:44-04:00
0 %, 431 MiB, 232 MHz, 405 MHz, 5.99 W, 30
0 %, 20 MiB, 210 MHz, 405 MHz, 27.62 W, 28
 14:45:44 up 6 days, 22:36,  6 users,  load average: 1.12, 1.10, 0.83
2026-09-30T14:45:46-04:00
0 %, 431 MiB, 232 MHz, 405 MHz, 5.80 W, 30
0 %, 20 MiB, 210 MHz, 405 MHz, 21.00 W, 27
 14:45:46 up 6 days, 22:36,  6 users,  load average: 1.12, 1.10, 0.83
2026-09-30T14:45:48-04:00
0 %, 431 MiB, 232 MHz, 405 MHz, 5.84 W, 30
0 %, 20 MiB, 210 MHz, 405 MHz, 21.10 W, 27
 14:45:48 up 6 days, 22:36,  6 users,  load average: 1.11, 1.10, 0.83
2026-09-30T14:45:50-04:00
0 %, 431 MiB, 232 MHz, 405 MHz, 5.81 W, 30
0 %, 20 MiB, 210 MHz, 405 MHz, 24.16 W, 27
 14:45:50 up 6 days, 22:36,  6 users,  load average: 1.11, 1.10, 0.83
2026-09-30T14:45:52-04:00
0 %, 431 MiB, 232 MHz, 405 MHz, 5.61 W, 30
0 %, 20 MiB, 210 MHz, 405 MHz, 22.08 W, 28
 14:45:53 up 6 days, 22:36,  6 users,  load average: 1.10, 1.10, 0.83
2026-09-30T14:45:55-04:00
0 %, 431 MiB, 232 MHz, 405 MHz, 6.09 W, 30
0 %, 20 MiB, 210 MHz, 405 MHz, 20.91 W, 27
 14:45:55 up 6 days, 22:36,  6 users,  load average: 1.10, 1.10, 0.83
2026-09-30T14:45:57-04:00
0 %, 431 MiB, 232 MHz, 405 MHz, 5.59 W, 30
0 %, 20 MiB, 210 MHz, 405 MHz, 21.03 W, 27
 14:45:57 up 6 days, 22:37,  6 users,  load average: 1.09, 1.10, 0.83
2026-09-30T14:45:59-04:00
0 %, 431 MiB, 232 MHz, 405 MHz, 6.05 W, 30
0 %, 20 MiB, 210 MHz, 405 MHz, 21.98 W, 28
 14:45:59 up 6 days, 22:37,  6 users,  load average: 1.09, 1.10, 0.83
2026-09-30T14:46:01-04:00
0 %, 431 MiB, 232 MHz, 405 MHz, 5.74 W, 30
0 %, 20 MiB, 210 MHz, 405 MHz, 20.95 W, 27
 14:46:01 up 6 days, 22:37,  6 users,  load average: 1.09, 1.10, 0.83
2026-09-30T14:46:03-04:00
0 %, 431 MiB, 232 MHz, 405 MHz, 5.64 W, 30
0 %, 20 MiB, 210 MHz, 405 MHz, 20.97 W, 27
 14:46:03 up 6 days, 22:37,  6 users,  load average: 1.09, 1.10, 0.83
2026-09-30T14:46:05-04:00
0 %, 431 MiB, 232 MHz, 405 MHz, 5.64 W, 30
0 %, 20 MiB, 210 MHz, 405 MHz, 27.55 W, 27
 14:46:05 up 6 days, 22:37,  6 users,  load average: 1.09, 1.10, 0.83
2026-09-30T14:46:07-04:00
0 %, 431 MiB, 232 MHz, 405 MHz, 6.05 W, 30
0 %, 20 MiB, 210 MHz, 405 MHz, 21.02 W, 27
 14:46:07 up 6 days, 22:37,  6 users,  load average: 1.08, 1.09, 0.83
2026-09-30T14:46:09-04:00
0 %, 431 MiB, 232 MHz, 405 MHz, 5.69 W, 30
0 %, 20 MiB, 210 MHz, 405 MHz, 20.95 W, 27
 14:46:09 up 6 days, 22:37,  6 users,  load average: 1.08, 1.09, 0.83
2026-09-30T14:46:11-04:00
0 %, 431 MiB, 232 MHz, 405 MHz, 5.98 W, 30
0 %, 20 MiB, 210 MHz, 405 MHz, 20.99 W, 27
 14:46:11 up 6 days, 22:37,  6 users,  load average: 1.08, 1.09, 0.83
2026-09-30T14:46:13-04:00
0 %, 431 MiB, 232 MHz, 405 MHz, 6.07 W, 30
0 %, 20 MiB, 210 MHz, 405 MHz, 22.18 W, 28
 14:46:13 up 6 days, 22:37,  6 users,  load average: 1.07, 1.09, 0.83
2026-09-30T14:46:15-04:00
0 %, 1709 MiB, 2550 MHz, 13801 MHz, 63.30 W, 31
0 %, 20 MiB, 210 MHz, 405 MHz, 26.77 W, 28
1527285, /home/ndizazzo/dev/mesh/issue1393-q4-snapshot-20260930/target/release/xtask, 1272 MiB
 14:46:15 up 6 days, 22:37,  6 users,  load average: 1.07, 1.09, 0.83
