Note: mold is unavailable or failed the active target/toolchain link probe.
Falling back to lld or the platform linker for this build.


warning: linker stderr: Note: mold is unavailable or failed the active target/toolchain link probe.
         Falling back to lld or the platform linker for this build.
  |
  = note: `#[warn(linker_messages)]` on by default

warning: `mesh-specialize` (lib test) generated 1 warning
    Finished `test` profile [unoptimized + debuginfo] target(s) in 0.17s
     Running unittests src/lib.rs (target/debug/deps/mesh_specialize-5fc4832d896fb214)

running 634 tests
test artifact::header::tests::roundtrip_uses_specified_hand_checked_byte_offsets ... ok
test artifact::header::tests::rejects_misaligned_or_incorrect_payload_offsets ... ok
test artifact::header::tests::rejects_wrong_magic_reserved_bytes_and_version ... ok
test artifact::header::tests::rejects_zero_and_oversized_directories ... ok
test artifact::header::tests::requires_at_least_one_payload_byte ... ok
test artifact::model_source::tests::native_magic_uses_native_framing_even_with_mspec_extension ... ok
test artifact::identity::tests::adjacent_strings_are_length_prefixed ... ok
test artifact::ninfer::tests::duplicate_keys_at_every_depth_rejected ... ok
test artifact::identity::tests::weights_identity_and_payload_offsets_are_excluded ... ok
test artifact::model_source::tests::rejects_unknown_magic_regardless_of_extension ... ok
test artifact::identity::tests::digest_is_deterministic_and_has_canonical_prefix_and_length ... ok
test artifact::identity::tests::every_directory_and_object_binding_field_changes_the_digest ... ok
test artifact::ninfer::tests::json_depth_trailing_data_and_nonfinite_are_rejected ... ok
test artifact::model_source::tests::mspec_dispatch_preserves_identity_inventory_and_bytes ... ok
test artifact::ninfer::tests::retained_descriptor_survives_path_replacement ... ok
test artifact::ninfer::tests::duplicate_object_ids_and_use_names_rejected ... ok
test artifact::ninfer::tests::object_order_overlap_and_payload_bounds_rejected ... ok
test artifact::ninfer::tests::changed_source_length_rejected_before_copy_or_hash ... ok
test artifact::ninfer::tests::same_length_mutation_is_not_misrepresented_as_hash_verification ... ok
test artifact::ninfer::tests::invalid_known_geometry_is_not_treated_as_unknown ... ok
test artifact::ninfer::tests::unknown_representations_are_metadata_only ... ok
test artifact::reader::tests::opens_verified_artifact_for_exact_identity_and_copies_objects ... ok
test artifact::reader::tests::rejects_file_growth_after_verification_before_copy ... ok
test artifact::reader::tests::rejects_fake_declared_weights_identity_even_with_recomputed_header_checksum ... ok
test artifact::reader::tests::rechecks_object_digest_before_copying_from_retained_file ... ok
test artifact::schema::tests::align_up_handles_boundaries_and_overflow ... ok
test artifact::reader::tests::rejects_directory_checksum_tampering ... ok
test artifact::reader::tests::rejects_missing_objects ... ok
test artifact::reader::tests::rejects_sparse_artifacts_over_the_size_limit_before_reading ... ok
test artifact::schema::tests::dtype_tags_match_the_wire_schema ... ok
test artifact::ninfer::tests::binding_schema_and_dangling_references_rejected ... ok
test artifact::ninfer::tests::overflow_shapes_lengths_offsets_and_alignment_rejected ... ok
test artifact::reader::tests::rejects_object_checksum_tampering_during_open ... ok
test artifact::schema::tests::valid_multi_object_directory_accepts_odd_u4_and_opaque_tensor_layout ... ok
test artifact::ninfer::tests::header_magic_version_length_endianness_and_bound ... ok
test artifact::schema::tests::validation_rejects_bad_digests_and_recipe_mismatch_or_count ... ok
test artifact::schema::tests::source_and_object_text_are_bounded_and_revisions_are_lower_hex ... ok
test artifact::schema::tests::directory_rejects_unknown_fields_at_every_metadata_level ... ok
test artifact::reader::tests::rejects_truncated_and_trailing_files ... ok
test artifact::schema::tests::non_tensor_objects_require_raw_u8_vector_layout ... ok
test artifact::reader::tests::rejects_wrong_model_and_weights_identities ... ok
test artifact::schema::tests::validation_rejects_overlap_gaps_and_trailing_payload_bytes ... ok
test artifact::schema::tests::validation_rejects_unsorted_and_duplicate_names ... ok
test artifact::reader::tests::rejects_nonzero_directory_padding_and_object_gap ... ok
test artifact::schema::tests::validation_rejects_schema_versions_shapes_and_overflow ... ok
test artifact::writer::tests::malformed_shapes_duplicate_names_and_missing_recipe_leave_no_output ... ok
test artifact::ninfer::tests::truncated_header_directory_and_payload_rejected ... ok
test artifact::ninfer::tests::valid_encodings_and_scalar_preserve_metadata ... ok
test artifact::writer::tests::rejects_oversized_sparse_sources_before_hashing ... ok
test artifact::ninfer::tests::strict_fields_kinds_and_numeric_types ... ok
test attention_gate_reference::tests::extreme_gates_saturate_stably ... ok
test attention_gate_reference::tests::negative_ninety_retains_a_bf16_subnormal_sigmoid ... ok
test artifact::writer::tests::range_stream_rejects_whole_file_length_change_after_hashing ... ok
test attention_gate_reference::tests::rejects_empty_mismatched_and_nonfinite_bf16_inputs ... ok
test attention_gate_reference::tests::signed_attention_zero_is_preserved_through_a_zero_gate ... ok
test attention_gate_reference::tests::sigmoid_midpoint_rounds_to_bf16_before_attention_product ... ok
test attention_gate_reference::tests::zero_gate_has_half_sigmoid ... ok
test artifact::writer::tests::imports_only_the_selected_source_range ... ok
test attention_online_reference::tests::extreme_positive_and_negative_logits_remain_finite ... ok
test attention_online_reference::tests::nonzero_past_and_odd_cache_capacity_ignore_poisoned_tail ... ok
test artifact::writer::tests::refuses_to_replace_an_existing_output ... ok
test artifact::ninfer::tests::multifile_and_all_non_null_entry_paths_are_rejected ... ok
test artifact::writer::tests::expected_slice_digest_must_be_valid_and_match_before_output ... ok
test artifact::writer::tests::identity_and_bytes_are_deterministic_across_source_order ... ok
test attention_online_reference::tests::past_zero_groups_query_heads_and_masks_later_rows ... ok
test artifact::ninfer::tests::logical_element_spans_and_shared_fused_parent_views ... ok
test attention_online_reference::tests::rejects_zero_extents_and_an_all_masked_softmax ... ok
test artifact::writer::tests::source_range_can_end_at_file_boundary_but_rejects_out_of_bounds_and_overflow ... ok
test attention_prepare_reference::tests::hand_computed_norm_uses_f64_and_zero_centered_weight ... ok
test attention_prepare_reference::tests::q_gate_is_extracted_per_head_without_reordering ... ok
test attention_prepare_reference::tests::rejects_invalid_shapes_extents_and_nonfinite_values ... ok
test artifact::writer::tests::writes_a_verified_artifact_and_copies_source_objects ... ok
test attention_prepare_reference::tests::rotary_products_round_before_their_sum ... ok
test attention_prepare_reference::tests::split_half_rope_rotates_signs_and_preserves_pass_through ... ok
test attention_prepare_reference::tests::text_tables_anchor_first_frequency_and_keep_high_positions_finite ... ok
test attention_warp_reference::tests::device_source_keeps_fixed_geometry_and_control_operations ... ok
test bf16_ab_decode_reference::tests::cancellation_and_rne_midpoints ... ok
test artifact::writer::tests::rejects_same_size_and_length_mutations_between_passes ... ok
test bf16_ab_decode_reference::tests::hand_computed_signed_rows ... ok
test bf16_ab_decode_reference::tests::validates_inputs_and_error_envelope ... ok
test attention_online_reference::tests::online_fp32_fixture_stays_inside_existing_component_budget ... ok
test causal_attention_reference::tests::append_preserves_prefix_and_poisoned_tail_and_run_ignores_tail ... ok
test causal_attention_reference::tests::each_query_row_ignores_later_chunk_rows ... ok
test causal_attention_reference::tests::extreme_finite_logits_use_stable_softmax ... ok
test attention_online_reference::tests::query_chunking_matches_within_declared_absolute_budget ... ok
test causal_attention_reference::tests::grouped_query_heads_map_to_their_kv_head ... ok
test attention_warp_reference::tests::shards_cover_each_output_once_and_keep_control_abi ... ok
test artifact::ninfer::tests::use_auxiliary_and_component_references_are_checked ... ok
test causal_attention_reference::tests::rejects_invalid_shape_inputs_and_initialized_cache_values_only ... ok
test causal_attention_reference::tests::zero_query_gives_hand_computed_uniform_mean_and_bounds ... ok
test causal_attention_reference::tests::zero_result_preserves_nonnegative_rounding_for_signed_values ... ok
test causal_conv4_reference::tests::extreme_finite_silu_stays_finite_after_bf16_rounding ... ok
test causal_conv4_reference::tests::hand_computed_multichannel_convolution_uses_history_and_forward_tap_order ... ok
test causal_conv4_reference::tests::rejects_invalid_dimensions_extents_nonfinite_values_and_overflow ... ok
test causal_conv4_reference::tests::full_sequence_chunked_and_tokenwise_runs_have_identical_outputs_and_state ... ok
test causal_conv4_reference::tests::short_sequences_preserve_prior_rows_and_reset_state_is_independent ... ok
test checkpoint::qwen3_8_recipe::tests::auxiliary_sources_cover_six_pinned_files_with_raw_layouts ... ok
test artifact::ninfer::tests::streaming_copy_range_and_whole_file_hash ... ok
test checkpoint::qwen3_8_recipe::tests::recipe_bytes_are_deterministic_and_record_pins_and_scope ... ok
test checkpoint::qwen3_8_recipe::tests::source_pins_match_the_intake_hashes_and_sizes ... ok
test checkpoint::safetensors::tests::rejects_header_without_object_prefix_and_oversized_header ... ok
test checkpoint::safetensors::tests::rejects_invalid_expected_digest_and_whole_file_digest ... ok
test decoder_attention_reference::tests::rejects_invalid_rows_dimensions_channels_and_extents ... ok
test checkpoint::safetensors::tests::rejects_duplicate_tensor_and_metadata_keys ... ok
test checkpoint::safetensors::tests::rejects_malformed_headers_dtypes_shapes_and_offsets ... ok
test decoder_gdn_reference::tests::rejects_invalid_rows_shapes_ratios_and_extents ... ok
test checkpoint::safetensors::tests::verifies_mixed_scalar_and_empty_tensors_with_independent_hashes ... ok
test decoder_gdn_reference::tests::reports_pinned_and_largest_supported_shape_extents ... ok
test decoder_gdn_reference::tests::rejects_projection_channel_links_before_running_components ... ok
test decoder_mlp_reference::tests::rejects_mismatched_gate_and_up_widths ... ok
test decoder_gdn_reference::tests::observed_run_propagates_callback_errors_immediately ... ok
test artifact::writer::tests::streams_objects_larger_than_the_copy_buffer ... ok
test engine::layout::tests::aligns_regions_and_final_size_after_sorting_names ... ok
test decoder_ops_reference::tests::row_norm_preserves_independent_rows_and_zero_centered_weights ... ok
test decoder_mlp_reference::tests::observer_receives_ordered_bf16_boundaries_and_can_stop_the_run ... ok
test decoder_mlp_reference::tests::zero_nvfp4_weights_and_unit_scales_produce_zero_hidden_output ... ok
test engine::layout::tests::lookup_uses_canonical_names_and_reports_missing_regions ... ok
test attention_v2_reference::tests::single_key_and_nonfinite_results ... ok
test artifact::reader::tests::streams_large_objects_through_copy_interface ... ok
test decoder_gdn_reference::tests::observed_run_reports_ordered_boundaries_without_changing_output ... ok
test decoder_attention_reference::tests::zero_branches_preserve_each_input_residual_row ... ok
test engine::layout::tests::input_order_does_not_change_the_layout ... ok
test engine::layout::tests::rejects_invalid_entries_and_overflow ... ok
test engine::logit_quality::tests::identical_and_shifted_distributions ... ok
test engine::logit_quality::tests::reversed_logits_match_analytic_binary_distribution ... ok
test engine::prefill_chunks::tests::bounds_and_capacity_are_not_silently_relaxed ... ok
test engine::prefill_chunks::tests::cursor_checks_overflow_and_exhaustion ... ok
test engine::prefix_cache::tests::cache_owns_payload_until_replacement_or_clear ... ok
test engine::prefix_cache::tests::byte_limit_evicts_as_many_oldest_entries_as_needed ... ok
test engine::prefix_cache::tests::rejects_a_mismatch_in_each_identity_component ... ok
test engine::prefix_cache::tests::lookup_updates_only_the_matched_entry_lru_position ... ok
test checkpoint::safetensors::tests::streams_payloads_larger_than_the_hash_buffer ... ok
test engine::prefix_cache::tests::rejects_zero_limits_and_empty_identity_components ... ok
test decoder_gdn_reference::tests::zero_branch_preserves_the_input_residual ... ok
test engine::prefix_cache::tests::replacement_updates_accounting_without_duplicate_keys ... ok
test decoder_attention_reference::tests::observer_receives_decoder_boundaries_in_contract_order ... ok
test engine::prefix_cache::tests::requires_an_exact_complete_token_prefix_and_selects_the_longest_match ... ok
test engine::prefix_cache::tests::rejects_empty_zero_sized_and_oversized_checkpoints ... ok
test engine::sampling::tests::chooses_first_tie_and_handles_negative_logits ... ok
test engine::rope::tests::agrees_with_independent_reference_at_high_positions ... ok
test engine::session::tests::dropping_an_uncommitted_transaction_poisons_the_cursor ... ok
test engine::session::tests::enforces_capacity_bounds ... ok
test engine::session::tests::forked_cursors_advance_independently ... ok
test engine::rope::tests::partitioned_positions_match_and_bounds_reject_overflow ... ok
test engine::session::tests::full_capacity_commit_rejects_more_rows_without_poisoning ... ok
test engine::rope::tests::zero_and_unit_position_have_known_values ... ok
test engine::session::tests::poisoned_cursor_cannot_be_forked ... ok
test engine::session::tests::rejected_requests_leave_the_cursor_unchanged_and_usable ... ok
test engine::session::tests::successful_transactions_advance_only_when_committed ... ok
test engine::teacher_scoring::tests::record_round_trips_little_endian ... ok
test engine::teacher_scoring::tests::rejects_invalid_protocols ... ok
test engine::teacher_scoring::tests::short_tail_and_short_stream_cases ... ok
test engine::teacher_scoring::tests::slice_protocol_windows_match_reference_semantics ... ok
test engine::workspace::tests::canonical_names_make_offsets_independent_of_input_order ... ok
test engine::workspace::tests::fp8_projection_plan_uses_checked_caller_geometry ... ok
test engine::workspace::mlp_chain_tests::covers_both_quantizers_and_all_buffers_with_one_bounded_arena ... ok
test entry_reference::tests::rejects_invalid_dimensions_tokens_and_nonfinite_values ... ok
test engine::workspace::tests::rejects_zero_capacity_sizes_and_regions_beyond_capacity ... ok
test engine::workspace::tests::reuses_checked_layout_alignment_and_disjoint_placement ... ok
test engine::prefill_chunks::tests::requested_partition_matrix_covers_every_row_once ... ok
test entry_reference::tests::conversion_handles_ties_sign_and_special_values ... ok
test exponential_unrolled_reference::tests::controls_remain_false_specializations_and_new_entry_retains_abi ... ok
test fp8_a16_decode_reference::tests::bf16_output_uses_round_to_nearest_even ... ok
test fp8_a16_decode_reference::tests::fp64_reference_retains_cancellation_terms ... ok
test fp8_a16_decode_reference::tests::includes_odd_k_tails_for_each_output_row ... ok
test entry_reference::tests::lookup_and_zero_centered_norm_follow_hand_computed_rows ... ok
test exponential_unrolled_reference::tests::coefficient_literals_match_all_original_binary64_divisions ... ok
test fp8_a16_decode_reference::tests::rejects_nonfinite_fp8_and_shape_mismatches ... ok
test fp8_a16_decode_reference::tests::zero_and_signed_scales_preserve_their_ieee_results ... ok
test fp8_a16_head_reference::tests::finite_code_extremes_and_rounding ... ok
test fp8_a16_decode_reference::tests::decodes_subnormals_and_saturation_free_finite_extremes ... ok
test fp8_a16_head_reference::tests::rejects_extents_shapes_and_nonfinite_values ... ok
test fp8_a16_head_reference::tests::zeros_and_cancellation_are_logical ... ok
test fp8_embedding_gather_reference::tests::logical_decoder_covers_extremes_subnormals_and_signed_zero ... ok
test fp8_embedding_gather_reference::tests::existing_norm_sees_only_rounded_rows_and_keeps_zero_centered_weights ... ok
test fp8_a16_head_reference::tests::logical_rows_and_signed_scales ... ok
test fp8_embedding_gather_reference::tests::multiplication_rounds_ties_to_even_before_normalization ... ok
test fp8_native_prefill_reference::tests::error_comparison_reports_metrics_without_a_pass_threshold ... ok
test fp8_mlp_reference::tests::rejects_invalid_shapes_extents_and_nonfinite_values ... ok
test fp8_mlp_reference::tests::unit_input_and_unit_weights_follow_explicit_fp8_quantization ... ok
test fp8_native_prefill_reference::tests::fp64_reference_retains_small_residual_after_large_cancellation ... ok
test fp8_native_prefill_reference::tests::rejects_bad_extents_nan_codes_and_invalid_scales ... ok
test fp8_mlp_reference::tests::zero_gate_produces_zero_activation_and_down_output ... ok
test fp8_swiglu_exact_reference::tests::rejects_dimension_mismatch_and_invalid_weight_extents ... ok
test fp8_native_prefill_reference::tests::signed_nonuniform_scales_and_odd_m_n_k_tails ... ok
test gated_norm_reference::tests::rms_norm_precedes_gate_and_gamma_uses_bf16_rounded_norm ... ok
test gated_norm_reference::tests::rejects_invalid_shapes_extents_inputs_epsilon_and_overflow ... ok
test gated_norm_reference::tests::silu_is_stable_for_extremes_and_rejects_nonfinite_input ... ok
test gated_norm_reference::tests::width_one_zero_gate_keeps_direct_signed_gamma_result ... ok
test fp8_swiglu_exact_reference::tests::odd_signed_canceling_case_matches_separate_logical_projections_and_activation ... ok
test gdn_prepare_reference::tests::gate_threshold_extremes_and_f64_underflow_remain_bounded ... ok
test gdn_prepare_reference::tests::rejects_invalid_shapes_extents_nonfinite_values_and_overflow ... ok
test gdn_prepare_reference::tests::zero_vectors_and_neutral_gate_have_expected_values ... ok
test fp8_embedding_gather_reference::tests::repeated_and_endpoint_tokens_use_their_own_row_scale ... ok
test gdn_recurrent_reference::tests::asymmetric_width_two_state_uses_value_head_division_mapping ... ok
test gdn_gates_f32_params_reference::tests::bf16_representable_parameters_match_existing_oracle ... ok
test gdn_recurrent_reference::tests::beta_zero_decay_one_preserves_and_beta_one_decay_zero_overwrites ... ok
test gated_norm_reference::tests::zero_group_and_width_256_groups_are_independent ... ok
test gdn_gates_f32_params_reference::tests::linear_softplus_keeps_bias_low_bits ... ok
test gdn_recurrent_reference::tests::width_one_two_token_recurrence_matches_hand_calculation ... ok
test gdn_recurrent_reference::tests::whole_and_chunked_sequences_match_for_both_reductions ... ok
test gdn_prepare_reference::tests::normalizes_q_and_k_independently_and_maps_value_head_gates ... ok
test gdn_recurrent_reference::tests::rejects_bad_shapes_extents_domains_nonfinite_values_and_overflow ... ok
test gdn_gates_f32_params_reference::tests::retains_non_bf16_parameter_bits_independently ... ok
test gdn_replay_reference::tests::rejects_invalid_shapes_and_extents ... ok
test gdn_replay_reference::tests::rejects_nonfinite_replay_inputs_even_for_empty_prefix ... ok
test attention_warp_reference::tests::wide_exponents_cancellation_and_signed_zero_preserve_every_dot_bit ... ok
test gdn_replay_reference::tests::rejects_nonfinite_and_out_of_domain_record_inputs ... ok
test graph_position_reference::position_entries_delegate_to_exact_bodies_without_new_arithmetic ... ok
test graph_position_reference::base_rope_addressing_matches_independently_generated_single_positions ... ok
test kernels::ab_schedule::tests::default_and_explicit_schedule_parse_without_mutating_environment ... ok
test greedy_bf16_reference::tests::handles_cross_tile_ties_and_vocabulary_tail ... ok
test kernels::ab_schedule::tests::paired_only_for_supported_single_row_shapes ... ok
test greedy_bf16_reference::tests::preserves_first_ties_including_signed_zero ... ok
test kernels::attention_profile::tests::audit_returns_exact_outputs_and_unknown_profiles_fail ... ok
test kernels::ab_schedule::tests::report_distinguishes_requested_from_shape_selected_schedule ... ok
test graph_position_reference::append_offsets_and_causal_lengths_cover_nonzero_and_last_positions ... ok
test kernels::attention_profile::tests::split_decode_is_explicit_and_keeps_exact_prefill ... ok
test greedy_bf16_reference::tests::rejects_invalid_extents ... ok
test kernels::attention_profile::tests::stream_admits_exact_split_decode_warp_unrolled_or_staged ... ok
test kernels::attention_profile::tests::unrolled_is_explicit_and_uses_control_schedule_for_all_rows ... ok
test greedy_bf16_reference::tests::reports_the_lowest_of_multiple_nonfinite_indices ... ok
test kernels::attention_profile::tests::warp_is_explicit_single_row_only_with_unchanged_fallbacks ... ok
test kernels::attention_staged_plan::tests::addresses_must_be_aligned_bounded_and_disjoint ... ok
test kernels::attention_profile::tests::staged_is_explicit_single_row_and_preserves_all_other_profiles ... ok
test kernels::attention_staged_plan::tests::prefix_schedule_admits_running_max_plane_and_parallel_exponentials ... ok
test kernels::attention_staged_plan::tests::rejects_other_rows_shapes_capacity_and_overflows ... ok
test kernels::attention_staged_plan::tests::sanitizer_defaults_disable_expensive_trial_work ... ok
test kernels::attention_staged_plan::tests::initialized_prefix_is_separate_in_every_head_and_array ... ok
test kernels::attention_staged_plan::tests::trial_pasts_cover_requested_attention_lengths ... ok
test kernels::attention_staged_plan::tests::workspace_and_grid_are_linear_and_capacity_strided ... ok
test kernels::attention_v2_plan::tests::model_dispatch_rejects_generic_geometry_and_selects_decode_or_verify ... ok
test kernels::attention_v2_plan::tests::replay_stride_and_workspace ... ok
test kernels::attention_v2_plan::tests::rejects_bad_extents_and_intervals ... ok
test kernels::attention_v2_plan::tests::split_boundaries_and_sm_target ... ok
test kernels::attention_v2_plan::tests::tiled_split_ranges_cover_visible_prefix_once ... ok
test kernels::attention_warp_plan::tests::fixed_geometry_and_prefix_are_required ... ok
test kernels::cuda::attention_gate::tests::comparison_rejects_wrong_activation_boundary ... ok
test kernels::cuda::bf16_ab_decode_trial::tests::output_guards_exclude_payload_and_catch_both_sides ... ok
test kernels::cuda::bf16_ab_decode_trial::tests::exact_gate_rejects_raw_bit_drift_even_if_bf16_matches ... ok
test kernels::cuda::causal_conv4::tests::comparison_rejects_wrong_silu_rounding_nonfinite_and_convolution ... ok
test kernels::cuda::device_view::tests::half_open_ranges_allow_adjacency_but_detect_every_overlap ... ok
test kernels::cuda::device_view::tests::launch_access_allows_shared_reads_but_rejects_writes ... ok
test kernels::cuda::device_view::tests::partition_validates_all_requests_before_returning ... ok
test kernels::cuda::device_view::tests::rejects_empty_bounds_and_invalid_alignment ... ok
test kernels::cuda::device_view::tests::identity_compares_objects_not_equal_values ... ok
test kernels::cuda::device_view::tests::rejects_offset_start_and_exclusive_end_overflow ... ok
test kernels::attention_staged_plan::tests::source_keeps_exact_tree_serial_recurrences_and_capacity_planes ... ok
test kernels::cuda::driver::graph::tests::stream_launch_rejects_zero_grid_or_block_dimensions ... ok
test kernels::cuda::driver::tests::cuda_uuid_uses_lowercase_gpu_uuid_format ... ok
test kernels::cuda::driver::tests::device_pointer_offset_is_checked ... ok
test kernels::cuda::driver::tests::empty_transfer_is_allowed_at_end_but_not_beyond_it ... ok
test kernels::cuda::device_view::tests::whole_tail_and_nested_ranges_preserve_exact_extents ... ok
test kernels::cuda::driver::tests::jit_log_buffers_are_bounded_cleaned_and_labeled ... ok
test kernels::cuda::driver::tests::transfer_range_accepts_exact_end_and_rejects_overrun ... ok
test kernels::cuda::driver::tests::transfer_range_rejects_usize_overflow ... ok
test attention_v2_reference::tests::uniform_gqa_causal_tail_has_hand_computed_means ... ok
test kernels::cuda::gdn_output::tests::comparison_rejects_wrong_intermediate_rounding ... ok
test kernels::cuda::embedding_norm::tests::comparison_detects_corrupt_residual_rounding_and_numerics ... ok
test kernels::cuda::gdn_prepare::tests::compare_rejects_nonfinite_and_bad_values ... ok
test kernels::cuda::gdn_recurrent::tests::exact_comparison_rejects_nonfinite_changed_bits_and_extent ... ok
test kernels::cuda::launch_profile::tests::capture_clears_state_after_operation_error ... ok
test kernels::cuda::launch_profile::tests::aggregation_groups_full_launch_shape_and_sorts_by_total_time ... ok
test kernels::cuda::launch_profile::tests::capture_clears_state_after_unwind ... ok
test kernels::cuda::launch_profile::tests::launch_limit_rejects_an_additional_start ... ok
test kernels::cuda::launch_profile::tests::nested_capture_rejection_preserves_the_outer_capture ... ok
test kernels::cuda::mlp_activation::tests::comparison_rejects_wrong_activation_boundary ... ok
test kernels::cuda::mlp_prepared_projection::tests::fp8_dispatch_boundaries_and_scratch_match_workspace ... ok
test kernels::cuda::mlp_prepared_projection::tests::nvfp4_uses_profile_schedule_and_preserves_scalar_bits ... ok
test kernels::cuda::mlp_prepared_projection::tests::rejects_invalid_geometry_and_nonfinite_scales ... ok
test kernels::cuda::native_mtp_q4_operator::resident::comparison::tests::first_tie_winner_remaps_to_target_vocab_outside_shortlist ... ok
test kernels::cuda::native_mtp_q4_operator::resident::comparison::tests::detects_interior_corruption_even_when_the_winner_is_unchanged ... ok
test kernels::cuda::native_mtp_q4_operator::resident::comparison::tests::rejects_nonfinite_bf16_output ... ok
test kernels::cuda::native_mtp_q4_operator::resident::comparison::tests::rejects_output_extent_mismatch ... ok
test kernels::cuda::native_mtp_q4_operator::resident::comparison::tests::rejects_nonfinite_raw_output ... ok
test kernels::cuda::native_mtp_q4_operator::resident::comparison::tests::rejects_repeat_mismatch_against_the_schedule ... ok
test kernels::cuda::native_mtp_q4_operator::resident::comparison::tests::rejects_repeats_that_are_identically_wrong ... ok
test kernels::cuda::fp8_decode_trial::tests::sampled_oracle_reports_unique_spread_columns_including_tails ... ok
test kernels::cuda::native_mtp_q4_operator::resident::mapping::tests::signed_map_rejects_ids_outside_target_vocabulary ... ok
test kernels::cuda::native_mtp_q4_operator::resident::input::tests::activation_cases_are_dense_and_cover_distinct_signed_values ... ok
test checkpoint::qwen3_8_recipe::tests::rejects_mismatched_file_pins_and_tensor_counts ... ok
test gdn_chunked_reference::tests::sixteen_plus_one_tail_matches_one_scalar_sequence ... ok
test checkpoint::qwen3_8_recipe::tests::tensor_sources_preserve_exact_ranges_digests_and_supported_dtypes ... ok
test gdn_chunked_reference::tests::zero_and_unit_decay_prefixes_need_no_division ... ok
test checkpoint::qwen3_8_recipe::tests::rejects_unsupported_dtype_and_malformed_shape ... ok
test gdn_chunked_reference::tests::chunk_formula_matches_nonzero_state_with_grouped_heads_and_signed_vectors ... ok
test greedy_bf16_reference::tests::exhausts_every_single_bf16_representation ... ok
test greedy_bf16_reference::tests::supports_maximum_vocabulary ... ok
test kernels::cuda::fp8_decode_trial::tests::ties_are_real_signed_even_and_odd_bf16_midpoints ... ok
test kernels::cuda::native_mtp_q4_operator::tests::argmax_keeps_the_first_bf16_tie_and_remaps_that_proposal_row ... ok
test kernels::cuda::native_mtp_q4_operator::tests::host_boundary_rejects_invalid_scale_and_nonzero_padded_nibble ... ok
test kernels::cuda::native_mtp_q4_operator::tests::independent_oracle_returns_fp64_dot_and_rne_bf16_logit ... ok
test kernels::cuda::native_mtp_q4_operator::tests::independent_oracle_covers_k160_group_and_tail_addresses ... ok
test kernels::cuda::native_mtp_q4_operator::tests::r4w1_schedule_reference_covers_partial_row_group_and_reordered_parent_rows ... ok
test kernels::cuda::native_mtp_q4_operator::tests::r4w1_schedule_reference_handles_partial_k_group_and_vector_tail ... ok
test kernels::cuda::native_mtp_q4_operator::tests::r4w1_schedule_reference_reads_logical_k_remainder_after_last_full_vector ... ok
test kernels::cuda::native_mtp_q4_operator::tests::host_boundary_accepts_q4_layout_boundaries_and_k5120 ... ok
test kernels::cuda::native_mtp_q8_fc_operator::resident::dense_fixture::tests::alternating_when_groups_and_lanes_change_match_exact_sign_bits ... ok
test kernels::cuda::native_mtp_q8_fc_operator::resident::dense_fixture::tests::exact_comparator_when_token_four_repeat_two_last_row_is_poisoned_fails ... ok
test gdn_chunked_reference::tests::one_row_and_full_boundary_chunks_match_scalar_oracle ... ok
test kernels::cuda::native_mtp_q8_fc_operator::resident::dense_fixture::tests::exact_gate_when_repeat_or_reference_word_differs ... ok
test kernels::cuda::native_mtp_q8_fc_operator::resident::dense_fixture::tests::exact_comparator_when_both_repeats_share_wrong_last_word_still_fails ... ok
test checkpoint::qwen3_8_recipe::tests::rejects_unexpected_namespaces_and_wrong_visual_count ... ok
test kernels::cuda::native_mtp_q8_fc_operator::resident::dense_fixture::tests::dense_inputs_when_five_tokens_cover_all_k_have_distinct_full_columns ... ok
test kernels::cuda::native_mtp_q8_fc_operator::resident::dense_fixture::tests::last_k_when_t1_and_t5_target_group_319_second_lane_31 ... ok
test kernels::attention_staged_plan::tests::parallel_exponent_coefficients_match_v1_bits_and_ordered_normalizers ... ok
test kernels::cuda::native_mtp_q8_fc_operator::resident::dense_fixture::tests::group_sweep_when_t5_covers_every_group_and_factor ... ok
test kernels::cuda::native_mtp_q8_operator::tests::host_boundary_rejects_nonzero_logical_tail_code ... ok
test kernels::cuda::native_mtp_q8_operator::tests::host_boundary_accepts_valid_parent_mapped_view ... ok
test kernels::cuda::native_mtp_q8_projection::compare::tests::all_row_gate_when_both_repeats_share_wrong_last_word_rejects_it ... ok
test kernels::cuda::native_mtp_q8_projection::compare::tests::all_row_gate_when_last_output_is_poisoned_rejects_it ... ok
test kernels::cuda::native_mtp_q8_projection::qualification::tests::all_five_columns_when_identical_values_are_repeated_returns_false ... ok
test kernels::cuda::native_mtp_q8_projection::qualification::tests::all_five_columns_when_values_differ_returns_true ... ok
test kernels::cuda::native_mtp_q8_projection::reference::tests::four_split_schedule_when_signed_contributions_cover_each_pair_matches_hand_sum ... ok
test kernels::cuda::native_mtp_q8_projection::compare::tests::mismatch_report_when_many_rows_fail_caps_the_report_at_sixteen ... ok
test kernels::cuda::native_mtp_q4_operator::resident::tests::full_proposal_parent_extent_matches_packed_planes ... ok
test kernels::cuda::native_mtp_q8_projection::tests::exact_comparator_when_both_repeats_share_wrong_result_fails_independently ... ok
test kernels::cuda::native_mtp_q8_fc_operator::resident::dense_fixture::tests::signed_dyadic_when_tokens_and_group_edges_change_follow_rotated_factors ... ok
test kernels::cuda::native_mtp_q8_projection::reference::tests::token_four_last_row_when_only_final_k_is_live_matches_bf16_factor ... ok
test kernels::cuda::native_mtp_q8_projection::tests::identity_view_when_full_parent_shape_is_reused_preserves_saved_packed_planes ... ok
test kernels::cuda::native_parameter_trial::tests::embedding_fixtures_cover_ties_sign_and_subnormal_rows ... ok
test kernels::cuda::native_mtp_q8_operator::tests::host_boundary_rejects_invalid_q8_code_before_launch ... ok
test kernels::cuda::native_mtp_q4_operator::resident::tests::proposal_parent_rejects_nonidentity_row_order ... ok
test kernels::cuda::native_parameter_trial::tests::poison_and_missing_output_fail_comparison ... ok
test kernels::cuda::projections::tests::projection_comparison_rejects_wrong_rounding_large_error_and_nonfinite_output ... ok
test kernels::cuda::native_mtp_q4_operator::resident::tests::proposal_parent_rejects_wrong_physical_extent ... ok
test kernels::cuda::native_parameter_trial::tests::low_parameter_bits_are_observable_independently ... ok
test kernels::cuda::residency_entry::tests::accepts_first_and_last_vocabulary_tokens ... ok
test kernels::cuda::residency_entry::tests::rejects_mismatched_reference_extents ... ok
test kernels::cuda::residency_entry::tests::rejects_invalid_width_token_count_and_epsilon ... ok
test kernels::cuda::resident_activation::tests::rejects_invalid_counts_and_input_extents ... ok
test kernels::cuda::resident_activation::tests::validates_small_and_maximum_exact_extents ... ok
test kernels::cuda::resident_attention_core::tests::extent_products_use_checked_arithmetic ... ok
test kernels::cuda::native_mtp_q8_projection::tests::mlp_identity_view_when_saved_gate_is_a_parent_half_preserves_complete_planes ... ok
test kernels::cuda::resident_attention_core::tests::rejects_cache_overrun_and_prefix_overflow ... ok
test kernels::cuda::residency_entry::tests::rejects_out_of_range_tokens_and_table_metadata_mismatches ... ok
test kernels::cuda::residency_entry::tests::rejects_overflowing_table_shape_product ... ok
test kernels::cuda::resident_attention_core::tests::rejects_invalid_heads_dimensions_and_capacity ... ok
test kernels::cuda::resident_attention_core::tests::validates_exact_chunk_buffer_lengths ... ok
test kernels::cuda::resident_attention_core::tests::validates_gqa_bounds_extents_and_launches ... ok
test kernels::cuda::resident_attention_gate::tests::validates_small_and_maximum_padded_element_extents ... ok
test kernels::cuda::resident_attention_prepare::tests::computes_q_and_k_resident_extents ... ok
test kernels::cuda::resident_attention_prepare::tests::rejects_invalid_dimensions_and_buffer_extents ... ok
test kernels::cuda::resident_bf16::tests::rejects_invalid_rows_lengths_and_overflowing_extents ... ok
test kernels::cuda::resident_bf16::tests::paired_access_checks_every_span_alignment_and_overflow ... ok
test kernels::cuda::resident_embedding::tests::rejects_invalid_embedding_dimensions_and_epsilon ... ok
test kernels::cuda::resident_attention_gate::tests::rejects_mismatched_empty_odd_and_overflowing_extents ... ok
test kernels::cuda::resident_bf16::tests::validates_dimension_and_exact_run_extents ... ok
test kernels::cuda::resident_embedding::tests::serializes_token_ids_in_little_endian_order ... ok
test kernels::cuda::resident_embedding::tests::validates_first_and_last_tokens_and_rejects_out_of_range_ids ... ok
test kernels::cuda::resident_embedding::tests::validates_minimum_and_maximum_embedding_shapes ... ok
test kernels::cuda::resident_fp8::tests::checks_input_extent_and_checked_output_sizes ... ok
test kernels::cuda::resident_fp8::tests::validates_dimension_bounds_and_products ... ok
test kernels::cuda::resident_fp8::tests::validates_fp8_and_scale_metadata ... ok
test kernels::cuda::resident_fp8_head::tests::rejects_unimplemented_shapes_before_launch ... ok
test kernels::cuda::resident_fp8_splitk::tests::selection_is_bounded_and_explicit ... ok
test kernels::cuda::resident_gdn_core::tests::checks_exact_input_lengths_and_extent_overflow ... ok
test kernels::cuda::resident_gdn_core::tests::gate_precision_defaults_to_bf16_and_requires_matched_f32_48 ... ok
test kernels::cuda::resident_gdn_core::tests::rejects_invalid_rows_heads_width_and_qkv_extent ... ok
test kernels::cuda::resident_gdn_core::tests::validates_supported_shape_and_checked_extents ... ok
test kernels::cuda::resident_head::tests::computes_exact_final_row_offsets ... ok
test kernels::cuda::resident_head::tests::rejects_extent_arithmetic_overflow ... ok
test kernels::cuda::resident_head::tests::rejects_invalid_dimensions_and_hidden_extents ... ok
test kernels::cuda::resident_head::tests::validates_all_row_hidden_extent ... ok
test kernels::cuda::resident_model::tests::bounds_all_row_logits_without_limiting_last_row_selection ... ok
test kernels::cuda::resident_model::tests::logit_output_byte_count_is_checked ... ok
test kernels::cuda::resident_model_bench::tests::validates_bounded_fixed_length_requests ... ok
test kernels::cuda::resident_model_profile::tests::requires_nonempty_finite_kernel_profile ... ok
test kernels::cuda::resident_model_profile::tests::validates_prefix_vocabulary_capacity_and_fixed_depth ... ok
test kernels::cuda::native_mtp_q8_projection::tests::dense_reference_when_every_row_is_identical_code_reports_five_pairwise_columns ... ok
test kernels::cuda::resident_model_score::tests::decode_plan_prefills_through_first_scored_row_and_decodes_the_rest ... ok
test kernels::cuda::resident_model_score::tests::decode_plan_restarts_prefill_range_for_each_window ... ok
test kernels::cuda::resident_model_score::tests::forward_plan_rejects_invalid_extents_and_overflow ... ok
test kernels::cuda::resident_model_score::tests::decode_dispatch_input_rows_predict_exact_window_targets ... ok
test kernels::cuda::resident_model_score::tests::chunk_offsets_keep_window_target_rows_and_reset_at_each_window ... ok
test kernels::cuda::resident_model_score::tests::forward_rows_defaults_and_bounds ... ok
test kernels::cuda::resident_model_score::tests::one_scored_row_window_uses_prefill_and_can_reset_before_next_window ... ok
test kernels::cuda::resident_model_score::tests::score_mode_defaults_to_prefill_and_requires_explicit_decode ... ok
test kernels::cuda::resident_native_mtp::tests::device_pointer_rejects_offset_when_addition_overflows ... ok
test kernels::cuda::resident_model_score::tests::token_hash_covers_unscored_context_and_order ... ok
test kernels::cuda::resident_model_score::tests::forward_rows_rejects_bad_environment_without_mutating_it ... ok
test kernels::cuda::resident_native_mtp::tests::parent_range_accepts_plane_when_it_ends_at_parent_boundary ... ok
test kernels::cuda::resident_model_score::tests::scoring_does_not_silently_claim_graph_or_stream_execution ... ok
test kernels::cuda::resident_native_mtp::tests::parent_range_rejects_empty_read_when_offset_is_outside_parent ... ok
test kernels::cuda::resident_embedding::tests::representation_dispatch_is_explicit_and_bounded ... ok
test kernels::cuda::resident_native_mtp::tests::parent_range_rejects_plane_when_it_overruns_parent ... ok
test kernels::cuda::resident_native_mtp::tests::parent_range_rejects_plane_when_addition_overflows ... ok
test kernels::cuda::native_mtp_q8_projection::tests::dense_fixtures_when_t1_and_t5_are_generated_cover_each_full_k_row ... ok
test kernels::cuda::resident_native_mtp::tests::q8_binding_rejects_foreign_view_when_same_parent_has_different_rows ... ok
test kernels::cuda::resident_native_mtp::tests::q8_binding_uses_saved_metadata_when_request_is_equal_clone ... ok
test kernels::cuda::resident_norm::tests::rejects_invalid_norm_shapes_and_input_byte_lengths ... ok
test kernels::cuda::resident_norm::tests::validates_norm_input_at_minimum_and_maximum_extents ... ok
test kernels::cuda::resident_norm::tests::validates_residual_add_even_extents_and_count_bounds ... ok
test kernels::cuda::resident_nvfp4::tests::checks_reciprocal_global_scale_profile ... ok
test kernels::cuda::resident_nvfp4::tests::validates_nvfp4_projection_dimensions ... ok
test kernels::cuda::resident_nvfp4::tests::validates_runtime_extents_and_launch_grids ... ok
test kernels::cuda::resident_score::tests::chunks_keep_the_generation_head_kernel_family ... ok
test kernels::cuda::resident_speculation::tests::acceptance_handles_forced_rejection_full_acceptance_and_mixed_prefixes ... ok
test kernels::cuda::resident_speculation::tests::prompt_shift_and_teacher_forcing_keep_next_token_alignment ... ok
test kernels::cuda::resident_speculation::tests::speculation_bounds_include_the_unconsumed_final_output_token ... ok
test kernels::cuda::resident_state::tests::canonical_layout_recomputation_rejects_forged_offsets_and_sizes ... ok
test kernels::cuda::resident_weights::tests::sink_range_accepts_exact_end_and_rejects_overrun ... ok
test kernels::cuda::resident_weights::tests::sink_range_rejects_position_overflow ... ok
test kernels::cuda::residual_norm::tests::comparison_rejects_residual_and_rounding_corruption ... ok
test kernels::cuda::stream_forward::ab_schedule::tests::malformed_template_rejected_before_mutation ... ok
test kernels::cuda::stream_forward::bench::tests::execution_defaults_to_legacy_and_rejects_unknown_values ... ok
test kernels::cuda::resident_model_score::tests::forward_plan_preserves_default_and_bounds_every_schedule ... ok
test kernels::cuda::stream_forward::ab_schedule::tests::baseline_plan_is_unchanged_and_unsupported_shape_falls_back ... ok
test kernels::cuda::native_mtp_q4_operator::resident::mapping::tests::signed_map_keeps_target_ids_outside_the_shortlist_domain ... ok
test kernels::cuda::stream_forward::check::tests::classifies_state_regions ... ok
test kernels::cuda::resident_native_mtp::tests::q4_binding_rejects_foreign_view_when_plane_is_changed ... ok
test kernels::cuda::stream_forward::check::tests::hashes_logits_as_little_endian_bf16_words ... ok
test kernels::cuda::stream_forward::check::tests::splits_prefill_from_decode_timing ... ok
test kernels::cuda::stream_forward::graph_decode::tests::rejects_nonexact_attention_without_reinterpreting_source_dtypes ... ok
test kernels::cuda::stream_forward::graph_decode::tests::rejects_paired_ab_before_graph_capture ... ok
test kernels::cuda::stream_forward::graph_drain::tests::pending_host_storage_is_retained_until_error_or_success_drain ... ok
test kernels::cuda::stream_forward::ops::tests::fp8_schedule_matches_the_default_exact_profile ... ok
test kernels::cuda::stream_forward::graph_drain::tests::unwinding_drains_before_upload_storage_drops ... ok
test kernels::cuda::stream_forward::ops::tests::position_abi_retains_full_device_address_and_scalar_order ... ok
test kernels::cuda::stream_forward::ops::tests::scalar_arguments_occupy_low_bytes_and_overflow_is_tracked ... ok
test kernels::cuda::stream_forward::ab_schedule::tests::rejects_short_output_slot_even_with_nonoverlapping_placement ... ok
test kernels::cuda::stream_forward::ops::tests::nvfp4_schedule_matches_the_baseline_profile ... ok
test kernels::cuda::stream_forward::plan::tests::disjoint_lifetimes_share_storage ... ok
test kernels::cuda::stream_forward::plan::tests::first_fit_uses_gaps_and_skips_small_ones ... ok
test kernels::cuda::stream_forward::graph_check::tests::equivalence_requires_full_logits_and_every_region ... ok
test kernels::cuda::stream_forward::plan::tests::peak_live_is_a_lower_bound ... ok
test kernels::cuda::stream_forward::graph_decode::tests::graph_transaction_failures_poison_without_advancing ... ok
test kernels::cuda::stream_forward::plan::tests::program_rejects_read_before_write_and_extent_changes ... ok
test kernels::cuda::stream_forward::graph_drain::tests::failed_drains_never_authorize_owner_release ... ok
test kernels::cuda::stream_forward::plan::tests::touching_lifetimes_never_alias ... ok
test kernels::cuda::stream_forward::plan::tests::program_tracks_lifetimes_whole_and_kept_buffers ... ok
test kernels::cuda::stream_forward::plan::tests::offsets_are_aligned_and_validation_rejects_overlap ... ok
test kernels::cuda::native_mtp_q8_projection::tests::reference_when_t1_and_t5_schedule_different_split_counts_matches_hand_dots ... ok
test kernels::cuda::stream_forward::tests::row_ids_are_consecutive_little_endian_words ... ok
test kernels::cuda::stream_forward::program::tests::carried_buffers_are_never_reused_during_the_forward ... ok
test kernels::cuda::stream_forward::program::tests::slot_extents_grow_with_rows_so_max_rows_plans_cover_smaller_forwards ... ok
test kernels::cuda::native_mtp_q8_operator::tests::host_boundary_accepts_all_synthetic_widths_with_parent_mapping ... ok
test kernels::fp8_decode_schedule::tests::explicit_selection_and_safe_fallbacks ... ok
test kernels::fp8_profile::tests::selector_is_explicit_and_rejects_unknown_profiles ... ok
test kernels::fp8_decode_schedule::tests::records_actual_selection_not_just_requested_schedule ... ok
test kernels::fp8_quantize_schedule::tests::maps_shared_projection_groups_to_the_first_codes_and_scales ... ok
test kernels::fp8_quantize_schedule::tests::selects_only_explicit_quantization_schedules ... ok
test kernels::cuda::stream_forward::program::tests::peak_live_bound_matches_the_widest_step ... ok
test kernels::gemm_fixtures::tests::edge_tiles_zero_pad_data_and_keep_positive_scale_codes ... ok
test kernels::gemm_fixtures::tests::dense_inputs_reject_invalid_dimensions_and_sizes ... ok
test kernels::exponential::tests::known_nonpositive_points_match_f64_exp ... ok
test kernels::fp8_decode_schedule::tests::vectors_cover_each_k_once_without_overread_and_integer_bound_is_exact ... ok
test kernels::gemm_fixtures::tests::fixture_schema_and_packed_word_counts_are_exact ... ok
test kernels::memory_fixtures::tests::transpose_selects_columns_and_x2_zeroes_unused_words ... ok
test kernels::nvfp4_decode_schedule::tests::baseline_default_and_invalid_values_fail_closed ... ok
test kernels::nvfp4_decode_schedule::tests::only_exact_single_row_kernel_changes_and_geometry_is_identical ... ok
test kernels::cuda::stream_forward::program::tests::reuse_plan_keeps_group_quantization_alive_and_omits_duplicate_buffers ... ok
test kernels::nvfp4_layout::tests::packed_tile_fields_are_available_to_the_parent_module ... ok
test kernels::nvfp4_layout::tests::packs_handpicked_a_and_b_lane_words ... ok
test kernels::nvfp4_layout::tests::rejects_bad_lengths_nibbles_scales_and_selectors ... ok
test kernels::nvfp4_layout::tests::unpack_output_covers_row_major_tile_positions ... ok
test kernels::nvfp4_layout::tests::unpack_output_rejects_wrong_length_and_nonfinite_values ... ok
test kernels::nvfp4_profile::tests::default_and_small_batches_retain_prior_dispatch ... ok
test kernels::nvfp4_profile::tests::tiled_dispatch_is_bounded_and_falls_back_outside_admission ... ok
test kernels::nvfp4_layout::tests::every_selector_places_selected_scales_and_leaves_poison_elsewhere ... ok
test kernels::ordinary_fixtures::tests::float_encodings_and_packed_words_match_hand_worked_values ... ok
test kernels::logprob_math::tests::exponential_matches_host_within_eight_ulps ... ok
test kernels::partition_audit::tests::partition_independent_and_localizes_earlier_rows ... ok
test kernels::fixtures::tests::logical_reference_has_known_ones_and_signed_nonuniform_cases ... ok
test kernels::cuda::stream_forward::ab_schedule::tests::paired_plans_keep_all_outputs_and_input_disjoint_at_all_requested_capacities ... ok
test kernels::partition_audit::tests::rejects_incomplete_and_overlapping_capture ... ok
test kernels::gemm_fixtures::tests::dense_inputs_match_independent_logical_values_and_fixture_product ... ok
test engine::layout::tests::rejects_more_than_the_region_limit ... ok
test kernels::exponential::tests::dense_nonpositive_grid_matches_f64_exp ... ok
test kernels::silu::tests::handles_nonfinite_values_explicitly ... ok
test kernels::ordinary_fixtures::tests::signed_int8_cases_pack_both_extreme_signs ... ok
test kernels::ordinary_fixtures::tests::fixtures_have_expected_shapes_ones_and_signed_outputs ... ok
test kv_fp8_reference::tests::e4m3_rounding_uses_even_codes_and_saturates_finite ... ok
test kv_fp8_reference::tests::decoder_accepts_positive_subnormal_scale_and_rejects_invalid_extents ... ok
test kv_fp8_reference::tests::nonfinite_input_and_invalid_decode_rows_are_reported_and_zeroed ... ok
test kv_fp8_reference::tests::represented_scale_rounds_up_and_enforces_finite_range ... ok
test layer_comparison_reference::tests::half_percent_scaling_passes_but_two_percent_scaling_fails_l2_gate ... ok
test kernels::silu::tests::preserves_signed_zero_and_matches_negative_one_over_256_rounding ... ok
test kv_fp8_reference::tests::signed_zero_subnormal_ties_scale_and_odd_row_tail ... ok
test layer_comparison_reference::tests::exact_signed_values_and_zero_vectors_report_bitwise_matches ... ok
test kernels::cuda::native_mtp_q8_fc_operator::resident::dense_fixture::tests::dense_patterns_when_packed_unit_scale_reference_runs_match_independent_dots ... ok
test layer_comparison_reference::tests::orthogonal_and_single_element_corruption_fail ... ok
test layer_comparison_reference::tests::rejects_mismatched_empty_and_nonfinite_vectors ... ok
test layer_comparison_reference::tests::near_l2_budget_angle_stays_above_cosine_floor ... ok
test mlp_activation_reference::tests::boundary_and_extreme_gates_keep_stable_fp64_silu_results ... ok
test layer_comparison_reference::tests::zero_reference_is_explicit_and_zero_actual_has_unit_relative_error ... ok
test mlp_activation_reference::tests::rejects_bad_extents_nonfinite_bf16_and_fp32_or_bf16_overflow ... ok
test mlp_activation_reference::tests::zero_signed_zero_and_signed_up_values_keep_ieee_signs ... ok
test mtp_reference::tests::concatenation_places_each_shifted_embedding_before_its_target_hidden ... ok
test mtp_reference::tests::rejects_mismatched_rows_shape_and_projection_extents ... ok
test mlp_activation_reference::tests::positive_and_negative_gates_round_silu_before_signed_up_multiply ... ok
test native_mtp_q8_gemv_reference::tests::q8_gemv_rejects_invalid_signed_code ... ok
test native_mtp_q4_gemv_reference::tests::q4_oracle_decodes_signed_nibbles_group_scales_and_reordered_parent_rows ... ok
test native_mtp_q8_gemv_reference::tests::q8_gemv_respects_parent_rows_and_k128_split ... ok
test layer_comparison_reference::tests::rejects_invalid_partition_width_and_extent ... ok
test mtp_reference::tests::zero_projection_fixture_returns_post_norm_rows_and_initialized_cache ... ok
test native_mtp_q8_sliced_k_fc_reference::tests::checked_boundary_when_planes_scales_or_inputs_are_invalid ... ok
test native_mtp_q8_sliced_k_fc_reference::tests::group_order_when_iterations_cancel_a_small_neighbor ... ok
test kernels::logprob_math::tests::logarithm_matches_host ... ok
test native_mtp_q8_sliced_k_fc_reference::tests::pair_reduction_when_all_eight_splits_cancel ... ok
test native_mtp_q8_sliced_k_fc_reference::tests::bf16_even_rounding_when_fc_results_are_ties ... ok
test nvfp4_decode_prmt_reference::tests::generic_prmt_sign_replication_is_not_a_signed_table_lookup ... ok
test nvfp4_decode_prmt_reference::tests::negative_zero_does_not_carry_into_any_neighbour ... ok
test nvfp4_linear_reference::tests::reciprocal_global_product_scales_the_dot_in_the_declared_direction ... ok
test nvfp4_linear_reference::tests::rectangular_m_n_tails_and_k80_keep_logical_row_order ... ok
test nvfp4_linear_reference::tests::rejects_bad_dimensions_extents_and_scale_codes ... ok
test nvfp4_linear_reference::tests::rejects_invalid_global_scales_and_output_overflow ... ok
test nvfp4_linear_reference::tests::signed_packing_and_nonuniform_group_scales_match_hand_computed_dots ... ok
test nvfp4_linear_reference::tests::zero_scales_and_negative_zero_payloads_are_valid ... ok
test nvfp4_prefill_tiled_reference::tests::cancellation_scale_groups_and_three_k_tiles_have_hand_sum ... ok
test nvfp4_prefill_tiled_reference::tests::rejects_shapes_outside_candidate_before_scalar_dispatch ... ok
test native_mtp_q8_sliced_k_fc_reference::tests::distinct_tokens_when_t1_and_t5_use_the_last_iteration ... ok
test native_mtp_q8_sliced_k_fc_reference::tests::signed_extremes_when_neighbor_scales_differ ... ok
test nvfp4_quantize_reference::tests::e4m3_scale_encoder_uses_even_code_at_fp8_midpoints ... ok
test nvfp4_quantize_reference::tests::hand_computed_fp4_midpoints_anchor_scale_and_preserve_negative_zero ... ok
test nvfp4_quantize_reference::tests::rejects_bad_dimensions_extent_values_scales_and_small_global_overflow ... ok
test nvfp4_quantize_reference::tests::scale_saturation_clamps_to_fp4_six_and_local_overflow_is_rejected ... ok
test nvfp4_quantize_reference::tests::zero_groups_use_fallback_and_rows_keep_group_order ... ok
test kernels::gemm_fixtures::tests::small_fixture_expected_values_match_independent_dense_reference ... ok
test kernels::silu::tests::all_finite_bf16_inputs_match_independent_silu ... ok
test kernels::cuda::stream_forward::program::tests::qwen_program_places_and_resolves_every_slot ... ok
test nvfp4_prefill_tiled_reference::tests::row_column_mapping_across_cta_boundaries_and_partial_tiles ... ok
test layer_comparison_reference::tests::one_bad_partition_fails_when_the_aggregate_passes ... ok
test kernels::cuda::bf16_ab_decode_trial::tests::cancellation_fixture_has_hand_computed_residue ... ok
test packages::qwen3_8_27b::native_mtp_views::cpu_reference::row::tests::invalid_fp16_scales_return_typed_boundary_errors ... ok
test packages::qwen3_8_27b::native_mtp_views::cpu_reference::row::tests::logical_tail_padding_requires_zero_code_and_scale ... ok
test packages::qwen3_8_27b::native_mtp_views::cpu_reference::row::tests::positive_fp16_subnormal_scale_is_preserved_exactly ... ok
test packages::qwen3_8_27b::native_mtp_views::cpu_reference::row::tests::q4_full_row_decodes_across_the_k128_split ... ok
test packages::qwen3_8_27b::native_mtp_views::cpu_reference::row::tests::q4_group_boundaries_at_k64_and_k128_use_the_next_scale ... ok
test packages::qwen3_8_27b::native_mtp_views::cpu_reference::row::tests::q4_short_logical_tail_requires_zero_codes ... ok
test packages::qwen3_8_27b::native_mtp_views::cpu_reference::row::tests::q4_spec_codes_and_scales_round_trip_through_row_layout ... ok
test packages::qwen3_8_27b::native_mtp_views::cpu_reference::row::tests::q4_twos_complement_nibbles_decode_low_lane_before_high_lane ... ok
test packages::qwen3_8_27b::native_mtp_views::cpu_reference::row::tests::q8_full_row_decodes_across_the_k128_split ... ok
test packages::qwen3_8_27b::native_mtp_views::cpu_reference::row::tests::q8_group_boundaries_at_k32_k64_and_k128_use_the_next_scale ... ok
test packages::qwen3_8_27b::native_mtp_views::cpu_reference::row::tests::q8_signed_edge_codes_decode_and_reject_the_forbidden_word ... ok
test packages::qwen3_8_27b::native_mtp_views::cpu_reference::row::tests::q8_spec_codes_and_scales_round_trip_through_row_layout ... ok
test packages::qwen3_8_27b::native_mtp_views::cpu_reference::row::tests::zero_scale_requires_zero_codes_and_zero_group_decodes_to_zero ... ok
test packages::qwen3_8_27b::native_mtp_views::cpu_reference::views::tests::q4_low_high_nibbles_and_group_crossing_k128_decode_from_row_split_planes ... ok
test packages::qwen3_8_27b::native_mtp_views::cpu_reference::views::tests::q8_parent_row_mapping_and_k128_group_addressing_use_aligned_scale_plane ... ok
test packages::qwen3_8_27b::native_mtp_views::cpu_reference::views::tests::q8_plane_alignment_padding_must_be_zero ... ok
test packages::qwen3_8_27b::native_mtp_views::head_tests::q4_proposal_head_step_returns_bf16_logits_and_target_id ... ok
test packages::qwen3_8_27b::native_mtp_views::selection::plane_layout::tests::row_split_geometry_pads_k_before_counting_groups_and_planes ... ok
test packages::qwen3_8_27b::native_mtp_views::selection::plane_layout::tests::row_split_geometry_rejects_wrong_bytes_and_unknown_quantization ... ok
test packages::qwen3_8_27b::native_mtp_views::selection::plane_layout::tests::row_split_scale_plane_count_matches_schema_byte_formula ... ok
test kernels::cuda::fp8_decode_trial::tests::isolated_pairs_cover_every_finite_pair_once_with_full_oracle_coverage ... ok
test kernels::cuda::bf16_ab_decode_trial::tests::magnitude_fixture_has_exact_fp64_lattice_bound ... ok
test packages::qwen3_8_27b::native_mtp_views::tests::malformed_quantization_and_binding_are_rejected ... ok
test packages::qwen3_8_27b::inventory::tests::captured_headers_match_compiled_inventory ... ok
test packages::qwen3_8_27b::native_mtp_views::tests::q8_view_decodes_rows_from_separate_aligned_parent_planes ... ok
test artifact::writer::tests::many_objects_do_not_require_one_descriptor_per_source ... ok
test packages::qwen3_8_27b::inventory::tests::native_virtual_inventory_has_exact_text_only_contract ... ok
test exponential_unrolled_reference::tests::every_host_result_bit_matches_original_helper ... ok
test kernels::rms_norm_fixtures::tests::zero_input_has_exactly_zero_output ... ok
test packages::qwen3_8_27b::native_mtp_views::tests::unsupported_row_split_codec_is_rejected_at_the_selected_projection ... ok
test kernels::rms_norm_fixtures::tests::width_one_matches_the_hand_worked_rms_norm ... ok
test packages::qwen3_8_27b::native_source::mtp::tests::parent_copy_fails_when_destination_rejects_bytes ... ok
test packages::qwen3_8_27b::native_source::mtp::tests::physical_parent_copy_preserves_packed_bytes_and_verifies_digest ... ok
test packages::qwen3_8_27b::native_source::mtp::tests::physical_parent_copy_rejects_same_length_source_edits ... ok
test packages::qwen3_8_27b::native_source::mtp_qualification::tests::qualification_rejects_unpinned_source ... ok
test packages::qwen3_8_27b::native_source::tests::checked_bounds_and_allocation_limits_reject_before_reading ... ok
test packages::qwen3_8_27b::native_source::tests::changed_source_poisoning_prevents_subsequent_copies ... ok
test packages::qwen3_8_27b::native_source::tests::copy_streams_checked_subrange_and_rejects_changed_digest ... ok
test packages::qwen3_8_27b::native_source::tests::destination_failure_poisoning_prevents_execution_retry ... ok
test packages::qwen3_8_27b::native_source::tests::failed_native_mtp_resolution_latches_source_dirty ... ok
test packages::qwen3_8_27b::native_source::tests::native_mtp_parent_copy_before_resolution_dirties_source ... ok
test kernels::rms_norm_fixtures::tests::fixtures_cover_width_boundaries_and_finite_signed_values ... ok
test packages::qwen3_8_27b::native_source::tests::source_pin_requires_both_exact_hash_and_length ... ok
test packages::qwen3_8_27b::native_source::tests::transformed_hash_is_canonical_not_source_hash ... ok
test packages::qwen3_8_27b::native_source::tests::native_profile_rejects_mtp_and_legacy_cpu_references ... ok
test packages::qwen3_8_27b::native_source::tests::path_replacement_does_not_reopen_source ... ok
test packages::qwen3_8_27b::native_source::tests::virtual_directory_binds_real_recipe_and_tensor_hashes ... ok
test packages::qwen3_8_27b::native_views::tests::convolution_transpose_preserves_signed_zero_bits ... ok
test packages::qwen3_8_27b::native_views::tests::interleave_selects_both_code_and_scale_rows_without_overlaps ... ok
test packages::qwen3_8_27b::native_views::tests::nvfp4_scale_transform_round_trips_boundaries ... ok
test packages::qwen3_8_27b::native_mtp_views::tests::proposal_head_has_shortlist_shape_and_checked_planes ... ok
test packages::qwen3_8_27b::schedule::tests::compiled_layers_follow_fixed_attention_and_mlp_patterns ... ok
test packages::qwen3_8_27b::schedule::tests::context_capacity_is_bounded ... ok
test packages::qwen3_8_27b::schedule::tests::state_regions_are_unique_aligned_and_exact_for_supported_capacities ... ok
test projection_reference::tests::bf16_projection_preserves_fractional_inputs_and_rejects_invalid_data ... ok
test projection_reference::tests::fp8_values_ties_saturation_and_signed_zero ... ok
test projection_reference::tests::independent_row_scales_and_zero_row ... ok
test projection_reference::tests::logical_matrix_product_and_scale_order ... ok
test qwen_attention_layer_reference::tests::captures_the_fifteen_bf16_layer_stages_with_row_widths ... ok
test qwen_attention_layer_reference::tests::invalid_links_positions_tokens_and_bf16_extents_are_rejected ... ok
test qwen_attention_layer_reference::tests::zero_branches_preserve_nonzero_embedding_residual_for_one_and_two_rows ... ok
test qwen_gdn_layer_reference::tests::missing_options_invalid_indices_and_channel_links_are_rejected ... ok
test qwen_gdn_layer_reference::tests::zero_weight_attention_and_mlp_preserve_nonzero_embedding_residual ... ok
test reference::tests::dot_uses_finite_inputs_and_rejects_invalid_shapes_or_results ... ok
test reference::tests::e2m1_decodes_every_four_bit_code ... ok
test reference::tests::matmul_matches_nonsymmetric_hand_worked_product ... ok
test reference::tests::matmul_rejects_invalid_dimensions_shapes_inputs_and_results ... ok
test reference::tests::rms_norm_matches_hand_worked_epsilon_case ... ok
test reference::tests::rms_norm_rejects_invalid_shapes_values_and_epsilon ... ok
test reference::tests::ue4m3_decodes_subnormal_normal_and_maximum_boundaries ... ok
test resident_entry_reference::tests::copies_out_of_order_and_repeated_rows_across_stream_chunks ... ok
test resident_entry_reference::tests::rejects_stream_offset_overflow ... ok
test resident_entry_reference::tests::rejects_stream_overrun_and_unfinished_object ... ok
test resident_entry_reference::tests::repeated_rows_each_receive_every_piece_when_a_row_spans_chunks ... ok
test resident_entry_reference::tests::requires_every_declared_object_byte_before_finishing ... ok
test residual_add_reference::tests::independent_add_checks_rounding_signed_zero_and_overflow ... ok
test residual_norm_reference::tests::cancellation_and_signed_zero_are_preserved ... ok
test residual_norm_reference::tests::rejects_invalid_dimensions_extents_inputs_epsilon_and_overflow ... ok
test residual_norm_reference::tests::shared_zero_centered_weights_cover_negative_one_and_multiple_rows ... ok
test residual_norm_reference::tests::width_one_and_zero_centered_weight_minus_one_produce_zero ... ok
test residual_norm_reference::tests::width_one_residual_add_tie_rounds_before_normalization ... ok
test row_logprob_topk_reference::tests::device_comparison_requires_exact_ids_and_bounded_values ... ok
test row_logprob_topk_reference::tests::extreme_finite_logits_stay_finite ... ok
test row_logprob_topk_reference::tests::rejects_nonfinite_rows_and_bad_targets ... ok
test row_logprob_topk_reference::tests::target_outside_top_k_is_still_scored ... ok
test row_logprob_topk_reference::tests::ties_order_lower_id_first_and_merge_zero_signs ... ok
test row_logprob_topk_reference::tests::two_equal_logits_split_mass_and_tie_by_id ... ok
test packages::qwen3_8_27b::native_mtp_views::tests::selected_q8_view_has_expected_parent_planes ... ok
test packages::qwen3_8_27b::native_mtp_views::tests::signed_token_map_rejects_negative_and_out_of_range_ids ... ok
test packages::qwen3_8_27b::inventory::tests::native_rejects_missing_wrong_precision_extent_and_source_identity ... ok
test packages::qwen3_8_27b::native_mtp_views::tests::selected_qkv_views_retain_checked_parent_rows ... ok
test nvfp4_decode_prmt_reference::tests::every_four_nibble_control_matches_independent_signed_table ... ok
test packages::qwen3_8_27b::native_mtp_views::tests::inspected_artifact_token_map_metadata_is_signed_int32 ... ok
test packages::qwen3_8_27b::native_mtp_views::tests::resolve_reads_exact_token_map_when_artifact_has_complete_native_mtp_metadata ... ok
test packages::qwen3_8_27b::inventory::tests::rejects_wrong_model_weights_repository_and_revision ... ok
test packages::qwen3_8_27b::inventory::tests::raw_and_preserved_profiles_are_not_accidentally_promoted ... ok
test packages::qwen3_8_27b::inventory::tests::rejects_missing_extra_and_duplicate_tensors ... ok
test attention_warp_reference::tests::full_online_recurrence_retains_bits_under_dot_schedule_change ... ok
test packages::qwen3_8_27b::inventory::tests::rejects_wrong_tensor_shape_dtype_layout_kind_and_length ... ok
test packages::qwen3_8_27b::native_mtp_views::tests::inspected_artifact_mtp_bindings_resolve_with_source_plane_metadata ... ok
test gdn_replay_reference::tests::every_accepted_prefix_replays_to_the_original_recurrent_state ... ok
test nvfp4_decode_prmt_reference::tests::exhaustive_gpu_fixture_batches_cover_every_control_and_basis_position ... ok
test packages::qwen3_8_27b::native_views::tests::rejects_wrong_parent_extent_and_missing_activation_divisor ... ok
test packages::qwen3_8_27b::native_views::tests::rejects_missing_bindings_partial_rows_and_wrong_geometry ... ok
test packages::qwen3_8_27b::native_views::tests::actual_metadata_maps_every_text_binding_without_narrowing ... ok
test kernels::cuda::native_mtp_q8_fc_operator::tests::comparison_fails_when_last_row_is_poisoned_or_repeat_changes ... ok
test kernels::cuda::native_mtp_q8_fc_operator::resident::dense_fixture::tests::comparison_fails_when_last_row_is_poisoned_or_repeat_changes ... ok
test kernels::cuda::native_mtp_q8_fc_operator::tests::cancellation_matches_simple_oracle_when_five_columns_are_distinct ... ok
test kernels::cuda::native_mtp_q8_fc_operator::resident::dense_fixture::tests::cancellation_when_five_columns_are_distinct_matches_simple_oracle ... ok
test artifact::ninfer::tests::bounded_counts_are_checked_without_large_payloads ... ok

test result: ok. 634 passed; 0 failed; 0 ignored; 0 measured; 0 filtered out; finished in 0.90s

