mkdir -p target/specialize
RUSTC="$(rustup which --toolchain nightly-2026-09-25 rustc)" RUSTC_WRAPPER= RUSTFLAGS='-Ctarget-cpu=sm_120a' rustup run nightly-2026-09-25 cargo build --manifest-path crates/mesh-specialize/kernels/nvptx/Cargo.toml --target nvptx64-nvidia-cuda -Zbuild-std=core --release --target-dir target/specialize/nvptx
    Updating crates.io index
 Downloading crates ...
  Downloaded adler2 v2.0.1
  Downloaded getopts v0.2.24
  Downloaded cfg-if v1.0.4
  Downloaded rustc-literal-escaper v0.0.8
  Downloaded rustc-demangle v0.1.28
  Downloaded foldhash v0.2.0
  Downloaded addr2line v0.27.1
  Downloaded hashbrown v0.17.1
  Downloaded miniz_oxide v0.9.1
  Downloaded memchr v2.8.3
  Downloaded gimli v0.34.0
  Downloaded object v0.39.1
  Downloaded libc v0.2.189
   Compiling compiler_builtins v0.1.160 (/home/ndizazzo/dev/mesh/issue1393-q4-snapshot-20260930/target/q8-rustup/toolchains/nightly-2026-09-25-x86_64-unknown-linux-gnu/lib/rustlib/src/rust/library/compiler-builtins/compiler-builtins)
   Compiling core v0.0.0 (/home/ndizazzo/dev/mesh/issue1393-q4-snapshot-20260930/target/q8-rustup/toolchains/nightly-2026-09-25-x86_64-unknown-linux-gnu/lib/rustlib/src/rust/library/core)
   Compiling mesh-specialize-nvptx v0.1.0 (/home/ndizazzo/dev/mesh/issue1393-q4-snapshot-20260930/crates/mesh-specialize/kernels/nvptx)
error: linker `llvm-bitcode-linker` not found
  |
  = note: No such file or directory (os error 2)

error: could not compile `mesh-specialize-nvptx` (lib) due to 1 previous error
error: recipe `specialize-ptx` failed on line 15 with exit code 101
