2026-09-30T12:40:20-04:00
100 %, 429 MiB, 195 MHz, 405 MHz, 13.94 W, 30
0 %, 17 MiB, 210 MHz, 405 MHz, 21.18 W, 27
 12:40:20 up 6 days, 20:31,  6 users,  load average: 0.47, 0.33, 0.13
2026-09-30T12:40:22-04:00
0 %, 937 MiB, 2542 MHz, 13801 MHz, 52.43 W, 30
0 %, 20 MiB, 210 MHz, 405 MHz, 26.62 W, 27
1476851, /home/ndizazzo/dev/mesh/issue1393-q4-snapshot-20260930/target/release/xtask, 500 MiB
 12:40:22 up 6 days, 20:31,  6 users,  load average: 0.51, 0.34, 0.14
2026-09-30T12:40:24-04:00
0 %, 937 MiB, 2542 MHz, 13801 MHz, 52.24 W, 30
0 %, 20 MiB, 210 MHz, 405 MHz, 24.35 W, 27
1476851, /home/ndizazzo/dev/mesh/issue1393-q4-snapshot-20260930/target/release/xtask, 500 MiB
 12:40:24 up 6 days, 20:31,  6 users,  load average: 0.51, 0.34, 0.14
2026-09-30T12:40:26-04:00
0 %, 937 MiB, 2542 MHz, 13801 MHz, 52.17 W, 30
0 %, 20 MiB, 210 MHz, 405 MHz, 22.35 W, 27
1476851, /home/ndizazzo/dev/mesh/issue1393-q4-snapshot-20260930/target/release/xtask, 500 MiB
 12:40:26 up 6 days, 20:31,  6 users,  load average: 0.55, 0.35, 0.14
2026-09-30T12:40:28-04:00
0 %, 937 MiB, 2542 MHz, 13801 MHz, 52.34 W, 30
0 %, 20 MiB, 210 MHz, 405 MHz, 20.97 W, 27
1476851, /home/ndizazzo/dev/mesh/issue1393-q4-snapshot-20260930/target/release/xtask, 500 MiB
 12:40:28 up 6 days, 20:31,  6 users,  load average: 0.55, 0.35, 0.14
2026-09-30T12:40:30-04:00
0 %, 937 MiB, 2542 MHz, 13801 MHz, 51.60 W, 30
0 %, 20 MiB, 210 MHz, 405 MHz, 21.00 W, 27
1476851, /home/ndizazzo/dev/mesh/issue1393-q4-snapshot-20260930/target/release/xtask, 500 MiB
 12:40:30 up 6 days, 20:31,  6 users,  load average: 0.67, 0.38, 0.15
2026-09-30T12:40:32-04:00
0 %, 937 MiB, 2542 MHz, 13801 MHz, 51.91 W, 30
0 %, 20 MiB, 210 MHz, 405 MHz, 22.08 W, 27
1476851, /home/ndizazzo/dev/mesh/issue1393-q4-snapshot-20260930/target/release/xtask, 500 MiB
 12:40:32 up 6 days, 20:31,  6 users,  load average: 0.67, 0.38, 0.15
2026-09-30T12:40:34-04:00
0 %, 937 MiB, 2542 MHz, 13801 MHz, 52.08 W, 30
0 %, 20 MiB, 210 MHz, 405 MHz, 20.97 W, 27
1476851, /home/ndizazzo/dev/mesh/issue1393-q4-snapshot-20260930/target/release/xtask, 500 MiB
 12:40:34 up 6 days, 20:31,  6 users,  load average: 0.67, 0.38, 0.15
2026-09-30T12:40:36-04:00
0 %, 937 MiB, 2542 MHz, 13801 MHz, 52.14 W, 30
0 %, 20 MiB, 210 MHz, 405 MHz, 21.05 W, 27
1476851, /home/ndizazzo/dev/mesh/issue1393-q4-snapshot-20260930/target/release/xtask, 500 MiB
 12:40:36 up 6 days, 20:31,  6 users,  load average: 0.69, 0.39, 0.16
2026-09-30T12:40:38-04:00
0 %, 937 MiB, 427 MHz, 810 MHz, 31.50 W, 30
0 %, 20 MiB, 210 MHz, 405 MHz, 23.95 W, 27
1476851, /home/ndizazzo/dev/mesh/issue1393-q4-snapshot-20260930/target/release/xtask, 500 MiB
 12:40:38 up 6 days, 20:31,  6 users,  load average: 0.69, 0.39, 0.16
2026-09-30T12:40:40-04:00
0 %, 937 MiB, 195 MHz, 405 MHz, 5.28 W, 29
0 %, 20 MiB, 210 MHz, 405 MHz, 21.88 W, 27
1476851, /home/ndizazzo/dev/mesh/issue1393-q4-snapshot-20260930/target/release/xtask, 500 MiB
 12:40:40 up 6 days, 20:31,  6 users,  load average: 0.72, 0.40, 0.16
2026-09-30T12:40:42-04:00
0 %, 937 MiB, 195 MHz, 405 MHz, 5.40 W, 29
0 %, 20 MiB, 210 MHz, 405 MHz, 20.99 W, 27
1476851, /home/ndizazzo/dev/mesh/issue1393-q4-snapshot-20260930/target/release/xtask, 500 MiB
 12:40:43 up 6 days, 20:31,  6 users,  load average: 0.72, 0.40, 0.16
2026-09-30T12:40:45-04:00
0 %, 937 MiB, 210 MHz, 405 MHz, 5.55 W, 29
0 %, 20 MiB, 210 MHz, 405 MHz, 21.47 W, 27
1476851, /home/ndizazzo/dev/mesh/issue1393-q4-snapshot-20260930/target/release/xtask, 500 MiB
 12:40:45 up 6 days, 20:31,  6 users,  load average: 0.72, 0.40, 0.16
2026-09-30T12:40:47-04:00
0 %, 937 MiB, 195 MHz, 405 MHz, 4.97 W, 29
0 %, 20 MiB, 210 MHz, 405 MHz, 21.59 W, 27
1476851, /home/ndizazzo/dev/mesh/issue1393-q4-snapshot-20260930/target/release/xtask, 500 MiB
 12:40:47 up 6 days, 20:31,  6 users,  load average: 0.74, 0.41, 0.17
2026-09-30T12:40:49-04:00
0 %, 937 MiB, 195 MHz, 405 MHz, 5.18 W, 29
0 %, 20 MiB, 210 MHz, 405 MHz, 20.84 W, 27
1476851, /home/ndizazzo/dev/mesh/issue1393-q4-snapshot-20260930/target/release/xtask, 500 MiB
 12:40:49 up 6 days, 20:31,  6 users,  load average: 0.74, 0.41, 0.17
2026-09-30T12:40:51-04:00
0 %, 937 MiB, 195 MHz, 405 MHz, 5.51 W, 29
0 %, 20 MiB, 210 MHz, 405 MHz, 20.93 W, 27
1476851, /home/ndizazzo/dev/mesh/issue1393-q4-snapshot-20260930/target/release/xtask, 500 MiB
 12:40:51 up 6 days, 20:31,  6 users,  load average: 0.76, 0.42, 0.17
2026-09-30T12:40:53-04:00
0 %, 937 MiB, 195 MHz, 405 MHz, 5.53 W, 29
0 %, 20 MiB, 210 MHz, 405 MHz, 27.51 W, 27
1476851, /home/ndizazzo/dev/mesh/issue1393-q4-snapshot-20260930/target/release/xtask, 500 MiB
 12:40:53 up 6 days, 20:31,  6 users,  load average: 0.76, 0.42, 0.17
2026-09-30T12:40:55-04:00
0 %, 937 MiB, 195 MHz, 405 MHz, 5.67 W, 29
0 %, 20 MiB, 210 MHz, 405 MHz, 21.08 W, 27
1476851, /home/ndizazzo/dev/mesh/issue1393-q4-snapshot-20260930/target/release/xtask, 500 MiB
 12:40:55 up 6 days, 20:31,  6 users,  load average: 0.76, 0.42, 0.17
2026-09-30T12:40:57-04:00
0 %, 937 MiB, 195 MHz, 405 MHz, 5.73 W, 29
0 %, 20 MiB, 210 MHz, 405 MHz, 20.82 W, 27
1476851, /home/ndizazzo/dev/mesh/issue1393-q4-snapshot-20260930/target/release/xtask, 500 MiB
 12:40:57 up 6 days, 20:32,  6 users,  load average: 0.78, 0.43, 0.18
2026-09-30T12:40:59-04:00
0 %, 937 MiB, 195 MHz, 405 MHz, 5.35 W, 29
0 %, 20 MiB, 210 MHz, 405 MHz, 22.15 W, 27
1476851, /home/ndizazzo/dev/mesh/issue1393-q4-snapshot-20260930/target/release/xtask, 500 MiB
 12:40:59 up 6 days, 20:32,  6 users,  load average: 0.78, 0.43, 0.18
2026-09-30T12:41:01-04:00
0 %, 937 MiB, 195 MHz, 405 MHz, 5.59 W, 29
0 %, 20 MiB, 210 MHz, 405 MHz, 21.91 W, 27
1476851, /home/ndizazzo/dev/mesh/issue1393-q4-snapshot-20260930/target/release/xtask, 500 MiB
 12:41:01 up 6 days, 20:32,  6 users,  load average: 0.80, 0.44, 0.18
2026-09-30T12:41:03-04:00
0 %, 937 MiB, 195 MHz, 405 MHz, 5.41 W, 29
0 %, 20 MiB, 210 MHz, 405 MHz, 20.83 W, 27
1476851, /home/ndizazzo/dev/mesh/issue1393-q4-snapshot-20260930/target/release/xtask, 500 MiB
 12:41:03 up 6 days, 20:32,  6 users,  load average: 0.80, 0.44, 0.18
2026-09-30T12:41:05-04:00
0 %, 937 MiB, 195 MHz, 405 MHz, 5.48 W, 29
0 %, 20 MiB, 210 MHz, 405 MHz, 20.94 W, 27
1476851, /home/ndizazzo/dev/mesh/issue1393-q4-snapshot-20260930/target/release/xtask, 500 MiB
 12:41:05 up 6 days, 20:32,  6 users,  load average: 0.81, 0.45, 0.19
2026-09-30T12:41:07-04:00
0 %, 937 MiB, 195 MHz, 405 MHz, 5.95 W, 29
0 %, 20 MiB, 210 MHz, 405 MHz, 27.48 W, 27
1476851, /home/ndizazzo/dev/mesh/issue1393-q4-snapshot-20260930/target/release/xtask, 500 MiB
 12:41:07 up 6 days, 20:32,  6 users,  load average: 0.81, 0.45, 0.19
2026-09-30T12:41:09-04:00
0 %, 937 MiB, 187 MHz, 405 MHz, 5.90 W, 29
0 %, 20 MiB, 210 MHz, 405 MHz, 20.95 W, 27
1476851, /home/ndizazzo/dev/mesh/issue1393-q4-snapshot-20260930/target/release/xtask, 500 MiB
 12:41:09 up 6 days, 20:32,  6 users,  load average: 0.81, 0.45, 0.19
2026-09-30T12:41:11-04:00
0 %, 937 MiB, 195 MHz, 405 MHz, 5.25 W, 29
0 %, 20 MiB, 210 MHz, 405 MHz, 20.93 W, 27
1476851, /home/ndizazzo/dev/mesh/issue1393-q4-snapshot-20260930/target/release/xtask, 500 MiB
 12:41:12 up 6 days, 20:32,  6 users,  load average: 0.83, 0.46, 0.19
2026-09-30T12:41:14-04:00
0 %, 937 MiB, 195 MHz, 405 MHz, 5.85 W, 29
0 %, 20 MiB, 210 MHz, 405 MHz, 22.87 W, 27
1476851, /home/ndizazzo/dev/mesh/issue1393-q4-snapshot-20260930/target/release/xtask, 1272 MiB
 12:41:14 up 6 days, 20:32,  6 users,  load average: 0.83, 0.46, 0.19
2026-09-30T12:41:16-04:00
0 %, 1709 MiB, 2542 MHz, 13801 MHz, 52.70 W, 30
0 %, 20 MiB, 210 MHz, 405 MHz, 22.18 W, 27
1476851, /home/ndizazzo/dev/mesh/issue1393-q4-snapshot-20260930/target/release/xtask, 1272 MiB
 12:41:16 up 6 days, 20:32,  6 users,  load average: 0.84, 0.47, 0.20
2026-09-30T12:41:18-04:00
0 %, 1709 MiB, 2542 MHz, 13801 MHz, 52.28 W, 30
0 %, 20 MiB, 210 MHz, 405 MHz, 20.85 W, 27
1476851, /home/ndizazzo/dev/mesh/issue1393-q4-snapshot-20260930/target/release/xtask, 1272 MiB
 12:41:18 up 6 days, 20:32,  6 users,  load average: 0.84, 0.47, 0.20
2026-09-30T12:41:20-04:00
0 %, 1709 MiB, 2542 MHz, 13801 MHz, 51.99 W, 30
0 %, 20 MiB, 210 MHz, 405 MHz, 20.96 W, 27
1476851, /home/ndizazzo/dev/mesh/issue1393-q4-snapshot-20260930/target/release/xtask, 1272 MiB
 12:41:20 up 6 days, 20:32,  6 users,  load average: 0.84, 0.47, 0.20
2026-09-30T12:41:22-04:00
0 %, 843 MiB, 2542 MHz, 13801 MHz, 51.65 W, 30
0 %, 20 MiB, 210 MHz, 405 MHz, 27.17 W, 27
 12:41:22 up 6 days, 20:32,  6 users,  load average: 0.86, 0.48, 0.20
2026-09-30T12:41:24-04:00
0 %, 1359 MiB, 2542 MHz, 13801 MHz, 52.48 W, 30
0 %, 20 MiB, 690 MHz, 810 MHz, 30.90 W, 27
1477154, /home/ndizazzo/dev/mesh/issue1393-q4-snapshot-20260930/target/release/xtask, 922 MiB
 12:41:24 up 6 days, 20:32,  6 users,  load average: 0.86, 0.48, 0.20
2026-09-30T12:41:26-04:00
0 %, 1359 MiB, 2542 MHz, 13801 MHz, 51.45 W, 30
0 %, 20 MiB, 210 MHz, 405 MHz, 21.77 W, 27
1477154, /home/ndizazzo/dev/mesh/issue1393-q4-snapshot-20260930/target/release/xtask, 922 MiB
 12:41:26 up 6 days, 20:32,  6 users,  load average: 0.87, 0.49, 0.20
2026-09-30T12:41:28-04:00
0 %, 1359 MiB, 2542 MHz, 13801 MHz, 51.27 W, 30
0 %, 20 MiB, 210 MHz, 405 MHz, 21.41 W, 27
1477154, /home/ndizazzo/dev/mesh/issue1393-q4-snapshot-20260930/target/release/xtask, 922 MiB
 12:41:28 up 6 days, 20:32,  6 users,  load average: 0.87, 0.49, 0.20
2026-09-30T12:41:30-04:00
0 %, 1359 MiB, 2542 MHz, 13801 MHz, 51.57 W, 30
0 %, 20 MiB, 210 MHz, 405 MHz, 21.67 W, 27
1477154, /home/ndizazzo/dev/mesh/issue1393-q4-snapshot-20260930/target/release/xtask, 922 MiB
 12:41:30 up 6 days, 20:32,  6 users,  load average: 0.87, 0.49, 0.20
2026-09-30T12:41:32-04:00
0 %, 1359 MiB, 2542 MHz, 13801 MHz, 51.40 W, 30
0 %, 20 MiB, 210 MHz, 405 MHz, 20.91 W, 27
1477154, /home/ndizazzo/dev/mesh/issue1393-q4-snapshot-20260930/target/release/xtask, 922 MiB
 12:41:32 up 6 days, 20:32,  6 users,  load average: 0.88, 0.50, 0.21
2026-09-30T12:41:34-04:00
0 %, 1359 MiB, 2542 MHz, 13801 MHz, 51.47 W, 31
0 %, 20 MiB, 210 MHz, 405 MHz, 20.93 W, 27
1477154, /home/ndizazzo/dev/mesh/issue1393-q4-snapshot-20260930/target/release/xtask, 922 MiB
 12:41:34 up 6 days, 20:32,  6 users,  load average: 0.88, 0.50, 0.21
2026-09-30T12:41:36-04:00
0 %, 1359 MiB, 2542 MHz, 13801 MHz, 51.61 W, 30
0 %, 20 MiB, 210 MHz, 405 MHz, 27.40 W, 27
1477154, /home/ndizazzo/dev/mesh/issue1393-q4-snapshot-20260930/target/release/xtask, 922 MiB
 12:41:36 up 6 days, 20:32,  6 users,  load average: 0.89, 0.50, 0.21
2026-09-30T12:41:38-04:00
0 %, 1359 MiB, 2542 MHz, 13801 MHz, 51.26 W, 30
0 %, 20 MiB, 210 MHz, 405 MHz, 21.36 W, 27
1477154, /home/ndizazzo/dev/mesh/issue1393-q4-snapshot-20260930/target/release/xtask, 922 MiB
 12:41:38 up 6 days, 20:32,  6 users,  load average: 0.89, 0.50, 0.21
2026-09-30T12:41:40-04:00
0 %, 1359 MiB, 427 MHz, 810 MHz, 31.13 W, 30
0 %, 20 MiB, 210 MHz, 405 MHz, 21.00 W, 27
1477154, /home/ndizazzo/dev/mesh/issue1393-q4-snapshot-20260930/target/release/xtask, 922 MiB
 12:41:40 up 6 days, 20:32,  6 users,  load average: 0.98, 0.53, 0.22
2026-09-30T12:41:42-04:00
0 %, 1359 MiB, 195 MHz, 405 MHz, 5.56 W, 30
0 %, 20 MiB, 210 MHz, 405 MHz, 22.23 W, 27
1477154, /home/ndizazzo/dev/mesh/issue1393-q4-snapshot-20260930/target/release/xtask, 922 MiB
 12:41:42 up 6 days, 20:32,  6 users,  load average: 0.98, 0.53, 0.22
2026-09-30T12:41:44-04:00
0 %, 1359 MiB, 195 MHz, 405 MHz, 5.32 W, 30
0 %, 20 MiB, 210 MHz, 405 MHz, 22.10 W, 27
1477154, /home/ndizazzo/dev/mesh/issue1393-q4-snapshot-20260930/target/release/xtask, 922 MiB
 12:41:45 up 6 days, 20:32,  6 users,  load average: 0.98, 0.53, 0.22
2026-09-30T12:41:47-04:00
0 %, 1359 MiB, 195 MHz, 405 MHz, 5.10 W, 30
0 %, 20 MiB, 210 MHz, 405 MHz, 20.74 W, 27
1477154, /home/ndizazzo/dev/mesh/issue1393-q4-snapshot-20260930/target/release/xtask, 922 MiB
 12:41:47 up 6 days, 20:32,  6 users,  load average: 0.98, 0.54, 0.23
2026-09-30T12:41:49-04:00
0 %, 1359 MiB, 195 MHz, 405 MHz, 5.07 W, 30
0 %, 20 MiB, 210 MHz, 405 MHz, 20.90 W, 27
1477154, /home/ndizazzo/dev/mesh/issue1393-q4-snapshot-20260930/target/release/xtask, 922 MiB
 12:41:49 up 6 days, 20:32,  6 users,  load average: 0.98, 0.54, 0.23
2026-09-30T12:41:51-04:00
0 %, 1359 MiB, 195 MHz, 405 MHz, 5.30 W, 30
0 %, 20 MiB, 210 MHz, 405 MHz, 27.23 W, 27
1477154, /home/ndizazzo/dev/mesh/issue1393-q4-snapshot-20260930/target/release/xtask, 922 MiB
 12:41:51 up 6 days, 20:32,  6 users,  load average: 0.98, 0.55, 0.23
2026-09-30T12:41:53-04:00
0 %, 1359 MiB, 195 MHz, 405 MHz, 5.40 W, 30
0 %, 20 MiB, 210 MHz, 405 MHz, 20.83 W, 27
1477154, /home/ndizazzo/dev/mesh/issue1393-q4-snapshot-20260930/target/release/xtask, 922 MiB
 12:41:53 up 6 days, 20:32,  6 users,  load average: 0.98, 0.55, 0.23
2026-09-30T12:41:55-04:00
0 %, 1359 MiB, 195 MHz, 405 MHz, 5.41 W, 30
0 %, 20 MiB, 210 MHz, 405 MHz, 20.68 W, 27
1477154, /home/ndizazzo/dev/mesh/issue1393-q4-snapshot-20260930/target/release/xtask, 922 MiB
 12:41:55 up 6 days, 20:32,  6 users,  load average: 0.98, 0.55, 0.23
2026-09-30T12:41:57-04:00
0 %, 1359 MiB, 195 MHz, 405 MHz, 5.38 W, 30
0 %, 20 MiB, 210 MHz, 405 MHz, 22.74 W, 27
1477154, /home/ndizazzo/dev/mesh/issue1393-q4-snapshot-20260930/target/release/xtask, 922 MiB
 12:41:57 up 6 days, 20:33,  6 users,  load average: 0.98, 0.55, 0.24
2026-09-30T12:41:59-04:00
0 %, 1359 MiB, 195 MHz, 405 MHz, 5.30 W, 30
0 %, 20 MiB, 210 MHz, 405 MHz, 21.43 W, 27
1477154, /home/ndizazzo/dev/mesh/issue1393-q4-snapshot-20260930/target/release/xtask, 922 MiB
 12:41:59 up 6 days, 20:33,  6 users,  load average: 0.98, 0.55, 0.24
2026-09-30T12:42:01-04:00
0 %, 1359 MiB, 195 MHz, 405 MHz, 5.14 W, 30
0 %, 20 MiB, 210 MHz, 405 MHz, 20.72 W, 27
1477154, /home/ndizazzo/dev/mesh/issue1393-q4-snapshot-20260930/target/release/xtask, 922 MiB
 12:42:01 up 6 days, 20:33,  6 users,  load average: 0.98, 0.56, 0.24
2026-09-30T12:42:03-04:00
0 %, 1359 MiB, 195 MHz, 405 MHz, 5.10 W, 30
0 %, 20 MiB, 210 MHz, 405 MHz, 20.79 W, 27
1477154, /home/ndizazzo/dev/mesh/issue1393-q4-snapshot-20260930/target/release/xtask, 922 MiB
 12:42:03 up 6 days, 20:33,  6 users,  load average: 0.98, 0.56, 0.24
2026-09-30T12:42:05-04:00
0 %, 1359 MiB, 195 MHz, 405 MHz, 5.10 W, 30
0 %, 20 MiB, 210 MHz, 405 MHz, 27.45 W, 27
1477154, /home/ndizazzo/dev/mesh/issue1393-q4-snapshot-20260930/target/release/xtask, 922 MiB
 12:42:05 up 6 days, 20:33,  6 users,  load average: 0.99, 0.57, 0.25
2026-09-30T12:42:07-04:00
0 %, 1359 MiB, 195 MHz, 405 MHz, 5.01 W, 30
0 %, 20 MiB, 210 MHz, 405 MHz, 21.09 W, 27
1477154, /home/ndizazzo/dev/mesh/issue1393-q4-snapshot-20260930/target/release/xtask, 922 MiB
 12:42:07 up 6 days, 20:33,  6 users,  load average: 0.99, 0.57, 0.25
2026-09-30T12:42:09-04:00
0 %, 1359 MiB, 195 MHz, 405 MHz, 5.45 W, 30
0 %, 20 MiB, 210 MHz, 405 MHz, 20.70 W, 27
1477154, /home/ndizazzo/dev/mesh/issue1393-q4-snapshot-20260930/target/release/xtask, 922 MiB
 12:42:09 up 6 days, 20:33,  6 users,  load average: 0.99, 0.57, 0.25
2026-09-30T12:42:11-04:00
0 %, 1359 MiB, 195 MHz, 405 MHz, 5.34 W, 29
0 %, 20 MiB, 210 MHz, 405 MHz, 23.20 W, 27
1477154, /home/ndizazzo/dev/mesh/issue1393-q4-snapshot-20260930/target/release/xtask, 922 MiB
 12:42:11 up 6 days, 20:33,  6 users,  load average: 0.99, 0.58, 0.25
2026-09-30T12:42:13-04:00
0 %, 1359 MiB, 195 MHz, 405 MHz, 4.90 W, 30
0 %, 20 MiB, 210 MHz, 405 MHz, 21.76 W, 27
1477154, /home/ndizazzo/dev/mesh/issue1393-q4-snapshot-20260930/target/release/xtask, 922 MiB
 12:42:14 up 6 days, 20:33,  6 users,  load average: 0.99, 0.58, 0.25
2026-09-30T12:42:16-04:00
0 %, 1359 MiB, 195 MHz, 405 MHz, 5.14 W, 30
0 %, 20 MiB, 210 MHz, 405 MHz, 20.71 W, 27
1477154, /home/ndizazzo/dev/mesh/issue1393-q4-snapshot-20260930/target/release/xtask, 1694 MiB
 12:42:16 up 6 days, 20:33,  6 users,  load average: 0.99, 0.58, 0.25
2026-09-30T12:42:18-04:00
0 %, 2131 MiB, 2542 MHz, 13801 MHz, 51.58 W, 30
0 %, 20 MiB, 210 MHz, 405 MHz, 20.88 W, 27
1477154, /home/ndizazzo/dev/mesh/issue1393-q4-snapshot-20260930/target/release/xtask, 1694 MiB
 12:42:18 up 6 days, 20:33,  6 users,  load average: 0.99, 0.58, 0.25
2026-09-30T12:42:20-04:00
0 %, 2131 MiB, 2542 MHz, 13801 MHz, 51.35 W, 30
0 %, 20 MiB, 210 MHz, 405 MHz, 27.26 W, 27
1477154, /home/ndizazzo/dev/mesh/issue1393-q4-snapshot-20260930/target/release/xtask, 1694 MiB
 12:42:20 up 6 days, 20:33,  6 users,  load average: 0.99, 0.58, 0.25
2026-09-30T12:42:22-04:00
0 %, 2131 MiB, 2925 MHz, 13801 MHz, 82.03 W, 31
0 %, 20 MiB, 210 MHz, 405 MHz, 20.96 W, 27
1477154, /home/ndizazzo/dev/mesh/issue1393-q4-snapshot-20260930/target/release/xtask, 1694 MiB
 12:42:22 up 6 days, 20:33,  6 users,  load average: 0.99, 0.59, 0.26
2026-09-30T12:42:24-04:00
0 %, 2131 MiB, 2542 MHz, 13801 MHz, 51.88 W, 31
0 %, 20 MiB, 210 MHz, 405 MHz, 20.96 W, 27
1477154, /home/ndizazzo/dev/mesh/issue1393-q4-snapshot-20260930/target/release/xtask, 1694 MiB
 12:42:24 up 6 days, 20:33,  6 users,  load average: 0.99, 0.59, 0.26
2026-09-30T12:42:26-04:00
0 %, 987 MiB, 2925 MHz, 13801 MHz, 68.00 W, 31
0 %, 20 MiB, 210 MHz, 405 MHz, 28.59 W, 27
1477458, /home/ndizazzo/dev/mesh/issue1393-q4-snapshot-20260930/target/release/xtask, 550 MiB
 12:42:26 up 6 days, 20:33,  6 users,  load average: 0.99, 0.60, 0.26
2026-09-30T12:42:28-04:00
0 %, 987 MiB, 2542 MHz, 13801 MHz, 51.10 W, 31
0 %, 20 MiB, 210 MHz, 405 MHz, 22.15 W, 28
1477458, /home/ndizazzo/dev/mesh/issue1393-q4-snapshot-20260930/target/release/xtask, 550 MiB
 12:42:28 up 6 days, 20:33,  6 users,  load average: 0.99, 0.60, 0.26
2026-09-30T12:42:30-04:00
0 %, 987 MiB, 2542 MHz, 13801 MHz, 51.50 W, 31
0 %, 20 MiB, 210 MHz, 405 MHz, 20.85 W, 27
1477458, /home/ndizazzo/dev/mesh/issue1393-q4-snapshot-20260930/target/release/xtask, 550 MiB
 12:42:30 up 6 days, 20:33,  6 users,  load average: 0.99, 0.60, 0.26
2026-09-30T12:42:32-04:00
0 %, 987 MiB, 2550 MHz, 13801 MHz, 51.49 W, 31
0 %, 20 MiB, 210 MHz, 405 MHz, 21.12 W, 27
1477458, /home/ndizazzo/dev/mesh/issue1393-q4-snapshot-20260930/target/release/xtask, 550 MiB
 12:42:32 up 6 days, 20:33,  6 users,  load average: 0.99, 0.60, 0.27
2026-09-30T12:42:34-04:00
0 %, 987 MiB, 2542 MHz, 13801 MHz, 51.80 W, 31
0 %, 20 MiB, 210 MHz, 405 MHz, 21.97 W, 27
1477458, /home/ndizazzo/dev/mesh/issue1393-q4-snapshot-20260930/target/release/xtask, 550 MiB
 12:42:34 up 6 days, 20:33,  6 users,  load average: 0.99, 0.60, 0.27
2026-09-30T12:42:36-04:00
0 %, 987 MiB, 2542 MHz, 13801 MHz, 51.87 W, 31
0 %, 20 MiB, 210 MHz, 405 MHz, 20.87 W, 27
1477458, /home/ndizazzo/dev/mesh/issue1393-q4-snapshot-20260930/target/release/xtask, 550 MiB
 12:42:36 up 6 days, 20:33,  6 users,  load average: 0.99, 0.61, 0.27
2026-09-30T12:42:38-04:00
0 %, 987 MiB, 2542 MHz, 13801 MHz, 52.05 W, 31
0 %, 20 MiB, 210 MHz, 405 MHz, 20.92 W, 27
1477458, /home/ndizazzo/dev/mesh/issue1393-q4-snapshot-20260930/target/release/xtask, 550 MiB
 12:42:38 up 6 days, 20:33,  6 users,  load average: 0.99, 0.61, 0.27
2026-09-30T12:42:40-04:00
0 %, 987 MiB, 2542 MHz, 13801 MHz, 52.08 W, 31
0 %, 20 MiB, 210 MHz, 405 MHz, 27.02 W, 27
1477458, /home/ndizazzo/dev/mesh/issue1393-q4-snapshot-20260930/target/release/xtask, 550 MiB
 12:42:40 up 6 days, 20:33,  6 users,  load average: 0.99, 0.62, 0.28
2026-09-30T12:42:42-04:00
0 %, 987 MiB, 435 MHz, 810 MHz, 29.08 W, 30
0 %, 20 MiB, 210 MHz, 405 MHz, 21.73 W, 27
1477458, /home/ndizazzo/dev/mesh/issue1393-q4-snapshot-20260930/target/release/xtask, 550 MiB
 12:42:42 up 6 days, 20:33,  6 users,  load average: 0.99, 0.62, 0.28
2026-09-30T12:42:44-04:00
0 %, 987 MiB, 195 MHz, 405 MHz, 6.06 W, 30
0 %, 20 MiB, 210 MHz, 405 MHz, 20.96 W, 27
1477458, /home/ndizazzo/dev/mesh/issue1393-q4-snapshot-20260930/target/release/xtask, 550 MiB
 12:42:44 up 6 days, 20:33,  6 users,  load average: 0.99, 0.62, 0.28
2026-09-30T12:42:46-04:00
0 %, 987 MiB, 210 MHz, 405 MHz, 5.41 W, 30
0 %, 20 MiB, 210 MHz, 405 MHz, 21.02 W, 27
1477458, /home/ndizazzo/dev/mesh/issue1393-q4-snapshot-20260930/target/release/xtask, 550 MiB
 12:42:47 up 6 days, 20:33,  6 users,  load average: 0.99, 0.62, 0.28
2026-09-30T12:42:49-04:00
0 %, 987 MiB, 195 MHz, 405 MHz, 5.47 W, 30
0 %, 20 MiB, 210 MHz, 405 MHz, 22.29 W, 27
1477458, /home/ndizazzo/dev/mesh/issue1393-q4-snapshot-20260930/target/release/xtask, 550 MiB
 12:42:49 up 6 days, 20:33,  6 users,  load average: 0.99, 0.62, 0.28
2026-09-30T12:42:51-04:00
0 %, 987 MiB, 195 MHz, 405 MHz, 5.43 W, 30
0 %, 20 MiB, 210 MHz, 405 MHz, 20.95 W, 27
1477458, /home/ndizazzo/dev/mesh/issue1393-q4-snapshot-20260930/target/release/xtask, 550 MiB
 12:42:51 up 6 days, 20:33,  6 users,  load average: 1.00, 0.63, 0.28
2026-09-30T12:42:53-04:00
0 %, 987 MiB, 195 MHz, 405 MHz, 5.31 W, 30
0 %, 20 MiB, 210 MHz, 405 MHz, 20.91 W, 27
1477458, /home/ndizazzo/dev/mesh/issue1393-q4-snapshot-20260930/target/release/xtask, 550 MiB
 12:42:53 up 6 days, 20:33,  6 users,  load average: 1.00, 0.63, 0.28
2026-09-30T12:42:55-04:00
0 %, 987 MiB, 195 MHz, 405 MHz, 5.09 W, 30
0 %, 20 MiB, 210 MHz, 405 MHz, 26.99 W, 27
1477458, /home/ndizazzo/dev/mesh/issue1393-q4-snapshot-20260930/target/release/xtask, 550 MiB
 12:42:55 up 6 days, 20:33,  6 users,  load average: 1.00, 0.63, 0.28
2026-09-30T12:42:57-04:00
0 %, 987 MiB, 195 MHz, 405 MHz, 5.30 W, 30
0 %, 20 MiB, 210 MHz, 405 MHz, 21.10 W, 27
1477458, /home/ndizazzo/dev/mesh/issue1393-q4-snapshot-20260930/target/release/xtask, 550 MiB
 12:42:57 up 6 days, 20:34,  6 users,  load average: 1.00, 0.64, 0.29
2026-09-30T12:42:59-04:00
0 %, 987 MiB, 195 MHz, 405 MHz, 5.38 W, 30
0 %, 20 MiB, 210 MHz, 405 MHz, 20.73 W, 27
1477458, /home/ndizazzo/dev/mesh/issue1393-q4-snapshot-20260930/target/release/xtask, 550 MiB
 12:42:59 up 6 days, 20:34,  6 users,  load average: 1.00, 0.64, 0.29
2026-09-30T12:43:01-04:00
0 %, 987 MiB, 187 MHz, 405 MHz, 5.61 W, 30
0 %, 20 MiB, 210 MHz, 405 MHz, 20.71 W, 27
1477458, /home/ndizazzo/dev/mesh/issue1393-q4-snapshot-20260930/target/release/xtask, 550 MiB
 12:43:01 up 6 days, 20:34,  6 users,  load average: 1.00, 0.64, 0.29
2026-09-30T12:43:03-04:00
0 %, 987 MiB, 195 MHz, 405 MHz, 5.66 W, 30
0 %, 20 MiB, 210 MHz, 405 MHz, 21.65 W, 27
1477458, /home/ndizazzo/dev/mesh/issue1393-q4-snapshot-20260930/target/release/xtask, 550 MiB
 12:43:03 up 6 days, 20:34,  6 users,  load average: 1.00, 0.64, 0.29
2026-09-30T12:43:05-04:00
0 %, 987 MiB, 195 MHz, 405 MHz, 5.14 W, 30
0 %, 20 MiB, 210 MHz, 405 MHz, 20.74 W, 27
1477458, /home/ndizazzo/dev/mesh/issue1393-q4-snapshot-20260930/target/release/xtask, 550 MiB
 12:43:05 up 6 days, 20:34,  6 users,  load average: 1.08, 0.67, 0.30
2026-09-30T12:43:07-04:00
0 %, 987 MiB, 187 MHz, 405 MHz, 5.22 W, 30
0 %, 20 MiB, 210 MHz, 405 MHz, 20.85 W, 27
1477458, /home/ndizazzo/dev/mesh/issue1393-q4-snapshot-20260930/target/release/xtask, 550 MiB
 12:43:07 up 6 days, 20:34,  6 users,  load average: 1.08, 0.67, 0.30
2026-09-30T12:43:09-04:00
0 %, 987 MiB, 195 MHz, 405 MHz, 5.24 W, 30
0 %, 20 MiB, 210 MHz, 405 MHz, 27.41 W, 27
1477458, /home/ndizazzo/dev/mesh/issue1393-q4-snapshot-20260930/target/release/xtask, 550 MiB
 12:43:09 up 6 days, 20:34,  6 users,  load average: 1.08, 0.67, 0.30
2026-09-30T12:43:11-04:00
0 %, 987 MiB, 195 MHz, 405 MHz, 5.16 W, 30
0 %, 20 MiB, 210 MHz, 405 MHz, 20.85 W, 27
1477458, /home/ndizazzo/dev/mesh/issue1393-q4-snapshot-20260930/target/release/xtask, 550 MiB
 12:43:11 up 6 days, 20:34,  6 users,  load average: 1.07, 0.67, 0.31
2026-09-30T12:43:13-04:00
0 %, 987 MiB, 195 MHz, 405 MHz, 5.32 W, 30
0 %, 20 MiB, 210 MHz, 405 MHz, 20.82 W, 27
1477458, /home/ndizazzo/dev/mesh/issue1393-q4-snapshot-20260930/target/release/xtask, 550 MiB
 12:43:13 up 6 days, 20:34,  6 users,  load average: 1.07, 0.67, 0.31
2026-09-30T12:43:15-04:00
0 %, 987 MiB, 195 MHz, 405 MHz, 5.40 W, 30
1 %, 20 MiB, 210 MHz, 405 MHz, 21.09 W, 27
1477458, /home/ndizazzo/dev/mesh/issue1393-q4-snapshot-20260930/target/release/xtask, 550 MiB
 12:43:16 up 6 days, 20:34,  6 users,  load average: 1.06, 0.68, 0.31
2026-09-30T12:43:18-04:00
0 %, 987 MiB, 195 MHz, 405 MHz, 5.32 W, 30
0 %, 20 MiB, 210 MHz, 405 MHz, 22.09 W, 27
1477458, /home/ndizazzo/dev/mesh/issue1393-q4-snapshot-20260930/target/release/xtask, 550 MiB
 12:43:18 up 6 days, 20:34,  6 users,  load average: 1.06, 0.68, 0.31
2026-09-30T12:43:20-04:00
0 %, 1759 MiB, 2542 MHz, 13801 MHz, 61.71 W, 31
0 %, 20 MiB, 210 MHz, 405 MHz, 20.85 W, 27
1477458, /home/ndizazzo/dev/mesh/issue1393-q4-snapshot-20260930/target/release/xtask, 1322 MiB
 12:43:20 up 6 days, 20:34,  6 users,  load average: 1.06, 0.68, 0.31
2026-09-30T12:43:22-04:00
0 %, 1759 MiB, 2542 MHz, 13801 MHz, 51.74 W, 31
0 %, 20 MiB, 210 MHz, 405 MHz, 21.00 W, 27
1477458, /home/ndizazzo/dev/mesh/issue1393-q4-snapshot-20260930/target/release/xtask, 1322 MiB
 12:43:22 up 6 days, 20:34,  6 users,  load average: 1.06, 0.68, 0.31
2026-09-30T12:43:24-04:00
100 %, 1761 MiB, 2925 MHz, 13801 MHz, 63.27 W, 32
0 %, 20 MiB, 210 MHz, 405 MHz, 27.16 W, 27
1477458, /home/ndizazzo/dev/mesh/issue1393-q4-snapshot-20260930/target/release/xtask, 1324 MiB
 12:43:24 up 6 days, 20:34,  6 users,  load average: 1.06, 0.68, 0.31
2026-09-30T12:43:26-04:00
100 %, 1761 MiB, 2925 MHz, 13801 MHz, 90.69 W, 32
0 %, 20 MiB, 210 MHz, 405 MHz, 21.23 W, 27
1477458, /home/ndizazzo/dev/mesh/issue1393-q4-snapshot-20260930/target/release/xtask, 1324 MiB
 12:43:26 up 6 days, 20:34,  6 users,  load average: 1.13, 0.70, 0.32
2026-09-30T12:43:28-04:00
100 %, 1761 MiB, 2925 MHz, 13801 MHz, 91.44 W, 32
0 %, 20 MiB, 210 MHz, 405 MHz, 20.95 W, 27
1477458, /home/ndizazzo/dev/mesh/issue1393-q4-snapshot-20260930/target/release/xtask, 1324 MiB
 12:43:28 up 6 days, 20:34,  6 users,  load average: 1.13, 0.70, 0.32
2026-09-30T12:43:30-04:00
100 %, 1761 MiB, 2925 MHz, 13801 MHz, 91.26 W, 32
0 %, 20 MiB, 210 MHz, 405 MHz, 22.04 W, 27
1477458, /home/ndizazzo/dev/mesh/issue1393-q4-snapshot-20260930/target/release/xtask, 1324 MiB
 12:43:30 up 6 days, 20:34,  6 users,  load average: 1.13, 0.70, 0.32
2026-09-30T12:43:32-04:00
100 %, 1761 MiB, 2925 MHz, 13801 MHz, 91.53 W, 32
0 %, 20 MiB, 210 MHz, 405 MHz, 21.73 W, 27
1477458, /home/ndizazzo/dev/mesh/issue1393-q4-snapshot-20260930/target/release/xtask, 1324 MiB
 12:43:32 up 6 days, 20:34,  6 users,  load average: 1.20, 0.73, 0.33
2026-09-30T12:43:34-04:00
100 %, 1761 MiB, 2925 MHz, 13801 MHz, 91.50 W, 32
0 %, 20 MiB, 210 MHz, 405 MHz, 20.96 W, 27
1477458, /home/ndizazzo/dev/mesh/issue1393-q4-snapshot-20260930/target/release/xtask, 1324 MiB
 12:43:34 up 6 days, 20:34,  6 users,  load average: 1.20, 0.73, 0.33
2026-09-30T12:43:36-04:00
100 %, 1761 MiB, 2925 MHz, 13801 MHz, 91.04 W, 32
0 %, 20 MiB, 210 MHz, 405 MHz, 21.17 W, 27
1477458, /home/ndizazzo/dev/mesh/issue1393-q4-snapshot-20260930/target/release/xtask, 1324 MiB
 12:43:36 up 6 days, 20:34,  6 users,  load average: 1.35, 0.77, 0.35
2026-09-30T12:43:38-04:00
100 %, 1761 MiB, 2925 MHz, 13801 MHz, 91.25 W, 32
0 %, 20 MiB, 210 MHz, 405 MHz, 27.40 W, 27
1477458, /home/ndizazzo/dev/mesh/issue1393-q4-snapshot-20260930/target/release/xtask, 1324 MiB
 12:43:38 up 6 days, 20:34,  6 users,  load average: 1.35, 0.77, 0.35
2026-09-30T12:43:40-04:00
100 %, 1761 MiB, 2925 MHz, 13801 MHz, 91.06 W, 32
0 %, 20 MiB, 210 MHz, 405 MHz, 21.41 W, 27
1477458, /home/ndizazzo/dev/mesh/issue1393-q4-snapshot-20260930/target/release/xtask, 1324 MiB
 12:43:40 up 6 days, 20:34,  6 users,  load average: 1.40, 0.79, 0.36
2026-09-30T12:43:42-04:00
100 %, 1761 MiB, 2925 MHz, 13801 MHz, 90.81 W, 32
0 %, 20 MiB, 210 MHz, 405 MHz, 21.02 W, 27
1477458, /home/ndizazzo/dev/mesh/issue1393-q4-snapshot-20260930/target/release/xtask, 1324 MiB
 12:43:42 up 6 days, 20:34,  6 users,  load average: 1.40, 0.79, 0.36
2026-09-30T12:43:44-04:00
100 %, 1761 MiB, 2925 MHz, 13801 MHz, 91.13 W, 32
0 %, 20 MiB, 210 MHz, 405 MHz, 23.06 W, 27
1477458, /home/ndizazzo/dev/mesh/issue1393-q4-snapshot-20260930/target/release/xtask, 1324 MiB
 12:43:44 up 6 days, 20:34,  6 users,  load average: 1.40, 0.79, 0.36
2026-09-30T12:43:46-04:00
100 %, 1761 MiB, 2925 MHz, 13801 MHz, 91.15 W, 32
0 %, 20 MiB, 210 MHz, 405 MHz, 22.02 W, 27
1477458, /home/ndizazzo/dev/mesh/issue1393-q4-snapshot-20260930/target/release/xtask, 1324 MiB
 12:43:46 up 6 days, 20:34,  6 users,  load average: 1.45, 0.81, 0.36
2026-09-30T12:43:48-04:00
100 %, 1761 MiB, 2925 MHz, 13801 MHz, 90.98 W, 32
0 %, 20 MiB, 210 MHz, 405 MHz, 20.94 W, 27
1477458, /home/ndizazzo/dev/mesh/issue1393-q4-snapshot-20260930/target/release/xtask, 1324 MiB
 12:43:49 up 6 days, 20:34,  6 users,  load average: 1.45, 0.81, 0.36
2026-09-30T12:43:51-04:00
100 %, 1761 MiB, 2925 MHz, 13801 MHz, 90.78 W, 32
0 %, 20 MiB, 210 MHz, 405 MHz, 21.05 W, 27
1477458, /home/ndizazzo/dev/mesh/issue1393-q4-snapshot-20260930/target/release/xtask, 1324 MiB
 12:43:51 up 6 days, 20:34,  6 users,  load average: 1.49, 0.83, 0.37
2026-09-30T12:43:53-04:00
100 %, 1761 MiB, 2925 MHz, 13801 MHz, 90.47 W, 32
0 %, 20 MiB, 210 MHz, 405 MHz, 27.26 W, 27
1477458, /home/ndizazzo/dev/mesh/issue1393-q4-snapshot-20260930/target/release/xtask, 1324 MiB
 12:43:53 up 6 days, 20:34,  6 users,  load average: 1.49, 0.83, 0.37
2026-09-30T12:43:55-04:00
100 %, 1761 MiB, 2925 MHz, 13801 MHz, 90.65 W, 32
0 %, 20 MiB, 210 MHz, 405 MHz, 21.14 W, 27
1477458, /home/ndizazzo/dev/mesh/issue1393-q4-snapshot-20260930/target/release/xtask, 1324 MiB
 12:43:55 up 6 days, 20:34,  6 users,  load average: 1.49, 0.83, 0.37
2026-09-30T12:43:57-04:00
100 %, 1761 MiB, 2925 MHz, 13801 MHz, 90.10 W, 32
0 %, 20 MiB, 210 MHz, 405 MHz, 20.94 W, 27
1477458, /home/ndizazzo/dev/mesh/issue1393-q4-snapshot-20260930/target/release/xtask, 1324 MiB
 12:43:57 up 6 days, 20:35,  6 users,  load average: 1.53, 0.85, 0.38
2026-09-30T12:43:59-04:00
100 %, 1761 MiB, 2925 MHz, 13801 MHz, 90.59 W, 32
0 %, 20 MiB, 210 MHz, 405 MHz, 23.67 W, 27
1477458, /home/ndizazzo/dev/mesh/issue1393-q4-snapshot-20260930/target/release/xtask, 1324 MiB
 12:43:59 up 6 days, 20:35,  6 users,  load average: 1.53, 0.85, 0.38
2026-09-30T12:44:01-04:00
100 %, 1761 MiB, 2925 MHz, 13801 MHz, 90.35 W, 32
0 %, 20 MiB, 210 MHz, 405 MHz, 21.80 W, 27
1477458, /home/ndizazzo/dev/mesh/issue1393-q4-snapshot-20260930/target/release/xtask, 1324 MiB
 12:44:01 up 6 days, 20:35,  6 users,  load average: 1.57, 0.87, 0.39
2026-09-30T12:44:03-04:00
100 %, 1761 MiB, 2925 MHz, 13801 MHz, 90.68 W, 32
0 %, 20 MiB, 210 MHz, 405 MHz, 21.02 W, 27
1477458, /home/ndizazzo/dev/mesh/issue1393-q4-snapshot-20260930/target/release/xtask, 1324 MiB
 12:44:03 up 6 days, 20:35,  6 users,  load average: 1.57, 0.87, 0.39
2026-09-30T12:44:05-04:00
100 %, 1761 MiB, 2925 MHz, 13801 MHz, 90.82 W, 32
0 %, 20 MiB, 210 MHz, 405 MHz, 21.12 W, 27
1477458, /home/ndizazzo/dev/mesh/issue1393-q4-snapshot-20260930/target/release/xtask, 1324 MiB
 12:44:05 up 6 days, 20:35,  6 users,  load average: 1.57, 0.87, 0.39
2026-09-30T12:44:07-04:00
100 %, 1761 MiB, 2925 MHz, 13801 MHz, 90.78 W, 32
0 %, 20 MiB, 210 MHz, 405 MHz, 27.59 W, 27
1477458, /home/ndizazzo/dev/mesh/issue1393-q4-snapshot-20260930/target/release/xtask, 1324 MiB
 12:44:07 up 6 days, 20:35,  6 users,  load average: 1.61, 0.88, 0.40
2026-09-30T12:44:09-04:00
100 %, 1761 MiB, 2925 MHz, 13801 MHz, 91.19 W, 32
0 %, 20 MiB, 210 MHz, 405 MHz, 21.36 W, 27
1477458, /home/ndizazzo/dev/mesh/issue1393-q4-snapshot-20260930/target/release/xtask, 1324 MiB
 12:44:09 up 6 days, 20:35,  6 users,  load average: 1.61, 0.88, 0.40
2026-09-30T12:44:11-04:00
100 %, 1761 MiB, 2925 MHz, 13801 MHz, 90.86 W, 32
0 %, 20 MiB, 210 MHz, 405 MHz, 21.06 W, 27
1477458, /home/ndizazzo/dev/mesh/issue1393-q4-snapshot-20260930/target/release/xtask, 1324 MiB
 12:44:11 up 6 days, 20:35,  6 users,  load average: 1.64, 0.90, 0.41
2026-09-30T12:44:13-04:00
100 %, 1761 MiB, 2925 MHz, 13801 MHz, 90.52 W, 32
0 %, 20 MiB, 210 MHz, 405 MHz, 23.86 W, 27
1477458, /home/ndizazzo/dev/mesh/issue1393-q4-snapshot-20260930/target/release/xtask, 1324 MiB
 12:44:13 up 6 days, 20:35,  6 users,  load average: 1.64, 0.90, 0.41
2026-09-30T12:44:15-04:00
100 %, 1761 MiB, 2925 MHz, 13801 MHz, 90.74 W, 32
0 %, 20 MiB, 210 MHz, 405 MHz, 21.86 W, 27
1477458, /home/ndizazzo/dev/mesh/issue1393-q4-snapshot-20260930/target/release/xtask, 1324 MiB
 12:44:15 up 6 days, 20:35,  6 users,  load average: 1.67, 0.92, 0.42
2026-09-30T12:44:17-04:00
100 %, 1761 MiB, 2925 MHz, 13801 MHz, 90.91 W, 32
0 %, 20 MiB, 210 MHz, 405 MHz, 20.98 W, 27
1477458, /home/ndizazzo/dev/mesh/issue1393-q4-snapshot-20260930/target/release/xtask, 1324 MiB
 12:44:17 up 6 days, 20:35,  6 users,  load average: 1.67, 0.92, 0.42
2026-09-30T12:44:19-04:00
100 %, 1761 MiB, 2925 MHz, 13801 MHz, 90.66 W, 32
0 %, 20 MiB, 210 MHz, 405 MHz, 21.09 W, 27
1477458, /home/ndizazzo/dev/mesh/issue1393-q4-snapshot-20260930/target/release/xtask, 1324 MiB
 12:44:19 up 6 days, 20:35,  6 users,  load average: 1.67, 0.92, 0.42
2026-09-30T12:44:21-04:00
100 %, 1761 MiB, 2925 MHz, 13801 MHz, 90.69 W, 32
0 %, 20 MiB, 210 MHz, 405 MHz, 27.43 W, 28
1477458, /home/ndizazzo/dev/mesh/issue1393-q4-snapshot-20260930/target/release/xtask, 1324 MiB
 12:44:21 up 6 days, 20:35,  6 users,  load average: 1.69, 0.94, 0.43
2026-09-30T12:44:23-04:00
100 %, 1761 MiB, 2925 MHz, 13801 MHz, 91.43 W, 32
0 %, 20 MiB, 210 MHz, 405 MHz, 21.14 W, 27
1477458, /home/ndizazzo/dev/mesh/issue1393-q4-snapshot-20260930/target/release/xtask, 1324 MiB
 12:44:23 up 6 days, 20:35,  6 users,  load average: 1.69, 0.94, 0.43
2026-09-30T12:44:25-04:00
100 %, 1761 MiB, 2925 MHz, 13801 MHz, 90.58 W, 32
0 %, 20 MiB, 210 MHz, 405 MHz, 21.07 W, 27
1477458, /home/ndizazzo/dev/mesh/issue1393-q4-snapshot-20260930/target/release/xtask, 1324 MiB
 12:44:26 up 6 days, 20:35,  6 users,  load average: 1.72, 0.96, 0.43
2026-09-30T12:44:28-04:00
100 %, 1761 MiB, 2925 MHz, 13801 MHz, 91.25 W, 32
0 %, 20 MiB, 210 MHz, 405 MHz, 23.26 W, 28
1477458, /home/ndizazzo/dev/mesh/issue1393-q4-snapshot-20260930/target/release/xtask, 1324 MiB
 12:44:28 up 6 days, 20:35,  6 users,  load average: 1.72, 0.96, 0.43
2026-09-30T12:44:30-04:00
100 %, 1761 MiB, 2925 MHz, 13801 MHz, 90.75 W, 32
0 %, 20 MiB, 210 MHz, 405 MHz, 21.61 W, 27
1477458, /home/ndizazzo/dev/mesh/issue1393-q4-snapshot-20260930/target/release/xtask, 1324 MiB
 12:44:30 up 6 days, 20:35,  6 users,  load average: 1.72, 0.96, 0.43
2026-09-30T12:44:32-04:00
100 %, 1761 MiB, 2925 MHz, 13801 MHz, 90.56 W, 32
0 %, 20 MiB, 210 MHz, 405 MHz, 21.13 W, 27
1477458, /home/ndizazzo/dev/mesh/issue1393-q4-snapshot-20260930/target/release/xtask, 1324 MiB
 12:44:32 up 6 days, 20:35,  6 users,  load average: 1.74, 0.97, 0.44
2026-09-30T12:44:34-04:00
100 %, 1761 MiB, 2925 MHz, 13801 MHz, 90.65 W, 32
0 %, 20 MiB, 210 MHz, 405 MHz, 21.24 W, 27
1477458, /home/ndizazzo/dev/mesh/issue1393-q4-snapshot-20260930/target/release/xtask, 1324 MiB
 12:44:34 up 6 days, 20:35,  6 users,  load average: 1.74, 0.97, 0.44
2026-09-30T12:44:36-04:00
100 %, 1761 MiB, 2925 MHz, 13801 MHz, 90.66 W, 32
0 %, 20 MiB, 210 MHz, 405 MHz, 27.17 W, 28
1477458, /home/ndizazzo/dev/mesh/issue1393-q4-snapshot-20260930/target/release/xtask, 1324 MiB
 12:44:36 up 6 days, 20:35,  6 users,  load average: 1.76, 0.99, 0.45
2026-09-30T12:44:38-04:00
100 %, 1761 MiB, 2925 MHz, 13801 MHz, 91.31 W, 32
0 %, 20 MiB, 210 MHz, 405 MHz, 21.36 W, 27
1477458, /home/ndizazzo/dev/mesh/issue1393-q4-snapshot-20260930/target/release/xtask, 1324 MiB
 12:44:38 up 6 days, 20:35,  6 users,  load average: 1.76, 0.99, 0.45
2026-09-30T12:44:40-04:00
100 %, 1761 MiB, 2925 MHz, 13801 MHz, 91.72 W, 32
0 %, 20 MiB, 210 MHz, 405 MHz, 21.11 W, 27
1477458, /home/ndizazzo/dev/mesh/issue1393-q4-snapshot-20260930/target/release/xtask, 1324 MiB
 12:44:40 up 6 days, 20:35,  6 users,  load average: 1.76, 0.99, 0.45
2026-09-30T12:44:42-04:00
100 %, 1761 MiB, 2925 MHz, 13801 MHz, 90.53 W, 32
0 %, 20 MiB, 210 MHz, 405 MHz, 23.53 W, 28
1477458, /home/ndizazzo/dev/mesh/issue1393-q4-snapshot-20260930/target/release/xtask, 1324 MiB
 12:44:42 up 6 days, 20:35,  6 users,  load average: 1.78, 1.01, 0.46
2026-09-30T12:44:44-04:00
100 %, 1761 MiB, 2925 MHz, 13801 MHz, 90.68 W, 32
0 %, 20 MiB, 210 MHz, 405 MHz, 21.88 W, 28
1477458, /home/ndizazzo/dev/mesh/issue1393-q4-snapshot-20260930/target/release/xtask, 1324 MiB
 12:44:44 up 6 days, 20:35,  6 users,  load average: 1.78, 1.01, 0.46
2026-09-30T12:44:46-04:00
100 %, 1761 MiB, 2925 MHz, 13801 MHz, 91.53 W, 32
0 %, 20 MiB, 210 MHz, 405 MHz, 21.12 W, 27
1477458, /home/ndizazzo/dev/mesh/issue1393-q4-snapshot-20260930/target/release/xtask, 1324 MiB
 12:44:46 up 6 days, 20:35,  6 users,  load average: 1.80, 1.03, 0.47
2026-09-30T12:44:48-04:00
100 %, 1761 MiB, 2925 MHz, 13801 MHz, 91.23 W, 32
0 %, 20 MiB, 210 MHz, 405 MHz, 21.01 W, 27
1477458, /home/ndizazzo/dev/mesh/issue1393-q4-snapshot-20260930/target/release/xtask, 1324 MiB
 12:44:48 up 6 days, 20:35,  6 users,  load average: 1.80, 1.03, 0.47
2026-09-30T12:44:50-04:00
100 %, 1761 MiB, 2925 MHz, 13801 MHz, 91.40 W, 32
0 %, 20 MiB, 210 MHz, 405 MHz, 22.35 W, 28
1477458, /home/ndizazzo/dev/mesh/issue1393-q4-snapshot-20260930/target/release/xtask, 1324 MiB
 12:44:50 up 6 days, 20:35,  6 users,  load average: 1.82, 1.04, 0.48
2026-09-30T12:44:52-04:00
100 %, 1761 MiB, 2925 MHz, 13801 MHz, 91.66 W, 32
0 %, 20 MiB, 210 MHz, 405 MHz, 21.05 W, 27
1477458, /home/ndizazzo/dev/mesh/issue1393-q4-snapshot-20260930/target/release/xtask, 1324 MiB
 12:44:52 up 6 days, 20:35,  6 users,  load average: 1.82, 1.04, 0.48
2026-09-30T12:44:54-04:00
100 %, 1761 MiB, 2925 MHz, 13801 MHz, 91.06 W, 32
0 %, 20 MiB, 210 MHz, 405 MHz, 21.05 W, 28
1477458, /home/ndizazzo/dev/mesh/issue1393-q4-snapshot-20260930/target/release/xtask, 1324 MiB
 12:44:54 up 6 days, 20:35,  6 users,  load average: 1.82, 1.04, 0.48
2026-09-30T12:44:56-04:00
100 %, 1761 MiB, 2925 MHz, 13801 MHz, 91.80 W, 32
0 %, 20 MiB, 210 MHz, 405 MHz, 23.93 W, 28
1477458, /home/ndizazzo/dev/mesh/issue1393-q4-snapshot-20260930/target/release/xtask, 1324 MiB
 12:44:56 up 6 days, 20:35,  6 users,  load average: 1.83, 1.06, 0.49
2026-09-30T12:44:58-04:00
100 %, 1761 MiB, 2925 MHz, 13801 MHz, 92.09 W, 32
0 %, 20 MiB, 210 MHz, 405 MHz, 22.28 W, 28
1477458, /home/ndizazzo/dev/mesh/issue1393-q4-snapshot-20260930/target/release/xtask, 1324 MiB
 12:44:58 up 6 days, 20:36,  6 users,  load average: 1.83, 1.06, 0.49
2026-09-30T12:45:00-04:00
100 %, 1761 MiB, 2925 MHz, 13801 MHz, 91.83 W, 32
0 %, 20 MiB, 210 MHz, 405 MHz, 21.16 W, 28
1477458, /home/ndizazzo/dev/mesh/issue1393-q4-snapshot-20260930/target/release/xtask, 1324 MiB
 12:45:01 up 6 days, 20:36,  6 users,  load average: 1.84, 1.07, 0.49
2026-09-30T12:45:03-04:00
100 %, 1761 MiB, 2925 MHz, 13801 MHz, 92.22 W, 32
0 %, 20 MiB, 210 MHz, 405 MHz, 21.15 W, 28
1477458, /home/ndizazzo/dev/mesh/issue1393-q4-snapshot-20260930/target/release/xtask, 1324 MiB
 12:45:03 up 6 days, 20:36,  6 users,  load average: 1.84, 1.07, 0.49
2026-09-30T12:45:05-04:00
100 %, 1761 MiB, 2925 MHz, 13801 MHz, 92.08 W, 33
0 %, 20 MiB, 210 MHz, 405 MHz, 27.17 W, 28
1477458, /home/ndizazzo/dev/mesh/issue1393-q4-snapshot-20260930/target/release/xtask, 1324 MiB
 12:45:05 up 6 days, 20:36,  6 users,  load average: 1.84, 1.07, 0.49
2026-09-30T12:45:07-04:00
100 %, 1761 MiB, 2925 MHz, 13801 MHz, 92.31 W, 33
0 %, 20 MiB, 210 MHz, 405 MHz, 21.10 W, 28
1477458, /home/ndizazzo/dev/mesh/issue1393-q4-snapshot-20260930/target/release/xtask, 1324 MiB
 12:45:07 up 6 days, 20:36,  6 users,  load average: 1.94, 1.11, 0.51
2026-09-30T12:45:09-04:00
100 %, 1761 MiB, 2925 MHz, 13801 MHz, 92.10 W, 33
0 %, 20 MiB, 210 MHz, 405 MHz, 21.17 W, 28
1477458, /home/ndizazzo/dev/mesh/issue1393-q4-snapshot-20260930/target/release/xtask, 1324 MiB
 12:45:09 up 6 days, 20:36,  6 users,  load average: 1.94, 1.11, 0.51
2026-09-30T12:45:11-04:00
100 %, 1761 MiB, 2925 MHz, 13801 MHz, 91.65 W, 33
0 %, 20 MiB, 210 MHz, 405 MHz, 27.43 W, 28
1477458, /home/ndizazzo/dev/mesh/issue1393-q4-snapshot-20260930/target/release/xtask, 1324 MiB
 12:45:11 up 6 days, 20:36,  6 users,  load average: 1.94, 1.12, 0.52
2026-09-30T12:45:13-04:00
100 %, 1761 MiB, 2925 MHz, 13801 MHz, 91.58 W, 33
0 %, 20 MiB, 210 MHz, 405 MHz, 21.97 W, 28
1477458, /home/ndizazzo/dev/mesh/issue1393-q4-snapshot-20260930/target/release/xtask, 1324 MiB
 12:45:13 up 6 days, 20:36,  6 users,  load average: 1.94, 1.12, 0.52
2026-09-30T12:45:15-04:00
100 %, 1761 MiB, 2925 MHz, 13801 MHz, 91.57 W, 33
0 %, 20 MiB, 210 MHz, 405 MHz, 20.97 W, 28
1477458, /home/ndizazzo/dev/mesh/issue1393-q4-snapshot-20260930/target/release/xtask, 1324 MiB
 12:45:15 up 6 days, 20:36,  6 users,  load average: 1.94, 1.12, 0.52
2026-09-30T12:45:17-04:00
0 %, 1759 MiB, 2925 MHz, 13801 MHz, 68.31 W, 32
0 %, 20 MiB, 210 MHz, 405 MHz, 21.05 W, 28
1477458, /home/ndizazzo/dev/mesh/issue1393-q4-snapshot-20260930/target/release/xtask, 1322 MiB
 12:45:17 up 6 days, 20:36,  6 users,  load average: 1.95, 1.14, 0.52
2026-09-30T12:45:19-04:00
59 %, 1761 MiB, 2580 MHz, 13801 MHz, 55.02 W, 31
0 %, 20 MiB, 210 MHz, 405 MHz, 27.48 W, 28
1477458, /home/ndizazzo/dev/mesh/issue1393-q4-snapshot-20260930/target/release/xtask, 1324 MiB
 12:45:19 up 6 days, 20:36,  6 users,  load average: 1.95, 1.14, 0.52
2026-09-30T12:45:21-04:00
100 %, 1761 MiB, 2925 MHz, 13801 MHz, 91.97 W, 33
0 %, 20 MiB, 210 MHz, 405 MHz, 21.28 W, 28
1477458, /home/ndizazzo/dev/mesh/issue1393-q4-snapshot-20260930/target/release/xtask, 1324 MiB
 12:45:21 up 6 days, 20:36,  6 users,  load average: 1.95, 1.15, 0.53
2026-09-30T12:45:23-04:00
100 %, 1761 MiB, 2925 MHz, 13801 MHz, 92.66 W, 33
0 %, 20 MiB, 210 MHz, 405 MHz, 21.13 W, 28
1477458, /home/ndizazzo/dev/mesh/issue1393-q4-snapshot-20260930/target/release/xtask, 1324 MiB
 12:45:23 up 6 days, 20:36,  6 users,  load average: 1.95, 1.15, 0.53
2026-09-30T12:45:25-04:00
100 %, 1761 MiB, 2925 MHz, 13801 MHz, 92.30 W, 33
0 %, 20 MiB, 210 MHz, 405 MHz, 27.19 W, 28
1477458, /home/ndizazzo/dev/mesh/issue1393-q4-snapshot-20260930/target/release/xtask, 1324 MiB
 12:45:25 up 6 days, 20:36,  6 users,  load average: 1.95, 1.15, 0.53
2026-09-30T12:45:27-04:00
100 %, 1761 MiB, 2925 MHz, 13801 MHz, 92.55 W, 33
0 %, 20 MiB, 210 MHz, 405 MHz, 21.36 W, 28
1477458, /home/ndizazzo/dev/mesh/issue1393-q4-snapshot-20260930/target/release/xtask, 1324 MiB
 12:45:27 up 6 days, 20:36,  6 users,  load average: 1.96, 1.17, 0.54
2026-09-30T12:45:29-04:00
100 %, 1761 MiB, 2925 MHz, 13801 MHz, 92.54 W, 33
0 %, 20 MiB, 210 MHz, 405 MHz, 21.12 W, 28
1477458, /home/ndizazzo/dev/mesh/issue1393-q4-snapshot-20260930/target/release/xtask, 1324 MiB
 12:45:29 up 6 days, 20:36,  6 users,  load average: 1.96, 1.17, 0.54
2026-09-30T12:45:31-04:00
100 %, 1761 MiB, 2925 MHz, 13801 MHz, 92.41 W, 33
0 %, 20 MiB, 210 MHz, 405 MHz, 21.09 W, 28
1477458, /home/ndizazzo/dev/mesh/issue1393-q4-snapshot-20260930/target/release/xtask, 1324 MiB
 12:45:31 up 6 days, 20:36,  6 users,  load average: 1.96, 1.18, 0.55
2026-09-30T12:45:33-04:00
100 %, 1761 MiB, 2925 MHz, 13801 MHz, 91.83 W, 33
0 %, 20 MiB, 210 MHz, 405 MHz, 27.42 W, 28
1477458, /home/ndizazzo/dev/mesh/issue1393-q4-snapshot-20260930/target/release/xtask, 1324 MiB
 12:45:33 up 6 days, 20:36,  6 users,  load average: 1.96, 1.18, 0.55
2026-09-30T12:45:35-04:00
100 %, 1761 MiB, 2925 MHz, 13801 MHz, 91.20 W, 33
0 %, 20 MiB, 210 MHz, 405 MHz, 21.27 W, 28
1477458, /home/ndizazzo/dev/mesh/issue1393-q4-snapshot-20260930/target/release/xtask, 1324 MiB
 12:45:35 up 6 days, 20:36,  6 users,  load average: 1.96, 1.19, 0.56
2026-09-30T12:45:37-04:00
100 %, 1761 MiB, 2925 MHz, 13801 MHz, 92.06 W, 33
0 %, 20 MiB, 210 MHz, 405 MHz, 21.17 W, 28
1477458, /home/ndizazzo/dev/mesh/issue1393-q4-snapshot-20260930/target/release/xtask, 1324 MiB
 12:45:38 up 6 days, 20:36,  6 users,  load average: 1.96, 1.19, 0.56
2026-09-30T12:45:40-04:00
100 %, 1761 MiB, 2925 MHz, 13801 MHz, 92.06 W, 33
0 %, 20 MiB, 210 MHz, 405 MHz, 23.96 W, 28
1477458, /home/ndizazzo/dev/mesh/issue1393-q4-snapshot-20260930/target/release/xtask, 1324 MiB
 12:45:40 up 6 days, 20:36,  6 users,  load average: 1.96, 1.19, 0.56
2026-09-30T12:45:42-04:00
100 %, 1761 MiB, 2925 MHz, 13801 MHz, 91.81 W, 33
0 %, 20 MiB, 210 MHz, 405 MHz, 21.43 W, 28
1477458, /home/ndizazzo/dev/mesh/issue1393-q4-snapshot-20260930/target/release/xtask, 1324 MiB
 12:45:42 up 6 days, 20:36,  6 users,  load average: 1.97, 1.21, 0.57
2026-09-30T12:45:44-04:00
100 %, 1761 MiB, 2925 MHz, 13801 MHz, 91.93 W, 33
0 %, 20 MiB, 210 MHz, 405 MHz, 21.07 W, 28
1477458, /home/ndizazzo/dev/mesh/issue1393-q4-snapshot-20260930/target/release/xtask, 1324 MiB
 12:45:44 up 6 days, 20:36,  6 users,  load average: 1.97, 1.21, 0.57
2026-09-30T12:45:46-04:00
100 %, 1761 MiB, 2925 MHz, 13801 MHz, 91.54 W, 33
0 %, 20 MiB, 210 MHz, 405 MHz, 21.42 W, 28
1477458, /home/ndizazzo/dev/mesh/issue1393-q4-snapshot-20260930/target/release/xtask, 1324 MiB
 12:45:46 up 6 days, 20:36,  6 users,  load average: 1.97, 1.22, 0.57
2026-09-30T12:45:48-04:00
100 %, 1761 MiB, 2925 MHz, 13801 MHz, 91.67 W, 33
0 %, 20 MiB, 210 MHz, 405 MHz, 22.04 W, 28
1477458, /home/ndizazzo/dev/mesh/issue1393-q4-snapshot-20260930/target/release/xtask, 1324 MiB
 12:45:48 up 6 days, 20:36,  6 users,  load average: 1.97, 1.22, 0.57
2026-09-30T12:45:50-04:00
100 %, 1761 MiB, 2925 MHz, 13801 MHz, 91.81 W, 33
0 %, 20 MiB, 210 MHz, 405 MHz, 21.04 W, 28
1477458, /home/ndizazzo/dev/mesh/issue1393-q4-snapshot-20260930/target/release/xtask, 1324 MiB
 12:45:50 up 6 days, 20:36,  6 users,  load average: 1.97, 1.22, 0.57
2026-09-30T12:45:52-04:00
100 %, 1761 MiB, 2925 MHz, 13801 MHz, 91.54 W, 33
0 %, 20 MiB, 210 MHz, 405 MHz, 21.14 W, 28
1477458, /home/ndizazzo/dev/mesh/issue1393-q4-snapshot-20260930/target/release/xtask, 1324 MiB
 12:45:52 up 6 days, 20:36,  6 users,  load average: 1.97, 1.23, 0.58
2026-09-30T12:45:54-04:00
100 %, 1761 MiB, 2925 MHz, 13801 MHz, 92.58 W, 33
0 %, 20 MiB, 210 MHz, 405 MHz, 27.31 W, 28
1477458, /home/ndizazzo/dev/mesh/issue1393-q4-snapshot-20260930/target/release/xtask, 1324 MiB
 12:45:54 up 6 days, 20:36,  6 users,  load average: 1.97, 1.23, 0.58
2026-09-30T12:45:56-04:00
100 %, 1761 MiB, 2925 MHz, 13801 MHz, 92.23 W, 33
0 %, 20 MiB, 210 MHz, 405 MHz, 21.92 W, 28
1477458, /home/ndizazzo/dev/mesh/issue1393-q4-snapshot-20260930/target/release/xtask, 1324 MiB
 12:45:56 up 6 days, 20:36,  6 users,  load average: 1.97, 1.25, 0.59
2026-09-30T12:45:58-04:00
100 %, 1761 MiB, 2925 MHz, 13801 MHz, 92.13 W, 33
0 %, 20 MiB, 210 MHz, 405 MHz, 21.08 W, 28
1477458, /home/ndizazzo/dev/mesh/issue1393-q4-snapshot-20260930/target/release/xtask, 1324 MiB
 12:45:58 up 6 days, 20:37,  6 users,  load average: 1.97, 1.25, 0.59
2026-09-30T12:46:00-04:00
100 %, 1761 MiB, 2925 MHz, 13801 MHz, 91.46 W, 33
0 %, 20 MiB, 210 MHz, 405 MHz, 22.33 W, 28
1477458, /home/ndizazzo/dev/mesh/issue1393-q4-snapshot-20260930/target/release/xtask, 1324 MiB
 12:46:00 up 6 days, 20:37,  6 users,  load average: 1.97, 1.25, 0.59
2026-09-30T12:46:02-04:00
100 %, 1761 MiB, 2925 MHz, 13801 MHz, 92.05 W, 33
0 %, 20 MiB, 210 MHz, 405 MHz, 22.36 W, 28
1477458, /home/ndizazzo/dev/mesh/issue1393-q4-snapshot-20260930/target/release/xtask, 1324 MiB
 12:46:02 up 6 days, 20:37,  6 users,  load average: 1.98, 1.26, 0.60
2026-09-30T12:46:04-04:00
100 %, 1761 MiB, 2925 MHz, 13801 MHz, 92.44 W, 33
0 %, 20 MiB, 210 MHz, 405 MHz, 21.01 W, 28
1477458, /home/ndizazzo/dev/mesh/issue1393-q4-snapshot-20260930/target/release/xtask, 1324 MiB
 12:46:04 up 6 days, 20:37,  6 users,  load average: 1.98, 1.26, 0.60
2026-09-30T12:46:06-04:00
100 %, 1761 MiB, 2925 MHz, 13801 MHz, 92.05 W, 33
0 %, 20 MiB, 210 MHz, 405 MHz, 21.04 W, 28
1477458, /home/ndizazzo/dev/mesh/issue1393-q4-snapshot-20260930/target/release/xtask, 1324 MiB
 12:46:06 up 6 days, 20:37,  6 users,  load average: 1.98, 1.27, 0.60
2026-09-30T12:46:08-04:00
100 %, 1761 MiB, 2925 MHz, 13801 MHz, 92.28 W, 33
0 %, 20 MiB, 210 MHz, 405 MHz, 27.02 W, 28
1477458, /home/ndizazzo/dev/mesh/issue1393-q4-snapshot-20260930/target/release/xtask, 1324 MiB
 12:46:08 up 6 days, 20:37,  6 users,  load average: 1.98, 1.27, 0.60
2026-09-30T12:46:10-04:00
100 %, 1761 MiB, 2925 MHz, 13801 MHz, 91.67 W, 33
0 %, 20 MiB, 210 MHz, 405 MHz, 21.19 W, 28
1477458, /home/ndizazzo/dev/mesh/issue1393-q4-snapshot-20260930/target/release/xtask, 1324 MiB
 12:46:10 up 6 days, 20:37,  6 users,  load average: 1.98, 1.28, 0.61
2026-09-30T12:46:12-04:00
100 %, 1761 MiB, 2925 MHz, 13801 MHz, 92.04 W, 33
0 %, 20 MiB, 210 MHz, 405 MHz, 20.96 W, 28
1477458, /home/ndizazzo/dev/mesh/issue1393-q4-snapshot-20260930/target/release/xtask, 1324 MiB
 12:46:12 up 6 days, 20:37,  6 users,  load average: 1.98, 1.28, 0.61
2026-09-30T12:46:14-04:00
100 %, 1761 MiB, 2925 MHz, 13801 MHz, 91.62 W, 33
0 %, 20 MiB, 210 MHz, 405 MHz, 20.88 W, 28
1477458, /home/ndizazzo/dev/mesh/issue1393-q4-snapshot-20260930/target/release/xtask, 1324 MiB
 12:46:15 up 6 days, 20:37,  6 users,  load average: 1.98, 1.28, 0.61
2026-09-30T12:46:17-04:00
100 %, 1761 MiB, 2925 MHz, 13801 MHz, 91.50 W, 33
0 %, 20 MiB, 210 MHz, 405 MHz, 27.12 W, 28
1477458, /home/ndizazzo/dev/mesh/issue1393-q4-snapshot-20260930/target/release/xtask, 1324 MiB
 12:46:17 up 6 days, 20:37,  6 users,  load average: 1.98, 1.30, 0.62
2026-09-30T12:46:19-04:00
100 %, 1761 MiB, 2925 MHz, 13801 MHz, 92.14 W, 33
0 %, 20 MiB, 210 MHz, 405 MHz, 20.82 W, 28
1477458, /home/ndizazzo/dev/mesh/issue1393-q4-snapshot-20260930/target/release/xtask, 1324 MiB
 12:46:19 up 6 days, 20:37,  6 users,  load average: 1.98, 1.30, 0.62
2026-09-30T12:46:21-04:00
100 %, 1761 MiB, 2925 MHz, 13801 MHz, 91.96 W, 33
0 %, 20 MiB, 210 MHz, 405 MHz, 21.01 W, 28
1477458, /home/ndizazzo/dev/mesh/issue1393-q4-snapshot-20260930/target/release/xtask, 1324 MiB
 12:46:21 up 6 days, 20:37,  6 users,  load average: 1.98, 1.31, 0.63
2026-09-30T12:46:23-04:00
100 %, 1761 MiB, 2925 MHz, 13801 MHz, 91.67 W, 33
0 %, 20 MiB, 210 MHz, 405 MHz, 27.38 W, 28
1477458, /home/ndizazzo/dev/mesh/issue1393-q4-snapshot-20260930/target/release/xtask, 1324 MiB
 12:46:23 up 6 days, 20:37,  6 users,  load average: 1.98, 1.31, 0.63
2026-09-30T12:46:25-04:00
100 %, 1761 MiB, 2925 MHz, 13801 MHz, 92.61 W, 33
0 %, 20 MiB, 210 MHz, 405 MHz, 21.05 W, 28
1477458, /home/ndizazzo/dev/mesh/issue1393-q4-snapshot-20260930/target/release/xtask, 1324 MiB
 12:46:25 up 6 days, 20:37,  6 users,  load average: 1.98, 1.31, 0.63
2026-09-30T12:46:27-04:00
100 %, 1761 MiB, 2925 MHz, 13801 MHz, 92.04 W, 33
0 %, 20 MiB, 210 MHz, 405 MHz, 20.98 W, 28
1477458, /home/ndizazzo/dev/mesh/issue1393-q4-snapshot-20260930/target/release/xtask, 1324 MiB
 12:46:27 up 6 days, 20:37,  6 users,  load average: 1.99, 1.32, 0.64
2026-09-30T12:46:29-04:00
100 %, 1761 MiB, 2925 MHz, 13801 MHz, 91.65 W, 33
1 %, 20 MiB, 210 MHz, 405 MHz, 21.31 W, 28
1477458, /home/ndizazzo/dev/mesh/issue1393-q4-snapshot-20260930/target/release/xtask, 1324 MiB
 12:46:29 up 6 days, 20:37,  6 users,  load average: 1.99, 1.32, 0.64
2026-09-30T12:46:31-04:00
100 %, 1761 MiB, 2925 MHz, 13801 MHz, 91.72 W, 33
0 %, 20 MiB, 210 MHz, 405 MHz, 22.24 W, 28
1477458, /home/ndizazzo/dev/mesh/issue1393-q4-snapshot-20260930/target/release/xtask, 1324 MiB
 12:46:31 up 6 days, 20:37,  6 users,  load average: 1.99, 1.33, 0.64
2026-09-30T12:46:33-04:00
100 %, 1761 MiB, 2925 MHz, 13801 MHz, 91.79 W, 33
0 %, 20 MiB, 210 MHz, 405 MHz, 21.00 W, 28
1477458, /home/ndizazzo/dev/mesh/issue1393-q4-snapshot-20260930/target/release/xtask, 1324 MiB
 12:46:33 up 6 days, 20:37,  6 users,  load average: 1.99, 1.33, 0.64
2026-09-30T12:46:35-04:00
100 %, 1761 MiB, 2925 MHz, 13801 MHz, 91.55 W, 33
0 %, 20 MiB, 210 MHz, 405 MHz, 21.00 W, 28
1477458, /home/ndizazzo/dev/mesh/issue1393-q4-snapshot-20260930/target/release/xtask, 1324 MiB
 12:46:35 up 6 days, 20:37,  6 users,  load average: 1.99, 1.33, 0.64
2026-09-30T12:46:37-04:00
100 %, 1761 MiB, 2925 MHz, 13801 MHz, 91.47 W, 33
0 %, 20 MiB, 210 MHz, 405 MHz, 27.00 W, 28
1477458, /home/ndizazzo/dev/mesh/issue1393-q4-snapshot-20260930/target/release/xtask, 1324 MiB
 12:46:37 up 6 days, 20:37,  6 users,  load average: 1.99, 1.34, 0.65
2026-09-30T12:46:39-04:00
100 %, 1761 MiB, 2925 MHz, 13801 MHz, 91.86 W, 33
0 %, 20 MiB, 210 MHz, 405 MHz, 21.08 W, 28
1477458, /home/ndizazzo/dev/mesh/issue1393-q4-snapshot-20260930/target/release/xtask, 1324 MiB
 12:46:39 up 6 days, 20:37,  6 users,  load average: 1.99, 1.34, 0.65
2026-09-30T12:46:41-04:00
100 %, 1761 MiB, 2925 MHz, 13801 MHz, 91.51 W, 33
0 %, 20 MiB, 210 MHz, 405 MHz, 20.86 W, 28
1477458, /home/ndizazzo/dev/mesh/issue1393-q4-snapshot-20260930/target/release/xtask, 1324 MiB
 12:46:41 up 6 days, 20:37,  6 users,  load average: 1.99, 1.35, 0.66
2026-09-30T12:46:43-04:00
100 %, 1761 MiB, 2925 MHz, 13801 MHz, 91.42 W, 33
0 %, 20 MiB, 210 MHz, 405 MHz, 22.06 W, 28
1477458, /home/ndizazzo/dev/mesh/issue1393-q4-snapshot-20260930/target/release/xtask, 1324 MiB
 12:46:43 up 6 days, 20:37,  6 users,  load average: 1.99, 1.35, 0.66
2026-09-30T12:46:45-04:00
100 %, 1761 MiB, 2925 MHz, 13801 MHz, 91.72 W, 33
0 %, 20 MiB, 210 MHz, 405 MHz, 21.63 W, 28
1477458, /home/ndizazzo/dev/mesh/issue1393-q4-snapshot-20260930/target/release/xtask, 1324 MiB
 12:46:45 up 6 days, 20:37,  6 users,  load average: 1.99, 1.36, 0.67
2026-09-30T12:46:47-04:00
100 %, 1761 MiB, 2925 MHz, 13801 MHz, 91.91 W, 33
0 %, 20 MiB, 210 MHz, 405 MHz, 20.84 W, 28
1477458, /home/ndizazzo/dev/mesh/issue1393-q4-snapshot-20260930/target/release/xtask, 1324 MiB
 12:46:47 up 6 days, 20:37,  6 users,  load average: 1.99, 1.36, 0.67
2026-09-30T12:46:49-04:00
100 %, 1761 MiB, 2925 MHz, 13801 MHz, 92.29 W, 33
0 %, 20 MiB, 210 MHz, 405 MHz, 20.92 W, 28
1477458, /home/ndizazzo/dev/mesh/issue1393-q4-snapshot-20260930/target/release/xtask, 1324 MiB
 12:46:50 up 6 days, 20:37,  6 users,  load average: 1.99, 1.36, 0.67
2026-09-30T12:46:52-04:00
100 %, 1761 MiB, 2925 MHz, 13801 MHz, 92.15 W, 33
0 %, 20 MiB, 210 MHz, 405 MHz, 27.22 W, 28
1477458, /home/ndizazzo/dev/mesh/issue1393-q4-snapshot-20260930/target/release/xtask, 1324 MiB
 12:46:52 up 6 days, 20:37,  6 users,  load average: 1.99, 1.38, 0.67
2026-09-30T12:46:54-04:00
100 %, 1761 MiB, 2925 MHz, 13801 MHz, 91.51 W, 33
0 %, 20 MiB, 210 MHz, 405 MHz, 21.16 W, 28
1477458, /home/ndizazzo/dev/mesh/issue1393-q4-snapshot-20260930/target/release/xtask, 1324 MiB
 12:46:54 up 6 days, 20:37,  6 users,  load average: 1.99, 1.38, 0.67
2026-09-30T12:46:56-04:00
100 %, 1761 MiB, 2925 MHz, 13801 MHz, 92.41 W, 33
0 %, 20 MiB, 210 MHz, 405 MHz, 20.82 W, 28
1477458, /home/ndizazzo/dev/mesh/issue1393-q4-snapshot-20260930/target/release/xtask, 1324 MiB
 12:46:56 up 6 days, 20:37,  6 users,  load average: 1.99, 1.39, 0.68
2026-09-30T12:46:58-04:00
100 %, 1761 MiB, 2925 MHz, 13801 MHz, 91.97 W, 33
0 %, 20 MiB, 210 MHz, 405 MHz, 22.63 W, 28
1477458, /home/ndizazzo/dev/mesh/issue1393-q4-snapshot-20260930/target/release/xtask, 1324 MiB
 12:46:58 up 6 days, 20:38,  6 users,  load average: 1.99, 1.39, 0.68
2026-09-30T12:47:00-04:00
100 %, 1761 MiB, 2925 MHz, 13801 MHz, 92.06 W, 33
0 %, 20 MiB, 210 MHz, 405 MHz, 21.93 W, 28
1477458, /home/ndizazzo/dev/mesh/issue1393-q4-snapshot-20260930/target/release/xtask, 1324 MiB
 12:47:00 up 6 days, 20:38,  6 users,  load average: 1.99, 1.39, 0.68
2026-09-30T12:47:02-04:00
100 %, 1761 MiB, 2925 MHz, 13801 MHz, 91.56 W, 33
0 %, 20 MiB, 210 MHz, 405 MHz, 20.90 W, 28
1477458, /home/ndizazzo/dev/mesh/issue1393-q4-snapshot-20260930/target/release/xtask, 1324 MiB
 12:47:02 up 6 days, 20:38,  6 users,  load average: 1.99, 1.40, 0.69
2026-09-30T12:47:04-04:00
100 %, 1761 MiB, 2925 MHz, 13801 MHz, 92.10 W, 33
0 %, 20 MiB, 210 MHz, 405 MHz, 20.93 W, 28
1477458, /home/ndizazzo/dev/mesh/issue1393-q4-snapshot-20260930/target/release/xtask, 1324 MiB
 12:47:04 up 6 days, 20:38,  6 users,  load average: 1.99, 1.40, 0.69
2026-09-30T12:47:06-04:00
100 %, 1761 MiB, 2925 MHz, 13801 MHz, 92.30 W, 33
0 %, 20 MiB, 210 MHz, 405 MHz, 27.19 W, 28
1477458, /home/ndizazzo/dev/mesh/issue1393-q4-snapshot-20260930/target/release/xtask, 1324 MiB
 12:47:06 up 6 days, 20:38,  6 users,  load average: 1.99, 1.41, 0.69
2026-09-30T12:47:08-04:00
100 %, 1761 MiB, 2925 MHz, 13801 MHz, 91.97 W, 33
0 %, 20 MiB, 210 MHz, 405 MHz, 21.07 W, 28
1477458, /home/ndizazzo/dev/mesh/issue1393-q4-snapshot-20260930/target/release/xtask, 1324 MiB
 12:47:08 up 6 days, 20:38,  6 users,  load average: 1.99, 1.41, 0.69
2026-09-30T12:47:10-04:00
100 %, 1761 MiB, 2925 MHz, 13801 MHz, 92.00 W, 33
0 %, 20 MiB, 210 MHz, 405 MHz, 20.98 W, 28
1477458, /home/ndizazzo/dev/mesh/issue1393-q4-snapshot-20260930/target/release/xtask, 1324 MiB
 12:47:10 up 6 days, 20:38,  6 users,  load average: 1.99, 1.41, 0.69
2026-09-30T12:47:12-04:00
0 %, 1021 MiB, 2925 MHz, 13801 MHz, 71.33 W, 32
0 %, 20 MiB, 690 MHz, 810 MHz, 24.47 W, 28
1479333, /home/ndizazzo/dev/mesh/issue1393-q4-snapshot-20260930/target/release/xtask, 584 MiB
 12:47:12 up 6 days, 20:38,  6 users,  load average: 2.00, 1.42, 0.70
2026-09-30T12:47:14-04:00
0 %, 1021 MiB, 2542 MHz, 13801 MHz, 52.38 W, 32
0 %, 20 MiB, 210 MHz, 405 MHz, 23.81 W, 28
1479333, /home/ndizazzo/dev/mesh/issue1393-q4-snapshot-20260930/target/release/xtask, 584 MiB
 12:47:14 up 6 days, 20:38,  6 users,  load average: 2.00, 1.42, 0.70
2026-09-30T12:47:16-04:00
0 %, 1021 MiB, 2542 MHz, 13801 MHz, 51.65 W, 32
0 %, 20 MiB, 210 MHz, 405 MHz, 20.77 W, 28
1479333, /home/ndizazzo/dev/mesh/issue1393-q4-snapshot-20260930/target/release/xtask, 584 MiB
 12:47:16 up 6 days, 20:38,  6 users,  load average: 1.91, 1.41, 0.70
2026-09-30T12:47:18-04:00
0 %, 1021 MiB, 2542 MHz, 13801 MHz, 52.10 W, 32
0 %, 20 MiB, 210 MHz, 405 MHz, 20.83 W, 28
1479333, /home/ndizazzo/dev/mesh/issue1393-q4-snapshot-20260930/target/release/xtask, 584 MiB
 12:47:18 up 6 days, 20:38,  6 users,  load average: 1.91, 1.41, 0.70
2026-09-30T12:47:20-04:00
0 %, 1021 MiB, 2542 MHz, 13801 MHz, 51.73 W, 32
0 %, 20 MiB, 210 MHz, 405 MHz, 27.41 W, 28
1479333, /home/ndizazzo/dev/mesh/issue1393-q4-snapshot-20260930/target/release/xtask, 584 MiB
 12:47:20 up 6 days, 20:38,  6 users,  load average: 1.84, 1.40, 0.71
2026-09-30T12:47:22-04:00
0 %, 1021 MiB, 2542 MHz, 13801 MHz, 52.66 W, 32
0 %, 20 MiB, 210 MHz, 405 MHz, 21.06 W, 28
1479333, /home/ndizazzo/dev/mesh/issue1393-q4-snapshot-20260930/target/release/xtask, 584 MiB
 12:47:22 up 6 days, 20:38,  6 users,  load average: 1.84, 1.40, 0.71
2026-09-30T12:47:24-04:00
0 %, 1021 MiB, 2542 MHz, 13801 MHz, 52.15 W, 32
0 %, 20 MiB, 210 MHz, 405 MHz, 20.73 W, 28
1479333, /home/ndizazzo/dev/mesh/issue1393-q4-snapshot-20260930/target/release/xtask, 584 MiB
 12:47:24 up 6 days, 20:38,  6 users,  load average: 1.84, 1.40, 0.71
2026-09-30T12:47:26-04:00
0 %, 1021 MiB, 2542 MHz, 13801 MHz, 52.15 W, 32
0 %, 20 MiB, 210 MHz, 405 MHz, 22.29 W, 28
1479333, /home/ndizazzo/dev/mesh/issue1393-q4-snapshot-20260930/target/release/xtask, 584 MiB
 12:47:27 up 6 days, 20:38,  6 users,  load average: 1.77, 1.40, 0.71
2026-09-30T12:47:29-04:00
0 %, 1021 MiB, 1912 MHz, 810 MHz, 48.97 W, 31
0 %, 20 MiB, 210 MHz, 405 MHz, 21.69 W, 28
1479333, /home/ndizazzo/dev/mesh/issue1393-q4-snapshot-20260930/target/release/xtask, 584 MiB
 12:47:29 up 6 days, 20:38,  6 users,  load average: 1.77, 1.40, 0.71
2026-09-30T12:47:31-04:00
0 %, 1021 MiB, 195 MHz, 405 MHz, 6.20 W, 31
0 %, 20 MiB, 210 MHz, 405 MHz, 20.73 W, 28
1479333, /home/ndizazzo/dev/mesh/issue1393-q4-snapshot-20260930/target/release/xtask, 584 MiB
 12:47:31 up 6 days, 20:38,  6 users,  load average: 1.79, 1.41, 0.72
2026-09-30T12:47:33-04:00
0 %, 1021 MiB, 195 MHz, 405 MHz, 5.24 W, 31
0 %, 20 MiB, 210 MHz, 405 MHz, 20.78 W, 28
1479333, /home/ndizazzo/dev/mesh/issue1393-q4-snapshot-20260930/target/release/xtask, 584 MiB
 12:47:33 up 6 days, 20:38,  6 users,  load average: 1.79, 1.41, 0.72
2026-09-30T12:47:35-04:00
0 %, 1021 MiB, 195 MHz, 405 MHz, 5.67 W, 31
0 %, 20 MiB, 210 MHz, 405 MHz, 27.50 W, 28
1479333, /home/ndizazzo/dev/mesh/issue1393-q4-snapshot-20260930/target/release/xtask, 584 MiB
 12:47:35 up 6 days, 20:38,  6 users,  load average: 1.79, 1.41, 0.72
2026-09-30T12:47:37-04:00
0 %, 1021 MiB, 195 MHz, 405 MHz, 5.95 W, 31
0 %, 20 MiB, 210 MHz, 405 MHz, 20.86 W, 28
1479333, /home/ndizazzo/dev/mesh/issue1393-q4-snapshot-20260930/target/release/xtask, 584 MiB
 12:47:37 up 6 days, 20:38,  6 users,  load average: 1.73, 1.40, 0.72
2026-09-30T12:47:39-04:00
0 %, 1021 MiB, 195 MHz, 405 MHz, 5.44 W, 31
0 %, 20 MiB, 210 MHz, 405 MHz, 20.76 W, 28
1479333, /home/ndizazzo/dev/mesh/issue1393-q4-snapshot-20260930/target/release/xtask, 584 MiB
 12:47:39 up 6 days, 20:38,  6 users,  load average: 1.73, 1.40, 0.72
2026-09-30T12:47:41-04:00
0 %, 1021 MiB, 195 MHz, 405 MHz, 5.61 W, 31
0 %, 20 MiB, 210 MHz, 405 MHz, 22.97 W, 28
1479333, /home/ndizazzo/dev/mesh/issue1393-q4-snapshot-20260930/target/release/xtask, 584 MiB
 12:47:41 up 6 days, 20:38,  6 users,  load average: 1.67, 1.39, 0.72
2026-09-30T12:47:43-04:00
0 %, 1021 MiB, 195 MHz, 405 MHz, 5.88 W, 31
0 %, 20 MiB, 210 MHz, 405 MHz, 22.00 W, 28
1479333, /home/ndizazzo/dev/mesh/issue1393-q4-snapshot-20260930/target/release/xtask, 584 MiB
 12:47:43 up 6 days, 20:38,  6 users,  load average: 1.67, 1.39, 0.72
2026-09-30T12:47:45-04:00
0 %, 1021 MiB, 195 MHz, 405 MHz, 5.36 W, 31
0 %, 20 MiB, 210 MHz, 405 MHz, 20.71 W, 28
1479333, /home/ndizazzo/dev/mesh/issue1393-q4-snapshot-20260930/target/release/xtask, 584 MiB
 12:47:45 up 6 days, 20:38,  6 users,  load average: 1.67, 1.39, 0.72
2026-09-30T12:47:47-04:00
0 %, 1021 MiB, 195 MHz, 405 MHz, 5.47 W, 31
0 %, 20 MiB, 210 MHz, 405 MHz, 20.74 W, 28
1479333, /home/ndizazzo/dev/mesh/issue1393-q4-snapshot-20260930/target/release/xtask, 584 MiB
 12:47:47 up 6 days, 20:38,  6 users,  load average: 1.62, 1.39, 0.72
2026-09-30T12:47:49-04:00
0 %, 1021 MiB, 195 MHz, 405 MHz, 5.61 W, 31
0 %, 20 MiB, 210 MHz, 405 MHz, 27.15 W, 28
1479333, /home/ndizazzo/dev/mesh/issue1393-q4-snapshot-20260930/target/release/xtask, 584 MiB
 12:47:49 up 6 days, 20:38,  6 users,  load average: 1.62, 1.39, 0.72
2026-09-30T12:47:51-04:00
0 %, 1021 MiB, 195 MHz, 405 MHz, 5.64 W, 31
0 %, 20 MiB, 210 MHz, 405 MHz, 20.94 W, 28
1479333, /home/ndizazzo/dev/mesh/issue1393-q4-snapshot-20260930/target/release/xtask, 584 MiB
 12:47:51 up 6 days, 20:38,  6 users,  load average: 1.57, 1.38, 0.72
2026-09-30T12:47:53-04:00
0 %, 1021 MiB, 195 MHz, 405 MHz, 5.42 W, 31
0 %, 20 MiB, 210 MHz, 405 MHz, 20.78 W, 28
1479333, /home/ndizazzo/dev/mesh/issue1393-q4-snapshot-20260930/target/release/xtask, 584 MiB
 12:47:53 up 6 days, 20:38,  6 users,  load average: 1.57, 1.38, 0.72
2026-09-30T12:47:55-04:00
0 %, 1021 MiB, 195 MHz, 405 MHz, 5.38 W, 31
0 %, 20 MiB, 210 MHz, 405 MHz, 23.24 W, 28
1479333, /home/ndizazzo/dev/mesh/issue1393-q4-snapshot-20260930/target/release/xtask, 584 MiB
 12:47:56 up 6 days, 20:38,  6 users,  load average: 1.52, 1.37, 0.72
2026-09-30T12:47:58-04:00
0 %, 1021 MiB, 195 MHz, 405 MHz, 5.15 W, 31
0 %, 20 MiB, 210 MHz, 405 MHz, 21.59 W, 28
1479333, /home/ndizazzo/dev/mesh/issue1393-q4-snapshot-20260930/target/release/xtask, 584 MiB
 12:47:58 up 6 days, 20:39,  6 users,  load average: 1.52, 1.37, 0.72
2026-09-30T12:48:00-04:00
0 %, 1021 MiB, 195 MHz, 405 MHz, 5.42 W, 31
0 %, 20 MiB, 210 MHz, 405 MHz, 20.82 W, 28
1479333, /home/ndizazzo/dev/mesh/issue1393-q4-snapshot-20260930/target/release/xtask, 584 MiB
 12:48:00 up 6 days, 20:39,  6 users,  load average: 1.52, 1.37, 0.72
2026-09-30T12:48:02-04:00
0 %, 1021 MiB, 195 MHz, 405 MHz, 5.41 W, 31
0 %, 20 MiB, 210 MHz, 405 MHz, 20.80 W, 28
1479333, /home/ndizazzo/dev/mesh/issue1393-q4-snapshot-20260930/target/release/xtask, 584 MiB
 12:48:02 up 6 days, 20:39,  6 users,  load average: 1.48, 1.37, 0.73
2026-09-30T12:48:04-04:00
0 %, 1021 MiB, 195 MHz, 405 MHz, 5.14 W, 31
0 %, 20 MiB, 210 MHz, 405 MHz, 21.99 W, 28
1479333, /home/ndizazzo/dev/mesh/issue1393-q4-snapshot-20260930/target/release/xtask, 584 MiB
 12:48:04 up 6 days, 20:39,  6 users,  load average: 1.48, 1.37, 0.73
2026-09-30T12:48:06-04:00
2 %, 1793 MiB, 2872 MHz, 13801 MHz, 33.93 W, 32
0 %, 20 MiB, 210 MHz, 405 MHz, 20.80 W, 28
1479333, /home/ndizazzo/dev/mesh/issue1393-q4-snapshot-20260930/target/release/xtask, 1356 MiB
 12:48:06 up 6 days, 20:39,  6 users,  load average: 1.44, 1.36, 0.73
2026-09-30T12:48:08-04:00
0 %, 1793 MiB, 2542 MHz, 13801 MHz, 51.53 W, 32
0 %, 20 MiB, 210 MHz, 405 MHz, 20.99 W, 28
1479333, /home/ndizazzo/dev/mesh/issue1393-q4-snapshot-20260930/target/release/xtask, 1356 MiB
 12:48:08 up 6 days, 20:39,  6 users,  load average: 1.44, 1.36, 0.73
2026-09-30T12:48:10-04:00
0 %, 1793 MiB, 2542 MHz, 13801 MHz, 52.04 W, 32
0 %, 20 MiB, 210 MHz, 405 MHz, 23.79 W, 28
1479333, /home/ndizazzo/dev/mesh/issue1393-q4-snapshot-20260930/target/release/xtask, 1356 MiB
 12:48:10 up 6 days, 20:39,  6 users,  load average: 1.44, 1.36, 0.73
2026-09-30T12:48:12-04:00
0 %, 1793 MiB, 2542 MHz, 13801 MHz, 51.80 W, 32
0 %, 20 MiB, 210 MHz, 405 MHz, 22.05 W, 29
1479333, /home/ndizazzo/dev/mesh/issue1393-q4-snapshot-20260930/target/release/xtask, 1356 MiB
 12:48:12 up 6 days, 20:39,  6 users,  load average: 1.41, 1.35, 0.73
