gate                                               value       threshold  status
NLL increase overall                         -0.00535216  <=       0.005  PASS
NLL increase chinese_reference               -0.00802046  <=        0.01  PASS
NLL increase english_long_form                 -0.004007  <=        0.01  PASS
NLL increase english_reference               -0.00366643  <=        0.01  PASS
NLL increase ninfer_code                     -0.00334623  <=        0.01  PASS
Top-1 agreement overall                         0.921875  >=        0.98  FAIL
Mean KL overall                                 0.017493  <=        0.02  PASS
99.9th pct KL overall                           0.411751  <=         1.0  PASS
Mean KL chinese_reference                      0.0226952  <=        0.02  FAIL
99.9th pct KL chinese_reference                 0.521147  <=         1.0  PASS
Mean KL english_long_form                      0.0208923  <=        0.02  FAIL
99.9th pct KL english_long_form                 0.411751  <=         1.0  PASS
Mean KL english_reference                       0.014333  <=        0.02  PASS
99.9th pct KL english_reference                 0.274824  <=         1.0  PASS
Mean KL ninfer_code                            0.0120514  <=        0.02  PASS
99.9th pct KL ninfer_code                       0.205797  <=         1.0  PASS
Score-record repeatability                          True  ==        True  PASS
Full-logit determinism                              True  ==        True  PASS
verdict: FAIL
