gate                                               value       threshold  status
NLL increase overall                                   0  <=       0.005  PASS
NLL increase chinese_reference                         0  <=        0.01  PASS
NLL increase english_long_form                         0  <=        0.01  PASS
NLL increase english_reference                         0  <=        0.01  PASS
NLL increase ninfer_code                               0  <=        0.01  PASS
Top-1 agreement overall                                1  >=        0.98  PASS
Mean KL overall                                        0  <=        0.02  PASS
99.9th pct KL overall                                  0  <=         1.0  PASS
Mean KL chinese_reference                              0  <=        0.02  PASS
99.9th pct KL chinese_reference                        0  <=         1.0  PASS
Mean KL english_long_form                              0  <=        0.02  PASS
99.9th pct KL english_long_form                        0  <=         1.0  PASS
Mean KL english_reference                              0  <=        0.02  PASS
99.9th pct KL english_reference                        0  <=         1.0  PASS
Mean KL ninfer_code                                    0  <=        0.02  PASS
99.9th pct KL ninfer_code                              0  <=         1.0  PASS
Score-record repeatability                          True  ==        True  PASS
Full-logit determinism                              True  ==        True  PASS
verdict: PASS
