2026-09-30T00:58:39-04:00
Linux carrack 7.2.6-1-cachyos #1 SMP PREEMPT_DYNAMIC Thu, 17 Sep 2026 10:26:35 +0000 x86_64 GNU/Linux
uuid, name, driver_version, compute_cap, memory.total [MiB]
GPU-80ded6bd-1a89-2628-3d94-902187dbab1d, NVIDIA GeForce RTX 5090, 615.71.09, 12.0, 32607 MiB
Wed Sep 30 00:58:39 2026       
+-----------------------------------------------------------------------------------------+
| NVIDIA-SMI 615.71.09              KMD Version: 615.71.09     CUDA UMD Version: 13.4     |
+-----------------------------------------+------------------------+----------------------+
| GPU  Name                 Persistence-M | Bus-Id          Disp.A | Volatile Uncorr. ECC |
| Fan  Temp   Perf          Pwr:Usage/Cap |           Memory-Usage | GPU-Util  Compute M. |
|                                         |                        |               MIG M. |
|=========================================+========================+======================|
|   0  NVIDIA GeForce RTX 5090        On  |   00000000:01:00.0 Off |                  N/A |
|  0%   29C    P8              5W /  600W |   30726MiB /  32607MiB |      0%      Default |
|                                         |                        |                  N/A |
+-----------------------------------------+------------------------+----------------------+

+-----------------------------------------------------------------------------------------+
| Processes:                                                                              |
|  GPU   GI   CI              PID   Type   Process name                        GPU Memory |
|        ID   ID                                                               Usage      |
|=========================================================================================|
|    0   N/A  N/A            2115      G   /usr/lib/Xorg                           215MiB |
|    0   N/A  N/A            2135      G   /usr/bin/sddm-greeter-qt6               142MiB |
|    0   N/A  N/A         1254235      C   ...infer/build/apps/ninfer-serve      29768MiB |
|    0   N/A  N/A         1254237      C   ...rker/ComfyUI/.venv/bin/python        498MiB |
+-----------------------------------------------------------------------------------------+
nvcc: NVIDIA (R) Cuda compiler driver
Copyright (c) 2005-2026 NVIDIA Corporation
Built on Tue_Sep_01_08:45:21_PDT_2026
Cuda compilation tools, release 13.4, V13.4.92
Build cuda_13.4.r13.4/compiler.38855100_0
ptxas: NVIDIA (R) Ptx optimizing assembler
Copyright (c) 2005-2026 NVIDIA Corporation
Built on Tue_Sep_01_08:45:21_PDT_2026
Cuda compilation tools, release 13.4, V13.4.92
Build cuda_13.4.r13.4/compiler.38855100_0
rustc 1.98.1 (48a229cea 2026-09-01) (Arch Linux rust 1:1.98.1-1.1)
binary: rustc
commit-hash: 48a229ceaefd4985c50990b14116b6d856af0985
commit-date: 2026-09-01
host: x86_64-unknown-linux-gnu
release: 1.98.1
LLVM version: 22.1.8
NVIDIA (R) Compute Sanitizer
Copyright (c) 2020-2026 NVIDIA Corporation
Version 2026.3.0.0 (build 38855100) (public-release)
systemd 261 (261.3-1-arch)
+PAM +AUDIT -SELINUX +APPARMOR -IMA +IPE +SMACK +SECCOMP +GCRYPT +GNUTLS +OPENSSL +ACL +BLKID +CURL +ELFUTILS +FIDO2 +IDN2 +KMOD +LIBCRYPTSETUP +LIBCRYPTSETUP_PLUGINS +LIBFDISK +PCRE2 +PWQUALITY +P11KIT +QRENCODE +TPM2 +BZIP2 +LZ4 +XZ +ZLIB +ZSTD +BPF_FRAMEWORK +BTF +XKBCOMMON +UTMP +LIBARCHIVE
jq-1.8.2
timeout (GNU coreutils) 9.11
Copyright (C) 2026 Free Software Foundation, Inc.
License GPLv3+: GNU GPL version 3 or later <https://gnu.org/licenses/gpl.html>.
This is free software: you are free to change and redistribute it.
There is NO WARRANTY, to the extent permitted by law.

Written by Pádraig Brady.
